LCD_BLINK_ON                    = $0001 ; const, local, , beanboard, , ../lib/beanboard.map:17
LCD_CLEAR_DISPLAY               = $0001 ; const, local, , beanboard, , ../lib/beanboard.map:18
LCD_CURSOR_ON                   = $0002 ; const, local, , beanboard, , ../lib/beanboard.map:22
LCD_DATA_LEN_8                  = $0010 ; const, local, , beanboard, , ../lib/beanboard.map:24
LCD_DISPLAY_ON                  = $0004 ; const, local, , beanboard, , ../lib/beanboard.map:25
LCD_DISPLAY_ON_OFF_CONTROL      = $0008 ; const, local, , beanboard, , ../lib/beanboard.map:26
LCD_DISP_LINES_2                = $0008 ; const, local, , beanboard, , ../lib/beanboard.map:27
LCD_FONT_8                      = $0000 ; const, local, , beanboard, , ../lib/beanboard.map:32
LCD_FUNCTION_SET                = $0020 ; const, local, , beanboard, , ../lib/beanboard.map:33
ORGDEF                          = $8000 ; const, local, , beanboard, , beanboard.asm:0
START                           = $00AF ; const, local, , beanboard, , ../lib/beanboard.map:59
__head                          = $8000 ; const, public, def, , ,
__size                          = $0047 ; const, public, def, , ,
__tail                          = $8047 ; const, public, def, , ,
_loop                           = $8017 ; addr, local, , beanboard, , main.asm:11
end                             = $8022 ; addr, local, , beanboard, , main.asm:23
getchar                         = $000C ; const, local, , beanboard, , ../lib/beanboard.map:127
lcd_init                        = $0204 ; const, local, , beanboard, , ../lib/beanboard.map:132
lcd_putchar                     = $0231 ; const, local, , beanboard, , ../lib/beanboard.map:133
lcd_putcmd                      = $021B ; const, local, , beanboard, , ../lib/beanboard.map:134
message                         = $802B ; addr, local, , beanboard, , main.asm:29
start                           = $8000 ; addr, local, , beanboard, , main.asm:1
