LCD_BLINK_ON                    = $0001 ; const, local, , helloworld, , ../lib/marvin.inc:15
LCD_CLEAR_DISPLAY               = $0001 ; const, local, , helloworld, , ../lib/marvin.inc:16
LCD_CURSOR_ON                   = $0002 ; const, local, , helloworld, , ../lib/marvin.inc:20
LCD_DATA_LEN_8                  = $0010 ; const, local, , helloworld, , ../lib/marvin.inc:22
LCD_DISPLAY_ON                  = $0004 ; const, local, , helloworld, , ../lib/marvin.inc:23
LCD_DISPLAY_ON_OFF_CONTROL      = $0008 ; const, local, , helloworld, , ../lib/marvin.inc:24
LCD_DISP_LINES_2                = $0008 ; const, local, , helloworld, , ../lib/marvin.inc:25
LCD_FONT_8                      = $0000 ; const, local, , helloworld, , ../lib/marvin.inc:30
LCD_FUNCTION_SET                = $0020 ; const, local, , helloworld, , ../lib/marvin.inc:31
RAMSTART                        = $8000 ; const, local, , helloworld, , ../lib/marvin.inc:54
START                           = $00F0 ; const, local, , helloworld, , ../lib/marvin.inc:57
__head                          = $8000 ; const, public, def, , ,
__size                          = $0047 ; const, public, def, , ,
__tail                          = $8047 ; const, public, def, , ,
_loop                           = $8017 ; addr, local, , helloworld, , helloworld.asm:17
end                             = $8022 ; addr, local, , helloworld, , helloworld.asm:29
getchar                         = $0010 ; const, local, , helloworld, , ../lib/marvin.inc:64
lcd_init                        = $0280 ; const, local, , helloworld, , ../lib/marvin.inc:69
lcd_putchar                     = $02C0 ; const, local, , helloworld, , ../lib/marvin.inc:70
lcd_putcmd                      = $02A0 ; const, local, , helloworld, , ../lib/marvin.inc:71
message                         = $802B ; addr, local, , helloworld, , helloworld.asm:35
start                           = $8000 ; addr, local, , helloworld, , helloworld.asm:7
