INSTRUCTIONS_MSG                = $805F ; addr, local, , lcdcursor, , lcdcursor.asm:80
LCD_BLINK_ON                    = $0001 ; const, local, , lcdcursor, , ../lib/marvin.inc:15
LCD_CLEAR_DISPLAY               = $0001 ; const, local, , lcdcursor, , ../lib/marvin.inc:16
LCD_CURSOR_ON                   = $0002 ; const, local, , lcdcursor, , ../lib/marvin.inc:20
LCD_DATA_LEN_8                  = $0010 ; const, local, , lcdcursor, , ../lib/marvin.inc:22
LCD_DISPLAY_ON                  = $0004 ; const, local, , lcdcursor, , ../lib/marvin.inc:23
LCD_DISPLAY_ON_OFF_CONTROL      = $0008 ; const, local, , lcdcursor, , ../lib/marvin.inc:24
LCD_DISP_LINES_2                = $0008 ; const, local, , lcdcursor, , ../lib/marvin.inc:25
LCD_FONT_8                      = $0000 ; const, local, , lcdcursor, , ../lib/marvin.inc:30
LCD_FUNCTION_SET                = $0020 ; const, local, , lcdcursor, , ../lib/marvin.inc:31
LCD_LINE_0_ADDR                 = $0000 ; const, local, , lcdcursor, , ../lib/marvin.inc:32
LCD_LINE_1_ADDR                 = $0040 ; const, local, , lcdcursor, , ../lib/marvin.inc:33
LCD_LINE_2_ADDR                 = $0014 ; const, local, , lcdcursor, , ../lib/marvin.inc:34
LCD_LINE_3_ADDR                 = $0054 ; const, local, , lcdcursor, , ../lib/marvin.inc:35
LCD_SET_DDRAM_ADDR              = $0080 ; const, local, , lcdcursor, , ../lib/marvin.inc:38
MESSAGE                         = $8051 ; addr, local, , lcdcursor, , lcdcursor.asm:77
RAMSTART                        = $8000 ; const, local, , lcdcursor, , ../lib/marvin.inc:54
START                           = $00F0 ; const, local, , lcdcursor, , ../lib/marvin.inc:57
__head                          = $8000 ; const, public, def, , ,
__size                          = $0075 ; const, public, def, , ,
__tail                          = $8075 ; const, public, def, , ,
getchar                         = $0010 ; const, local, , lcdcursor, , ../lib/marvin.inc:64
lcd_putchar                     = $02C0 ; const, local, , lcdcursor, , ../lib/marvin.inc:70
lcd_putcmd                      = $02A0 ; const, local, , lcdcursor, , ../lib/marvin.inc:71
lcd_puts                        = $0390 ; const, local, , lcdcursor, , ../lib/marvin.inc:73
puts                            = $0060 ; const, local, , lcdcursor, , ../lib/marvin.inc:78
start                           = $8000 ; addr, local, , lcdcursor, , lcdcursor.asm:13
