INSTRUCTIONS_MSG                = $805F ; addr, local, , beanboard, , main.asm:51
LCD_BLINK_ON                    = $0001 ; const, local, , beanboard, , ../lib/beanboard.map:17
LCD_CLEAR_DISPLAY               = $0001 ; const, local, , beanboard, , ../lib/beanboard.map:18
LCD_CURSOR_ON                   = $0002 ; const, local, , beanboard, , ../lib/beanboard.map:22
LCD_DATA_LEN_8                  = $0010 ; const, local, , beanboard, , ../lib/beanboard.map:24
LCD_DISPLAY_ON                  = $0004 ; const, local, , beanboard, , ../lib/beanboard.map:25
LCD_DISPLAY_ON_OFF_CONTROL      = $0008 ; const, local, , beanboard, , ../lib/beanboard.map:26
LCD_DISP_LINES_2                = $0008 ; const, local, , beanboard, , ../lib/beanboard.map:27
LCD_FONT_8                      = $0000 ; const, local, , beanboard, , ../lib/beanboard.map:32
LCD_FUNCTION_SET                = $0020 ; const, local, , beanboard, , ../lib/beanboard.map:33
LCD_LINE_0_ADDR                 = $0000 ; const, local, , beanboard, , ../lib/beanboard.map:34
LCD_LINE_1_ADDR                 = $0040 ; const, local, , beanboard, , ../lib/beanboard.map:35
LCD_LINE_2_ADDR                 = $0014 ; const, local, , beanboard, , ../lib/beanboard.map:36
LCD_LINE_3_ADDR                 = $0054 ; const, local, , beanboard, , ../lib/beanboard.map:37
LCD_SET_DDRAM_ADDR              = $0080 ; const, local, , beanboard, , ../lib/beanboard.map:40
MESSAGE                         = $8051 ; addr, local, , beanboard, , main.asm:48
ORGDEF                          = $8000 ; const, local, , beanboard, , beanboard.asm:0
WARMSTART                       = $0010 ; const, local, , beanboard, , ../lib/beanboard.map:63
__head                          = $8000 ; const, public, def, , ,
__size                          = $0075 ; const, public, def, , ,
__tail                          = $8075 ; const, public, def, , ,
getchar                         = $0013 ; const, local, , beanboard, , ../lib/beanboard.map:130
lcd_putchar                     = $0238 ; const, local, , beanboard, , ../lib/beanboard.map:137
lcd_putcmd                      = $0222 ; const, local, , beanboard, , ../lib/beanboard.map:138
lcd_puts                        = $02E6 ; const, local, , beanboard, , ../lib/beanboard.map:139
puts                            = $0055 ; const, local, , beanboard, , ../lib/beanboard.map:144
start                           = $8000 ; addr, local, , beanboard, , main.asm:1
