GPIO_IN                         = $0007 ; const, local, , beanboard, , ../../lib/extra.map:2
GPIO_OUT                        = $0006 ; const, local, , beanboard, , ../../lib/extra.map:1
ORGDEF                          = $8000 ; const, local, , beanboard, , beanboard.asm:0
WARMSTART                       = $0010 ; const, local, , beanboard, , ../../lib/beanboard.map:59
__head                          = $8000 ; const, public, def, , ,
__size                          = $004F ; const, public, def, , ,
__tail                          = $804F ; const, public, def, , ,
end                             = $801A ; addr, local, , beanboard, , main.asm:20
getchar                         = $0023 ; const, local, , beanboard, , ../../lib/beanboard.map:123
loop                            = $8006 ; addr, local, , beanboard, , main.asm:4
putchar                         = $0045 ; const, local, , beanboard, , ../../lib/beanboard.map:135
puts                            = $0065 ; const, local, , beanboard, , ../../lib/beanboard.map:137
start                           = $8000 ; addr, local, , beanboard, , main.asm:1
start_message                   = $8022 ; addr, local, , beanboard, , main.asm:28
