CLIB_32BIT_FLOATS               = $0000 ; const, public, , z80_crt0, , /Users/painfuldiodes/z88dk/lib/config/../..//lib/crt/classic/crt_rules.inc:219
CLIB_64BIT_FLOATS               = $0000 ; const, public, , z80_crt0, , /Users/painfuldiodes/z88dk/lib/config/../..//lib/crt/classic/crt_rules.inc:223
CLIB_BANKING_STACK_SIZE         = $0064 ; const, public, , z80_crt0, , /Users/painfuldiodes/z88dk/lib/config/../..//lib/crt/classic/crt_rules.inc:123
CLIB_DEFAULT_SCREEN_MODE        = $FFFFFFFFFFFFFFFF ; const, public, , z80_crt0, , /Users/painfuldiodes/z88dk/lib/config/../..//lib/crt/classic/crt_rules.inc:231
CLIB_EXIT_SCREEN_MODE           = $FFFFFFFFFFFFFFFF ; const, public, , z80_crt0, , /Users/painfuldiodes/z88dk/lib/config/../..//lib/crt/classic/crt_rules.inc:236
CLIB_FIRMWARE_KEYBOARD_CLICK    = $FFFFFFFFFFFFFFFF ; const, local, , z80_crt0, , /Users/painfuldiodes/z88dk/lib/config/../..//lib/crt/classic/crt_rules.inc:298
CLIB_FONT_HEIGHT                = $0008 ; const, local, , z80_crt0, , /Users/painfuldiodes/z88dk/lib/config/../..//lib/crt/classic/crt_rules.inc:291
CLIB_FOPEN_MAX                  = $000A ; const, local, , z80_crt0, , /Users/painfuldiodes/z88dk/lib/config/../..//lib/crt/classic/crt_rules.inc:242
CLIB_GFX_FATPIX                 = $0000 ; const, public, , z80_crt0, , /Users/painfuldiodes/z88dk/lib/config/../..//lib/crt/classic/crt_rules.inc:312
CLIB_KBHIT_NOSTORE              = $0000 ; const, public, , z80_crt0, , /Users/painfuldiodes/z88dk/lib/config/../..//lib/crt/classic/crt_runtime_selection.inc:593
CLIB_OPEN_MAX                   = $000A ; const, local, , z80_crt0, , /Users/painfuldiodes/z88dk/lib/config/../..//lib/crt/classic/crt_rules.inc:253
CLIB_OPT_PRINTF                 = $FFFFFFFF801BF7BF ; const, local, , z80_crt0, , /Users/painfuldiodes/z88dk/lib/config/../..//lib/crt/classic/crt_runtime_selection.inc:176
CLIB_RND_BLOCKSIZE              = $03E8 ; const, local, , z80_crt0, , /Users/painfuldiodes/z88dk/lib/config/../..//lib/crt/classic/crt_rules.inc:284
CONSOLE_XOFFSET                 = $0000 ; const, public, , z80_crt0, , /Users/painfuldiodes/z88dk/lib/config/../..//lib/crt/classic/crt_runtime_selection.inc:584
CONSOLE_YOFFSET                 = $0000 ; const, public, , z80_crt0, , /Users/painfuldiodes/z88dk/lib/config/../..//lib/crt/classic/crt_runtime_selection.inc:588
CRT_ENABLE_STDIO                = $0001 ; const, local, , z80_crt0, , /Users/painfuldiodes/z88dk/lib/config/../..//lib/crt/classic/crt_rules.inc:103
CRT_INITIALIZE_BSS              = $0001 ; const, local, , z80_crt0, , /Users/painfuldiodes/z88dk/lib/config/../..//lib/crt/classic/crt_rules.inc:7
CRT_ON_EXIT                     = $0010 ; const, local, , z80_crt0, , /tmp/tmpzcc8O2lWOax/zcc_opt.def:12
CRT_ORG_CODE                    = $8000 ; const, local, , z80_crt0, , /tmp/tmpzcc8O2lWOax/zcc_opt.def:4
DEFINED_CRT_ON_EXIT             = $0001 ; const, local, , z80_crt0, , /tmp/tmpzcc8O2lWOax/zcc_opt.def:11
DEFINED_CRT_ORG_CODE            = $0001 ; const, local, , z80_crt0, , /tmp/tmpzcc8O2lWOax/zcc_opt.def:3
DEFINED_fputc_cons              = $0001 ; const, local, , z80_crt0, , /Users/painfuldiodes/z88dk/lib/config/../..//lib/crt/classic/crt_runtime_selection.inc:527
DEF__clib_banking_stack_size    = $0064 ; const, local, , z80_crt0, , /Users/painfuldiodes/z88dk/lib/config/../..//lib/crt/classic/crt_defaults.inc:22
DEF__clib_gfx_fatpix            = $0000 ; const, local, , z80_crt0, , /Users/painfuldiodes/z88dk/lib/config/../..//lib/crt/classic/crt_defaults.inc:24
DEF__clib_malloc_heap_size      = $FFFFFFFFFFFFFFFF ; const, local, , z80_crt0, , /Users/painfuldiodes/z88dk/lib/config/../..//lib/crt/classic/crt_defaults.inc:16
DEF__crt_enable_eidi            = $0000 ; const, local, , z80_crt0, , /Users/painfuldiodes/z88dk/lib/config/../..//lib/crt/classic/crt_defaults.inc:9
DEF__crt_enable_restart         = $0000 ; const, local, , z80_crt0, , /Users/painfuldiodes/z88dk/lib/config/../..//lib/crt/classic/crt_defaults.inc:7
DEF__crt_enable_rst             = $0000 ; const, local, , z80_crt0, , /Users/painfuldiodes/z88dk/lib/config/../..//lib/crt/classic/crt_defaults.inc:12
DEF__crt_interrupt_mode         = $FFFFFFFFFFFFFFFF ; const, local, , z80_crt0, , /Users/painfuldiodes/z88dk/lib/config/../..//lib/crt/classic/crt_defaults.inc:10
DEF__crt_interrupt_mode_exit    = $FFFFFFFFFFFFFFFF ; const, local, , z80_crt0, , /Users/painfuldiodes/z88dk/lib/config/../..//lib/crt/classic/crt_defaults.inc:11
DEF__crt_stack_size             = $FFFFFFFFFFFFFFFF ; const, local, , z80_crt0, , /Users/painfuldiodes/z88dk/lib/config/../..//lib/crt/classic/crt_defaults.inc:15
GPIO_IN                         = $0007 ; const, local, , beanboard_asm, , /Users/painfuldiodes/Documents/GitHub/PainfulDiodes/BeanZeeBytes/c_examples/compiler_test/../lib/extra.map:2
GPIO_OUT                        = $0006 ; const, local, , beanboard_asm, , /Users/painfuldiodes/Documents/GitHub/PainfulDiodes/BeanZeeBytes/c_examples/compiler_test/../lib/extra.map:1
KEYSCAN_IN                      = $0003 ; const, local, , beanboard_asm, , /Users/painfuldiodes/Documents/GitHub/PainfulDiodes/BeanZeeBytes/c_examples/compiler_test/../lib/beanboard.map:14
KEYSCAN_OUT                     = $0002 ; const, local, , beanboard_asm, , /Users/painfuldiodes/Documents/GitHub/PainfulDiodes/BeanZeeBytes/c_examples/compiler_test/../lib/beanboard.map:15
TAR__clib_exit_stack_size       = $0020 ; const, local, , z80_crt0, , /Users/painfuldiodes/z88dk/lib/config/../..//lib/target/z80/classic/z80_crt0.asm:41
TAR__crt_enable_nmi             = $0000 ; const, local, , z80_crt0, , /Users/painfuldiodes/z88dk/lib/config/../..//lib/crt/classic/crt_rules.inc:38
TAR__crt_enable_rst             = $0000 ; const, local, , z80_crt0, , /Users/painfuldiodes/z88dk/lib/config/../..//lib/crt/classic/crt_rules.inc:25
TAR__crt_on_exit                = $10001 ; const, local, , z80_crt0, , /Users/painfuldiodes/z88dk/lib/config/../..//lib/target/z80/classic/z80_crt0.asm:43
TAR__register_sp                = $FFFFFFFFFFFFFFFF ; const, local, , z80_crt0, , /Users/painfuldiodes/z88dk/lib/config/../..//lib/target/z80/classic/z80_crt0.asm:39
__BSS_END_head                  = $8282 ; const, public, def, , ,
__BSS_END_size                  = $0000 ; const, public, def, , ,
__BSS_END_tail                  = $8282 ; const, public, def, , ,
__BSS_head                      = $820D ; const, public, def, , ,
__BSS_size                      = $0000 ; const, public, def, , ,
__BSS_tail                      = $820D ; const, public, def, , ,
__CLIB_CONIO_NATIVE_COLOUR      = $0000 ; const, public, , z80_crt0, , /Users/painfuldiodes/z88dk/lib/config/../..//lib/crt/classic/crt_rules.inc:172
__CLIB_DISABLE_FGETS_CURSOR     = $0000 ; const, public, , z80_crt0, , /Users/painfuldiodes/z88dk/lib/config/../..//lib/crt/classic/crt_rules.inc:181
__CLIB_FGETC_CONS_DELAY         = $0032 ; const, public, , z80_crt0, , /Users/painfuldiodes/z88dk/lib/config/../..//lib/crt/classic/crt_rules.inc:190
__CLIB_FIRMWARE_KEYBOARD_CLICK  = $FFFFFFFFFFFFFFFF ; const, public, , z80_crt0, , /Users/painfuldiodes/z88dk/lib/config/../..//lib/crt/classic/crt_rules.inc:301
__CLIB_FONT_HEIGHT              = $0008 ; const, public, , z80_crt0, , /Users/painfuldiodes/z88dk/lib/config/../..//lib/crt/classic/crt_rules.inc:294
__CLIB_KBHIT_DELAY              = $0000 ; const, public, , z80_crt0, , /Users/painfuldiodes/z88dk/lib/config/../..//lib/crt/classic/crt_rules.inc:199
__CLIB_OPEN_MAX                 = $000A ; const, public, , z80_crt0, , /Users/painfuldiodes/z88dk/lib/config/../..//lib/crt/classic/crt_rules.inc:257
__CODE_END_head                 = $8202 ; const, public, def, , ,
__CODE_END_size                 = $0000 ; const, public, def, , ,
__CODE_END_tail                 = $8202 ; const, public, def, , ,
__CODE_head                     = $8066 ; const, public, def, , ,
__CODE_size                     = $0000 ; const, public, def, , ,
__CODE_tail                     = $8066 ; const, public, def, , ,
__CPU_CLOCK                     = $3D0900 ; const, public, , z80_crt0, , /Users/painfuldiodes/z88dk/lib/config/../..//lib/target/z80/classic/z80_crt0.asm:45
__CRT_KEY_CAPS_LOCK             = $0006 ; const, public, , z80_crt0, , /Users/painfuldiodes/z88dk/lib/config/../..//lib/crt/classic/crt_rules.inc:160
__CRT_KEY_DEL                   = $0008 ; const, public, , z80_crt0, , /Users/painfuldiodes/z88dk/lib/config/../..//lib/crt/classic/crt_rules.inc:153
__DATA_END_head                 = $8282 ; const, public, def, , ,
__DATA_END_size                 = $0000 ; const, public, def, , ,
__DATA_END_tail                 = $8282 ; const, public, def, , ,
__DATA_head                     = $8276 ; const, public, def, , ,
__DATA_size                     = $0001 ; const, public, def, , ,
__DATA_tail                     = $8277 ; const, public, def, , ,
__Exit                          = $800E ; addr, public, , z80_crt0, , /Users/painfuldiodes/z88dk/lib/config/../..//lib/target/z80/classic/z80_crt0.asm:75
__FOPEN_MAX                     = $000A ; const, public, , z80_crt0, , /Users/painfuldiodes/z88dk/lib/config/../..//lib/crt/classic/crt_rules.inc:245
__MMAP                          = $0000 ; const, local, , z80_crt0, , /Users/painfuldiodes/z88dk/lib/config/../..//lib/crt/classic/crt_rules.inc:322
__RND_BLOCKSIZE                 = $03E8 ; const, public, , z80_crt0, , /Users/painfuldiodes/z88dk/lib/config/../..//lib/crt/classic/crt_rules.inc:287
__RODATA_END_head               = $820D ; const, public, def, , ,
__RODATA_END_size               = $0000 ; const, public, def, , ,
__RODATA_END_tail               = $820D ; const, public, def, , ,
__RODATA_head                   = $8202 ; const, public, def, , ,
__RODATA_size                   = $0000 ; const, public, def, , ,
__RODATA_tail                   = $8202 ; const, public, def, , ,
__ROMABLE_END_head              = $820D ; const, public, def, , ,
__ROMABLE_END_size              = $0000 ; const, public, def, , ,
__ROMABLE_END_tail              = $820D ; const, public, def, , ,
___fchkstd                      = $81EA ; addr, public, , stdio_fchkstd_c, code_compiler, stdio/fchkstd.c::fchkstd::0::0:22
___fgetc                        = $814F ; addr, public, , stdio_fgetc_c, code_compiler, stdio/fgetc.c::fgetc::0::0:20
__bss_PSGlib_head               = $8276 ; const, public, def, , ,
__bss_PSGlib_size               = $0000 ; const, public, def, , ,
__bss_PSGlib_tail               = $8276 ; const, public, def, , ,
__bss_alloc_balloc_head         = $8276 ; const, public, def, , ,
__bss_alloc_balloc_size         = $0000 ; const, public, def, , ,
__bss_alloc_balloc_tail         = $8276 ; const, public, def, , ,
__bss_arch_head                 = $8273 ; const, public, def, , ,
__bss_arch_size                 = $0000 ; const, public, def, , ,
__bss_arch_tail                 = $8273 ; const, public, def, , ,
__bss_clib_head                 = $8273 ; const, public, def, , ,
__bss_clib_size                 = $0003 ; const, public, def, , ,
__bss_clib_tail                 = $8276 ; const, public, def, , ,
__bss_compiler_head             = $8273 ; const, public, def, , ,
__bss_compiler_size             = $0000 ; const, public, def, , ,
__bss_compiler_tail             = $8273 ; const, public, def, , ,
__bss_compress_aplib_head       = $820D ; const, public, def, , ,
__bss_compress_aplib_size       = $0000 ; const, public, def, , ,
__bss_compress_aplib_tail       = $820D ; const, public, def, , ,
__bss_crt_head                  = $820D ; const, public, def, , ,
__bss_crt_size                  = $0066 ; const, public, def, , ,
__bss_crt_tail                  = $8273 ; const, public, def, , ,
__bss_driver_head               = $8273 ; const, public, def, , ,
__bss_driver_size               = $0000 ; const, public, def, , ,
__bss_driver_tail               = $8273 ; const, public, def, , ,
__bss_error_head                = $820D ; const, public, def, , ,
__bss_error_size                = $0000 ; const, public, def, , ,
__bss_error_tail                = $820D ; const, public, def, , ,
__bss_far_head                  = $8273 ; const, public, def, , ,
__bss_far_size                  = $0000 ; const, public, def, , ,
__bss_far_tail                  = $8273 ; const, public, def, , ,
__bss_fardata_head              = $8273 ; const, public, def, , ,
__bss_fardata_size              = $0000 ; const, public, def, , ,
__bss_fardata_tail              = $8273 ; const, public, def, , ,
__bss_fp_am9511_head            = $820D ; const, public, def, , ,
__bss_fp_am9511_size            = $0000 ; const, public, def, , ,
__bss_fp_am9511_tail            = $820D ; const, public, def, , ,
__bss_fp_dai32_head             = $820D ; const, public, def, , ,
__bss_fp_dai32_size             = $0000 ; const, public, def, , ,
__bss_fp_dai32_tail             = $820D ; const, public, def, , ,
__bss_fp_head                   = $820D ; const, public, def, , ,
__bss_fp_math16_head            = $820D ; const, public, def, , ,
__bss_fp_math16_size            = $0000 ; const, public, def, , ,
__bss_fp_math16_tail            = $820D ; const, public, def, , ,
__bss_fp_math32_head            = $820D ; const, public, def, , ,
__bss_fp_math32_size            = $0000 ; const, public, def, , ,
__bss_fp_math32_tail            = $820D ; const, public, def, , ,
__bss_fp_mbf32_head             = $820D ; const, public, def, , ,
__bss_fp_mbf32_size             = $0000 ; const, public, def, , ,
__bss_fp_mbf32_tail             = $820D ; const, public, def, , ,
__bss_fp_mbf64_head             = $820D ; const, public, def, , ,
__bss_fp_mbf64_size             = $0000 ; const, public, def, , ,
__bss_fp_mbf64_tail             = $820D ; const, public, def, , ,
__bss_fp_size                   = $0000 ; const, public, def, , ,
__bss_fp_tail                   = $820D ; const, public, def, , ,
__bss_graphics_head             = $8276 ; const, public, def, , ,
__bss_graphics_size             = $0000 ; const, public, def, , ,
__bss_graphics_tail             = $8276 ; const, public, def, , ,
__bss_psg_head                  = $8276 ; const, public, def, , ,
__bss_psg_size                  = $0000 ; const, public, def, , ,
__bss_psg_tail                  = $8276 ; const, public, def, , ,
__bss_sound_ay_head             = $8276 ; const, public, def, , ,
__bss_sound_ay_size             = $0000 ; const, public, def, , ,
__bss_sound_ay_tail             = $8276 ; const, public, def, , ,
__bss_splib2_head               = $8276 ; const, public, def, , ,
__bss_splib2_size               = $0000 ; const, public, def, , ,
__bss_splib2_tail               = $8276 ; const, public, def, , ,
__bss_string_head               = $8276 ; const, public, def, , ,
__bss_string_size               = $0000 ; const, public, def, , ,
__bss_string_tail               = $8276 ; const, public, def, , ,
__bss_user_head                 = $8276 ; const, public, def, , ,
__bss_user_size                 = $0000 ; const, public, def, , ,
__bss_user_tail                 = $8276 ; const, public, def, , ,
__bss_video_vdp_head            = $8276 ; const, public, def, , ,
__bss_video_vdp_size            = $0000 ; const, public, def, , ,
__bss_video_vdp_tail            = $8276 ; const, public, def, , ,
__clib_exit_stack_size          = $0020 ; const, public, , z80_crt0, , /Users/painfuldiodes/z88dk/lib/config/../..//lib/crt/classic/crt_rules.inc:110
__clib_malloc_heap_size         = $FFFFFFFFFFFFFFFF ; const, local, , z80_crt0, , /Users/painfuldiodes/z88dk/lib/config/../..//lib/crt/classic/crt_rules.inc:144
__code_PSGlib_head              = $8202 ; const, public, def, , ,
__code_PSGlib_size              = $0000 ; const, public, def, , ,
__code_PSGlib_tail              = $8202 ; const, public, def, , ,
__code_adt_b_array_head         = $8202 ; const, public, def, , ,
__code_adt_b_array_size         = $0000 ; const, public, def, , ,
__code_adt_b_array_tail         = $8202 ; const, public, def, , ,
__code_adt_b_vector_head        = $8202 ; const, public, def, , ,
__code_adt_b_vector_size        = $0000 ; const, public, def, , ,
__code_adt_b_vector_tail        = $8202 ; const, public, def, , ,
__code_adt_ba_priority_queue_head = $8202 ; const, public, def, , ,
__code_adt_ba_priority_queue_size = $0000 ; const, public, def, , ,
__code_adt_ba_priority_queue_tail = $8202 ; const, public, def, , ,
__code_adt_ba_stack_head        = $8202 ; const, public, def, , ,
__code_adt_ba_stack_size        = $0000 ; const, public, def, , ,
__code_adt_ba_stack_tail        = $8202 ; const, public, def, , ,
__code_adt_bv_priority_queue_head = $8202 ; const, public, def, , ,
__code_adt_bv_priority_queue_size = $0000 ; const, public, def, , ,
__code_adt_bv_priority_queue_tail = $8202 ; const, public, def, , ,
__code_adt_bv_stack_head        = $8202 ; const, public, def, , ,
__code_adt_bv_stack_size        = $0000 ; const, public, def, , ,
__code_adt_bv_stack_tail        = $8202 ; const, public, def, , ,
__code_adt_p_forward_list_alt_head = $8202 ; const, public, def, , ,
__code_adt_p_forward_list_alt_size = $0000 ; const, public, def, , ,
__code_adt_p_forward_list_alt_tail = $8202 ; const, public, def, , ,
__code_adt_p_forward_list_head  = $8202 ; const, public, def, , ,
__code_adt_p_forward_list_size  = $0000 ; const, public, def, , ,
__code_adt_p_forward_list_tail  = $8202 ; const, public, def, , ,
__code_adt_p_list_head          = $8202 ; const, public, def, , ,
__code_adt_p_list_size          = $0000 ; const, public, def, , ,
__code_adt_p_list_tail          = $8202 ; const, public, def, , ,
__code_adt_p_queue_head         = $8202 ; const, public, def, , ,
__code_adt_p_queue_size         = $0000 ; const, public, def, , ,
__code_adt_p_queue_tail         = $8202 ; const, public, def, , ,
__code_adt_p_stack_head         = $8202 ; const, public, def, , ,
__code_adt_p_stack_size         = $0000 ; const, public, def, , ,
__code_adt_p_stack_tail         = $8202 ; const, public, def, , ,
__code_adt_w_array_head         = $8202 ; const, public, def, , ,
__code_adt_w_array_size         = $0000 ; const, public, def, , ,
__code_adt_w_array_tail         = $8202 ; const, public, def, , ,
__code_adt_w_vector_head        = $8202 ; const, public, def, , ,
__code_adt_w_vector_size        = $0000 ; const, public, def, , ,
__code_adt_w_vector_tail        = $8202 ; const, public, def, , ,
__code_adt_wa_priority_queue_head = $8202 ; const, public, def, , ,
__code_adt_wa_priority_queue_size = $0000 ; const, public, def, , ,
__code_adt_wa_priority_queue_tail = $8202 ; const, public, def, , ,
__code_adt_wa_stack_head        = $8202 ; const, public, def, , ,
__code_adt_wa_stack_size        = $0000 ; const, public, def, , ,
__code_adt_wa_stack_tail        = $8202 ; const, public, def, , ,
__code_adt_wv_priority_queue_head = $8202 ; const, public, def, , ,
__code_adt_wv_priority_queue_size = $0000 ; const, public, def, , ,
__code_adt_wv_priority_queue_tail = $8202 ; const, public, def, , ,
__code_adt_wv_stack_head        = $8202 ; const, public, def, , ,
__code_adt_wv_stack_size        = $0000 ; const, public, def, , ,
__code_adt_wv_stack_tail        = $8202 ; const, public, def, , ,
__code_alloc_balloc_head        = $8202 ; const, public, def, , ,
__code_alloc_balloc_size        = $0000 ; const, public, def, , ,
__code_alloc_balloc_tail        = $8202 ; const, public, def, , ,
__code_alloc_obstack_head       = $8202 ; const, public, def, , ,
__code_alloc_obstack_size       = $0000 ; const, public, def, , ,
__code_alloc_obstack_tail       = $8202 ; const, public, def, , ,
__code_arch_head                = $8202 ; const, public, def, , ,
__code_arch_size                = $0000 ; const, public, def, , ,
__code_arch_tail                = $8202 ; const, public, def, , ,
__code_clib_head                = $8201 ; const, public, def, , ,
__code_clib_size                = $0001 ; const, public, def, , ,
__code_clib_tail                = $8202 ; const, public, def, , ,
__code_compiler_head            = $80A2 ; const, public, def, , ,
__code_compiler_size            = $015F ; const, public, def, , ,
__code_compiler_tail            = $8201 ; const, public, def, , ,
__code_compress_aplib_head      = $8202 ; const, public, def, , ,
__code_compress_aplib_size      = $0000 ; const, public, def, , ,
__code_compress_aplib_tail      = $8202 ; const, public, def, , ,
__code_compress_zx0_head        = $8202 ; const, public, def, , ,
__code_compress_zx0_size        = $0000 ; const, public, def, , ,
__code_compress_zx0_tail        = $8202 ; const, public, def, , ,
__code_compress_zx1_head        = $8202 ; const, public, def, , ,
__code_compress_zx1_size        = $0000 ; const, public, def, , ,
__code_compress_zx1_tail        = $8202 ; const, public, def, , ,
__code_compress_zx2_head        = $8202 ; const, public, def, , ,
__code_compress_zx2_size        = $0000 ; const, public, def, , ,
__code_compress_zx2_tail        = $8202 ; const, public, def, , ,
__code_compress_zx7_head        = $8202 ; const, public, def, , ,
__code_compress_zx7_size        = $0000 ; const, public, def, , ,
__code_compress_zx7_tail        = $8202 ; const, public, def, , ,
__code_crt_exit_exit_head       = $808E ; const, public, def, , ,
__code_crt_exit_exit_size       = $0001 ; const, public, def, , ,
__code_crt_exit_exit_tail       = $808F ; const, public, def, , ,
__code_crt_exit_head            = $808E ; const, public, def, , ,
__code_crt_exit_size            = $0000 ; const, public, def, , ,
__code_crt_exit_tail            = $808E ; const, public, def, , ,
__code_crt_init_exit_head       = $808D ; const, public, def, , ,
__code_crt_init_exit_size       = $0001 ; const, public, def, , ,
__code_crt_init_exit_tail       = $808E ; const, public, def, , ,
__code_crt_init_head            = $8066 ; const, public, def, , ,
__code_crt_init_size            = $0027 ; const, public, def, , ,
__code_crt_init_tail            = $808D ; const, public, def, , ,
__code_ctype_head               = $8202 ; const, public, def, , ,
__code_ctype_size               = $0000 ; const, public, def, , ,
__code_ctype_tail               = $8202 ; const, public, def, , ,
__code_driver_head              = $808F ; const, public, def, , ,
__code_driver_size              = $0000 ; const, public, def, , ,
__code_driver_tail              = $808F ; const, public, def, , ,
__code_error_head               = $8202 ; const, public, def, , ,
__code_error_size               = $0000 ; const, public, def, , ,
__code_error_tail               = $8202 ; const, public, def, , ,
__code_esxdos_head              = $8202 ; const, public, def, , ,
__code_esxdos_size              = $0000 ; const, public, def, , ,
__code_esxdos_tail              = $8202 ; const, public, def, , ,
__code_far_head                 = $80A2 ; const, public, def, , ,
__code_far_size                 = $0000 ; const, public, def, , ,
__code_far_tail                 = $80A2 ; const, public, def, , ,
__code_font_fzx_head            = $8202 ; const, public, def, , ,
__code_font_fzx_size            = $0000 ; const, public, def, , ,
__code_font_fzx_tail            = $8202 ; const, public, def, , ,
__code_font_head                = $8202 ; const, public, def, , ,
__code_font_size                = $0000 ; const, public, def, , ,
__code_font_tail                = $8202 ; const, public, def, , ,
__code_fp_am9511_head           = $8202 ; const, public, def, , ,
__code_fp_am9511_size           = $0000 ; const, public, def, , ,
__code_fp_am9511_tail           = $8202 ; const, public, def, , ,
__code_fp_dai32_head            = $8202 ; const, public, def, , ,
__code_fp_dai32_size            = $0000 ; const, public, def, , ,
__code_fp_dai32_tail            = $8202 ; const, public, def, , ,
__code_fp_head                  = $8202 ; const, public, def, , ,
__code_fp_math16_head           = $8202 ; const, public, def, , ,
__code_fp_math16_size           = $0000 ; const, public, def, , ,
__code_fp_math16_tail           = $8202 ; const, public, def, , ,
__code_fp_math32_head           = $8202 ; const, public, def, , ,
__code_fp_math32_size           = $0000 ; const, public, def, , ,
__code_fp_math32_tail           = $8202 ; const, public, def, , ,
__code_fp_math48_head           = $8202 ; const, public, def, , ,
__code_fp_math48_size           = $0000 ; const, public, def, , ,
__code_fp_math48_tail           = $8202 ; const, public, def, , ,
__code_fp_mbf32_head            = $8202 ; const, public, def, , ,
__code_fp_mbf32_size            = $0000 ; const, public, def, , ,
__code_fp_mbf32_tail            = $8202 ; const, public, def, , ,
__code_fp_mbf64_head            = $8202 ; const, public, def, , ,
__code_fp_mbf64_size            = $0000 ; const, public, def, , ,
__code_fp_mbf64_tail            = $8202 ; const, public, def, , ,
__code_fp_size                  = $0000 ; const, public, def, , ,
__code_fp_tail                  = $8202 ; const, public, def, , ,
__code_graphics_head            = $8202 ; const, public, def, , ,
__code_graphics_size            = $0000 ; const, public, def, , ,
__code_graphics_tail            = $8202 ; const, public, def, , ,
__code_home_head                = $80A2 ; const, public, def, , ,
__code_home_size                = $0000 ; const, public, def, , ,
__code_home_tail                = $80A2 ; const, public, def, , ,
__code_l_clang_head             = $80A2 ; const, public, def, , ,
__code_l_clang_size             = $0000 ; const, public, def, , ,
__code_l_clang_tail             = $80A2 ; const, public, def, , ,
__code_l_head                   = $808F ; const, public, def, , ,
__code_l_sccz80_far_head        = $80A2 ; const, public, def, , ,
__code_l_sccz80_far_size        = $0000 ; const, public, def, , ,
__code_l_sccz80_far_tail        = $80A2 ; const, public, def, , ,
__code_l_sccz80_head            = $808F ; const, public, def, , ,
__code_l_sccz80_size            = $0013 ; const, public, def, , ,
__code_l_sccz80_tail            = $80A2 ; const, public, def, , ,
__code_l_sdcc_head              = $808F ; const, public, def, , ,
__code_l_sdcc_size              = $0000 ; const, public, def, , ,
__code_l_sdcc_tail              = $808F ; const, public, def, , ,
__code_l_size                   = $0000 ; const, public, def, , ,
__code_l_tail                   = $808F ; const, public, def, , ,
__code_math_head                = $8202 ; const, public, def, , ,
__code_math_size                = $0000 ; const, public, def, , ,
__code_math_tail                = $8202 ; const, public, def, , ,
__code_psg_head                 = $8202 ; const, public, def, , ,
__code_psg_size                 = $0000 ; const, public, def, , ,
__code_psg_tail                 = $8202 ; const, public, def, , ,
__code_sound_ay_head            = $8202 ; const, public, def, , ,
__code_sound_ay_size            = $0000 ; const, public, def, , ,
__code_sound_ay_tail            = $8202 ; const, public, def, , ,
__code_sound_bit_head           = $8202 ; const, public, def, , ,
__code_sound_bit_size           = $0000 ; const, public, def, , ,
__code_sound_bit_tail           = $8202 ; const, public, def, , ,
__code_splib2_head              = $8202 ; const, public, def, , ,
__code_splib2_size              = $0000 ; const, public, def, , ,
__code_splib2_tail              = $8202 ; const, public, def, , ,
__code_sprite_sp1_head          = $8202 ; const, public, def, , ,
__code_sprite_sp1_size          = $0000 ; const, public, def, , ,
__code_sprite_sp1_tail          = $8202 ; const, public, def, , ,
__code_stdlib_head              = $8202 ; const, public, def, , ,
__code_stdlib_size              = $0000 ; const, public, def, , ,
__code_stdlib_tail              = $8202 ; const, public, def, , ,
__code_string_head              = $8202 ; const, public, def, , ,
__code_string_size              = $0000 ; const, public, def, , ,
__code_string_tail              = $8202 ; const, public, def, , ,
__code_temp_sp1_head            = $8202 ; const, public, def, , ,
__code_temp_sp1_size            = $0000 ; const, public, def, , ,
__code_temp_sp1_tail            = $8202 ; const, public, def, , ,
__code_time_head                = $8202 ; const, public, def, , ,
__code_time_size                = $0000 ; const, public, def, , ,
__code_time_tail                = $8202 ; const, public, def, , ,
__code_user_head                = $8202 ; const, public, def, , ,
__code_user_size                = $0000 ; const, public, def, , ,
__code_user_tail                = $8202 ; const, public, def, , ,
__code_video_vdp_head           = $8202 ; const, public, def, , ,
__code_video_vdp_size           = $0000 ; const, public, def, , ,
__code_video_vdp_tail           = $8202 ; const, public, def, , ,
__code_z80_head                 = $80A2 ; const, public, def, , ,
__code_z80_size                 = $0000 ; const, public, def, , ,
__code_z80_tail                 = $80A2 ; const, public, def, , ,
__crt_enable_eidi               = $0000 ; const, local, , z80_crt0, , /Users/painfuldiodes/z88dk/lib/config/../..//lib/crt/classic/crt_rules.inc:74
__crt_enable_restart            = $0000 ; const, local, , z80_crt0, , /Users/painfuldiodes/z88dk/lib/config/../..//lib/crt/classic/crt_rules.inc:49
__crt_interrupt_mode            = $FFFFFFFFFFFFFFFF ; const, local, , z80_crt0, , /Users/painfuldiodes/z88dk/lib/config/../..//lib/crt/classic/crt_rules.inc:84
__crt_interrupt_mode_exit       = $FFFFFFFFFFFFFFFF ; const, local, , z80_crt0, , /Users/painfuldiodes/z88dk/lib/config/../..//lib/crt/classic/crt_rules.inc:94
__crt_model                     = $0001 ; const, local, , z80_crt0, , /Users/painfuldiodes/z88dk/lib/config/../..//lib/target/z80/classic/z80_crt0.asm:94
__crt_on_exit                   = $0010 ; const, local, , z80_crt0, , /Users/painfuldiodes/z88dk/lib/config/../..//lib/crt/classic/crt_rules.inc:57
__crt_stack_size                = $FFFFFFFFFFFFFFFF ; const, local, , z80_crt0, , /Users/painfuldiodes/z88dk/lib/config/../..//lib/crt/classic/crt_rules.inc:134
__data_PSGlib_head              = $8277 ; const, public, def, , ,
__data_PSGlib_size              = $0000 ; const, public, def, , ,
__data_PSGlib_tail              = $8277 ; const, public, def, , ,
__data_alloc_balloc_head        = $8282 ; const, public, def, , ,
__data_alloc_balloc_size        = $0000 ; const, public, def, , ,
__data_alloc_balloc_tail        = $8282 ; const, public, def, , ,
__data_arch_head                = $8277 ; const, public, def, , ,
__data_arch_size                = $0000 ; const, public, def, , ,
__data_arch_tail                = $8277 ; const, public, def, , ,
__data_clib_head                = $8277 ; const, public, def, , ,
__data_clib_size                = $0000 ; const, public, def, , ,
__data_clib_tail                = $8277 ; const, public, def, , ,
__data_compiler_head            = $8277 ; const, public, def, , ,
__data_compiler_size            = $000B ; const, public, def, , ,
__data_compiler_tail            = $8282 ; const, public, def, , ,
__data_crt_head                 = $8277 ; const, public, def, , ,
__data_crt_size                 = $0000 ; const, public, def, , ,
__data_crt_tail                 = $8277 ; const, public, def, , ,
__data_driver_head              = $8277 ; const, public, def, , ,
__data_driver_size              = $0000 ; const, public, def, , ,
__data_driver_tail              = $8277 ; const, public, def, , ,
__data_far_head                 = $8277 ; const, public, def, , ,
__data_far_size                 = $0000 ; const, public, def, , ,
__data_far_tail                 = $8277 ; const, public, def, , ,
__data_fp_mbf32_head            = $8277 ; const, public, def, , ,
__data_fp_mbf32_size            = $0000 ; const, public, def, , ,
__data_fp_mbf32_tail            = $8277 ; const, public, def, , ,
__data_graphics_head            = $8277 ; const, public, def, , ,
__data_graphics_size            = $0000 ; const, public, def, , ,
__data_graphics_tail            = $8277 ; const, public, def, , ,
__data_psg_head                 = $8277 ; const, public, def, , ,
__data_psg_size                 = $0000 ; const, public, def, , ,
__data_psg_tail                 = $8277 ; const, public, def, , ,
__data_sound_ay_head            = $8277 ; const, public, def, , ,
__data_sound_ay_size            = $0000 ; const, public, def, , ,
__data_sound_ay_tail            = $8277 ; const, public, def, , ,
__data_splib2_head              = $8282 ; const, public, def, , ,
__data_splib2_size              = $0000 ; const, public, def, , ,
__data_splib2_tail              = $8282 ; const, public, def, , ,
__data_stdlib_head              = $8277 ; const, public, def, , ,
__data_stdlib_size              = $0000 ; const, public, def, , ,
__data_stdlib_tail              = $8277 ; const, public, def, , ,
__data_user_head                = $8282 ; const, public, def, , ,
__data_user_size                = $0000 ; const, public, def, , ,
__data_user_tail                = $8282 ; const, public, def, , ,
__data_video_vdp_head           = $8282 ; const, public, def, , ,
__data_video_vdp_size           = $0000 ; const, public, def, , ,
__data_video_vdp_tail           = $8282 ; const, public, def, , ,
__exit_atexit_count             = $8273 ; addr, public, , exit_vars, bss_clib, stdlib/exit_vars.asm:8
__exit_atexit_funcs             = $8274 ; addr, public, , exit_vars, bss_clib, stdlib/exit_vars.asm:9
__head                          = $8000 ; const, public, def, , ,
__register_sp                   = $FFFFFFFFFFFFFFFF ; const, local, , z80_crt0, , /Users/painfuldiodes/z88dk/lib/config/../..//lib/crt/classic/crt_rules.inc:17
__rodata_appdor_head            = $820D ; const, public, def, , ,
__rodata_appdor_size            = $0000 ; const, public, def, , ,
__rodata_appdor_tail            = $820D ; const, public, def, , ,
__rodata_arch_head              = $8202 ; const, public, def, , ,
__rodata_arch_size              = $0000 ; const, public, def, , ,
__rodata_arch_tail              = $8202 ; const, public, def, , ,
__rodata_clib_head              = $820D ; const, public, def, , ,
__rodata_clib_size              = $0000 ; const, public, def, , ,
__rodata_clib_tail              = $820D ; const, public, def, , ,
__rodata_compiler_head          = $8202 ; const, public, def, , ,
__rodata_compiler_size          = $000B ; const, public, def, , ,
__rodata_compiler_tail          = $820D ; const, public, def, , ,
__rodata_driver_head            = $80A2 ; const, public, def, , ,
__rodata_driver_size            = $0000 ; const, public, def, , ,
__rodata_driver_tail            = $80A2 ; const, public, def, , ,
__rodata_far_head               = $820D ; const, public, def, , ,
__rodata_far_size               = $0000 ; const, public, def, , ,
__rodata_far_tail               = $820D ; const, public, def, , ,
__rodata_font_4x8_head          = $820D ; const, public, def, , ,
__rodata_font_4x8_size          = $0000 ; const, public, def, , ,
__rodata_font_4x8_tail          = $820D ; const, public, def, , ,
__rodata_font_6x8_head          = $820D ; const, public, def, , ,
__rodata_font_6x8_size          = $0000 ; const, public, def, , ,
__rodata_font_6x8_tail          = $820D ; const, public, def, , ,
__rodata_font_8x10_head         = $820D ; const, public, def, , ,
__rodata_font_8x10_size         = $0000 ; const, public, def, , ,
__rodata_font_8x10_tail         = $820D ; const, public, def, , ,
__rodata_font_8x8_head          = $820D ; const, public, def, , ,
__rodata_font_8x8_size          = $0000 ; const, public, def, , ,
__rodata_font_8x8_tail          = $820D ; const, public, def, , ,
__rodata_font_ansi_head         = $820D ; const, public, def, , ,
__rodata_font_ansi_size         = $0000 ; const, public, def, , ,
__rodata_font_ansi_tail         = $820D ; const, public, def, , ,
__rodata_font_fzx_head          = $820D ; const, public, def, , ,
__rodata_font_fzx_size          = $0000 ; const, public, def, , ,
__rodata_font_fzx_tail          = $820D ; const, public, def, , ,
__rodata_font_head              = $820D ; const, public, def, , ,
__rodata_font_size              = $0000 ; const, public, def, , ,
__rodata_font_tail              = $820D ; const, public, def, , ,
__rodata_fp_am9511_head         = $8202 ; const, public, def, , ,
__rodata_fp_am9511_size         = $0000 ; const, public, def, , ,
__rodata_fp_am9511_tail         = $8202 ; const, public, def, , ,
__rodata_fp_dai32_head          = $8202 ; const, public, def, , ,
__rodata_fp_dai32_size          = $0000 ; const, public, def, , ,
__rodata_fp_dai32_tail          = $8202 ; const, public, def, , ,
__rodata_fp_head                = $8202 ; const, public, def, , ,
__rodata_fp_math16_head         = $8202 ; const, public, def, , ,
__rodata_fp_math16_size         = $0000 ; const, public, def, , ,
__rodata_fp_math16_tail         = $8202 ; const, public, def, , ,
__rodata_fp_math32_head         = $8202 ; const, public, def, , ,
__rodata_fp_math32_size         = $0000 ; const, public, def, , ,
__rodata_fp_math32_tail         = $8202 ; const, public, def, , ,
__rodata_fp_math48_head         = $8202 ; const, public, def, , ,
__rodata_fp_math48_size         = $0000 ; const, public, def, , ,
__rodata_fp_math48_tail         = $8202 ; const, public, def, , ,
__rodata_fp_mbf32_head          = $8202 ; const, public, def, , ,
__rodata_fp_mbf32_size          = $0000 ; const, public, def, , ,
__rodata_fp_mbf32_tail          = $8202 ; const, public, def, , ,
__rodata_fp_mbf64_head          = $8202 ; const, public, def, , ,
__rodata_fp_mbf64_size          = $0000 ; const, public, def, , ,
__rodata_fp_mbf64_tail          = $8202 ; const, public, def, , ,
__rodata_fp_size                = $0000 ; const, public, def, , ,
__rodata_fp_tail                = $8202 ; const, public, def, , ,
__rodata_graphics_head          = $820D ; const, public, def, , ,
__rodata_graphics_size          = $0000 ; const, public, def, , ,
__rodata_graphics_tail          = $820D ; const, public, def, , ,
__rodata_psg_head               = $820D ; const, public, def, , ,
__rodata_psg_size               = $0000 ; const, public, def, , ,
__rodata_psg_tail               = $820D ; const, public, def, , ,
__rodata_sound_ay_head          = $820D ; const, public, def, , ,
__rodata_sound_ay_size          = $0000 ; const, public, def, , ,
__rodata_sound_ay_tail          = $820D ; const, public, def, , ,
__rodata_sound_bit_head         = $820D ; const, public, def, , ,
__rodata_sound_bit_size         = $0000 ; const, public, def, , ,
__rodata_sound_bit_tail         = $820D ; const, public, def, , ,
__rodata_splib2_head            = $820D ; const, public, def, , ,
__rodata_splib2_size            = $0000 ; const, public, def, , ,
__rodata_splib2_tail            = $820D ; const, public, def, , ,
__rodata_user_head              = $820D ; const, public, def, , ,
__rodata_user_size              = $0000 ; const, public, def, , ,
__rodata_user_tail              = $820D ; const, public, def, , ,
__rodata_video_vdp_head         = $820D ; const, public, def, , ,
__rodata_video_vdp_size         = $0000 ; const, public, def, , ,
__rodata_video_vdp_tail         = $820D ; const, public, def, , ,
__sgoioblk                      = $820D ; addr, public, , z80_crt0, bss_crt, /Users/painfuldiodes/z88dk/lib/config/../..//lib/crt/classic/crt_section.inc:98
__sgoioblk_end                  = $8271 ; addr, public, , z80_crt0, bss_crt, /Users/painfuldiodes/z88dk/lib/config/../..//lib/crt/classic/crt_section.inc:100
__size                          = $0282 ; const, public, def, , ,
__smc_clib_head                 = $8277 ; const, public, def, , ,
__smc_clib_size                 = $0000 ; const, public, def, , ,
__smc_clib_tail                 = $8277 ; const, public, def, , ,
__smc_compress_head             = $8277 ; const, public, def, , ,
__smc_compress_size             = $0000 ; const, public, def, , ,
__smc_compress_tail             = $8277 ; const, public, def, , ,
__smc_fp_head                   = $8277 ; const, public, def, , ,
__smc_fp_size                   = $0000 ; const, public, def, , ,
__smc_fp_tail                   = $8277 ; const, public, def, , ,
__smc_sound_ay_head             = $8277 ; const, public, def, , ,
__smc_sound_ay_size             = $0000 ; const, public, def, , ,
__smc_sound_ay_tail             = $8277 ; const, public, def, , ,
__smc_user_head                 = $8277 ; const, public, def, , ,
__smc_user_size                 = $0000 ; const, public, def, , ,
__smc_user_tail                 = $8277 ; const, public, def, , ,
__smc_video_vdp_head            = $8277 ; const, public, def, , ,
__smc_video_vdp_size            = $0000 ; const, public, def, , ,
__smc_video_vdp_tail            = $8277 ; const, public, def, , ,
__tail                          = $8282 ; const, public, def, , ,
_auto_main_str2                 = $8277 ; addr, local, , main_c, data_compiler, main.c::main::0::1:11
_fchkstd                        = $81EA ; addr, public, , stdio_fchkstd_c, code_compiler, stdio/fchkstd.c::fchkstd::0::0:22
_fgetc                          = $814F ; addr, public, , stdio_fgetc_c, code_compiler, stdio/fgetc.c::fgetc::0::0:20
_fgetc_cons                     = $801E ; addr, public, , beanboard_asm, , /Users/painfuldiodes/Documents/GitHub/PainfulDiodes/BeanZeeBytes/c_examples/compiler_test/../lib/marvin.asm:20
_fputc_cons                     = $8015 ; addr, public, , z80_crt0, , /Users/painfuldiodes/z88dk/lib/config/../..//lib/crt/classic/crt_runtime_selection.inc:539
_fputc_cons_native              = $8015 ; addr, public, , beanboard_asm, , /Users/painfuldiodes/Documents/GitHub/PainfulDiodes/BeanZeeBytes/c_examples/compiler_test/../lib/marvin.asm:7
_main                           = $80A2 ; addr, public, , main_c, code_compiler, main.c::main::0::1:11
_marvin_gpio_in                 = $804A ; addr, public, , beanboard_asm, , ../lib/beanboard.asm:55
_marvin_gpio_out                = $8050 ; addr, public, , beanboard_asm, , ../lib/beanboard.asm:65
_marvin_keyscan_in              = $8058 ; addr, public, , beanboard_asm, , ../lib/beanboard.asm:78
_marvin_keyscan_out             = $805E ; addr, public, , beanboard_asm, , ../lib/beanboard.asm:88
_marvin_lcd_init                = $803E ; addr, public, , beanboard_asm, , ../lib/beanboard.asm:35
_marvin_lcd_putchar             = $802C ; addr, public, , beanboard_asm, , ../lib/beanboard.asm:9
_marvin_lcd_putcmd              = $8035 ; addr, public, , beanboard_asm, , ../lib/beanboard.asm:22
_marvin_lcd_puts                = $8042 ; addr, public, , beanboard_asm, , ../lib/beanboard.asm:43
_marvin_readchar                = $8025 ; addr, public, , beanboard_asm, , /Users/painfuldiodes/Documents/GitHub/PainfulDiodes/BeanZeeBytes/c_examples/compiler_test/../lib/marvin.asm:35
_readbyte                       = $8201 ; addr, public, , readbyte, code_clib, readbyte.asm:12
base_graphics                   = $8271 ; addr, public, , z80_crt0, bss_crt, /Users/painfuldiodes/z88dk/lib/config/../..//lib/crt/classic/crt_section.inc:105
crt0_exit                       = $808E ; addr, local, , z80_crt0, code_crt_exit, /Users/painfuldiodes/z88dk/lib/config/../..//lib/crt/classic/crt_section.inc:88
crt0_init                       = $8066 ; addr, local, , z80_crt0, code_crt_init, /Users/painfuldiodes/z88dk/lib/config/../..//lib/crt/classic/crt_section.inc:25
fchkstd                         = $81EA ; addr, public, , stdio_fchkstd_c, code_compiler, stdio/fchkstd.c::fchkstd::0::0:22
fgetc                           = $814F ; addr, public, , stdio_fgetc_c, code_compiler, stdio/fgetc.c::fgetc::0::0:20
fgetc_cons                      = $801E ; addr, public, , beanboard_asm, , /Users/painfuldiodes/Documents/GitHub/PainfulDiodes/BeanZeeBytes/c_examples/compiler_test/../lib/marvin.asm:19
fgetc_end                       = $81E7 ; addr, local, , stdio_fgetc_c, code_compiler, stdio/fgetc.c::fgetc::0::0:20
fp_desc                         = $0000 ; const, local, , stdio_fgetc_c, , /home/build/z88dk/build/z88dk/lib/config//../..//include/stdio.h:117
fp_extra                        = $0004 ; const, local, , stdio_fgetc_c, , /home/build/z88dk/build/z88dk/lib/config//../..//include/stdio.h:117
fp_flags                        = $0002 ; const, local, , stdio_fgetc_c, , /home/build/z88dk/build/z88dk/lib/config//../..//include/stdio.h:117
fp_ungetc                       = $0003 ; const, local, , stdio_fgetc_c, , /home/build/z88dk/build/z88dk/lib/config//../..//include/stdio.h:117
fputc_cons                      = $8015 ; addr, public, , z80_crt0, , /Users/painfuldiodes/z88dk/lib/config/../..//lib/crt/classic/crt_runtime_selection.inc:530
fputc_cons_native               = $8015 ; addr, public, , beanboard_asm, , /Users/painfuldiodes/Documents/GitHub/PainfulDiodes/BeanZeeBytes/c_examples/compiler_test/../lib/marvin.asm:6
getchar                         = $0023 ; const, local, , beanboard_asm, , /Users/painfuldiodes/Documents/GitHub/PainfulDiodes/BeanZeeBytes/c_examples/compiler_test/../lib/beanboard.map:123
i_1                             = $8202 ; addr, local, , main_c, rodata_compiler, main.c::main::0::1:11
i_2                             = $80B1 ; addr, local, , main_c, code_compiler, main.c::main::0::1:11
i_3                             = $80EB ; addr, local, , main_c, code_compiler, main.c::main::0::1:11
i_4                             = $80BD ; addr, local, , main_c, code_compiler, main.c::main::0::1:11
i_6                             = $8102 ; addr, local, , main_c, code_compiler, main.c::main::0::1:11
i_7                             = $8134 ; addr, local, , main_c, code_compiler, main.c::main::0::1:11
i_8                             = $810E ; addr, local, , main_c, code_compiler, main.c::main::0::1:11
is_eof                          = $81DC ; addr, local, , stdio_fgetc_c, code_compiler, stdio/fgetc.c::fgetc::0::0:20
l_dcal                          = $8014 ; addr, public, , z80_crt0, , /Users/painfuldiodes/z88dk/lib/config/../..//lib/target/z80/classic/z80_crt0.asm:85
l_gchar1                        = $809A ; addr, public, , l_gchar, code_l_sccz80, ../_DEVELOPMENT/l/sccz80/9-common/l_gchar.asm:17
l_gchar2                        = $8099 ; addr, public, , l_gchar, code_l_sccz80, ../_DEVELOPMENT/l/sccz80/9-common/l_gchar.asm:15
l_gchar3                        = $8098 ; addr, public, , l_gchar, code_l_sccz80, ../_DEVELOPMENT/l/sccz80/9-common/l_gchar.asm:13
l_gchar                         = $809B ; addr, public, , l_gchar, code_l_sccz80, ../_DEVELOPMENT/l/sccz80/9-common/l_gchar.asm:19
l_gchar_sxt                     = $809C ; addr, public, , l_gchar, code_l_sccz80, ../_DEVELOPMENT/l/sccz80/9-common/l_gchar.asm:25
l_gintspsp                      = $808F ; addr, public, , l_gintspsp, code_l_sccz80, ../_DEVELOPMENT/l/sccz80/8-8080/l_gintspsp.asm:10
l_jphl                          = $80A1 ; addr, public, , l_jphl, code_l_sccz80, ../_DEVELOPMENT/l/sccz80/9-common/l_jphl.asm:7
l_sxt                           = $809C ; addr, public, , l_sxt, code_l_sccz80, ../_DEVELOPMENT/l/sccz80/9-common/l_sxt.asm:14
lcd_init                        = $021B ; const, local, , beanboard_asm, , /Users/painfuldiodes/Documents/GitHub/PainfulDiodes/BeanZeeBytes/c_examples/compiler_test/../lib/beanboard.map:129
lcd_putchar                     = $0248 ; const, local, , beanboard_asm, , /Users/painfuldiodes/Documents/GitHub/PainfulDiodes/BeanZeeBytes/c_examples/compiler_test/../lib/beanboard.map:130
lcd_putcmd                      = $0232 ; const, local, , beanboard_asm, , /Users/painfuldiodes/Documents/GitHub/PainfulDiodes/BeanZeeBytes/c_examples/compiler_test/../lib/beanboard.map:131
lcd_puts                        = $02C3 ; const, local, , beanboard_asm, , /Users/painfuldiodes/Documents/GitHub/PainfulDiodes/BeanZeeBytes/c_examples/compiler_test/../lib/beanboard.map:132
marvin_gpio_in                  = $804A ; addr, public, , beanboard_asm, , ../lib/beanboard.asm:54
marvin_gpio_out                 = $8050 ; addr, public, , beanboard_asm, , ../lib/beanboard.asm:64
marvin_keyscan_in               = $8058 ; addr, public, , beanboard_asm, , ../lib/beanboard.asm:77
marvin_keyscan_out              = $805E ; addr, public, , beanboard_asm, , ../lib/beanboard.asm:87
marvin_lcd_init                 = $803E ; addr, public, , beanboard_asm, , ../lib/beanboard.asm:34
marvin_lcd_putchar              = $802C ; addr, public, , beanboard_asm, , ../lib/beanboard.asm:8
marvin_lcd_putcmd               = $8035 ; addr, public, , beanboard_asm, , ../lib/beanboard.asm:21
marvin_lcd_puts                 = $8042 ; addr, public, , beanboard_asm, , ../lib/beanboard.asm:42
marvin_readchar                 = $8025 ; addr, public, , beanboard_asm, , /Users/painfuldiodes/Documents/GitHub/PainfulDiodes/BeanZeeBytes/c_examples/compiler_test/../lib/marvin.asm:34
no_stdin                        = $81CB ; addr, local, , stdio_fgetc_c, code_compiler, stdio/fgetc.c::fgetc::0::0:20
no_string                       = $81A2 ; addr, local, , stdio_fgetc_c, code_compiler, stdio/fgetc.c::fgetc::0::0:20
no_ungetc                       = $8173 ; addr, local, , stdio_fgetc_c, code_compiler, stdio/fgetc.c::fgetc::0::0:20
not_extra_fp                    = $81B8 ; addr, local, , stdio_fgetc_c, code_compiler, stdio/fgetc.c::fgetc::0::0:20
putchar                         = $0045 ; const, local, , beanboard_asm, , /Users/painfuldiodes/Documents/GitHub/PainfulDiodes/BeanZeeBytes/c_examples/compiler_test/../lib/beanboard.map:135
readbyte                        = $8201 ; addr, public, , readbyte, code_clib, readbyte.asm:11
readchar                        = $002B ; const, local, , beanboard_asm, , /Users/painfuldiodes/Documents/GitHub/PainfulDiodes/BeanZeeBytes/c_examples/compiler_test/../lib/beanboard.map:138
seteof                          = $81DF ; addr, local, , stdio_fgetc_c, code_compiler, stdio/fgetc.c::fgetc::0::0:20
start                           = $8000 ; addr, local, , z80_crt0, , /Users/painfuldiodes/z88dk/lib/config/../..//lib/target/z80/classic/z80_crt0.asm:57
