LCD_BLINK_ON                    = $0001 ; const, local, , echo, , ../lib/marvin.inc:15
LCD_CLEAR_DISPLAY               = $0001 ; const, local, , echo, , ../lib/marvin.inc:16
LCD_CURSOR_ON                   = $0002 ; const, local, , echo, , ../lib/marvin.inc:20
LCD_DATA_LEN_8                  = $0010 ; const, local, , echo, , ../lib/marvin.inc:22
LCD_DISPLAY_ON                  = $0004 ; const, local, , echo, , ../lib/marvin.inc:23
LCD_DISPLAY_ON_OFF_CONTROL      = $0008 ; const, local, , echo, , ../lib/marvin.inc:24
LCD_DISP_LINES_2                = $0008 ; const, local, , echo, , ../lib/marvin.inc:25
LCD_FONT_8                      = $0000 ; const, local, , echo, , ../lib/marvin.inc:30
LCD_FUNCTION_SET                = $0020 ; const, local, , echo, , ../lib/marvin.inc:31
RAMSTART                        = $8000 ; const, local, , echo, , ../lib/marvin.inc:54
START                           = $00F0 ; const, local, , echo, , ../lib/marvin.inc:57
__head                          = $8000 ; const, public, def, , ,
__size                          = $005F ; const, public, def, , ,
__tail                          = $805F ; const, public, def, , ,
end                             = $8027 ; addr, local, , echo, , echo.asm:31
getchar                         = $0010 ; const, local, , echo, , ../lib/marvin.inc:64
lcd_putchar                     = $02C0 ; const, local, , echo, , ../lib/marvin.inc:70
lcd_putcmd                      = $02A0 ; const, local, , echo, , ../lib/marvin.inc:71
loop                            = $801A ; addr, local, , echo, , echo.asm:19
puts                            = $0060 ; const, local, , echo, , ../lib/marvin.inc:78
start                           = $8000 ; addr, local, , echo, , echo.asm:7
start_message                   = $802F ; addr, local, , echo, , echo.asm:36
