CLIB_32BIT_FLOATS               = $0000 ; const, public, , z80_crt0, , /Users/painfuldiodes/z88dk/lib/config/../..//lib/crt/classic/crt_rules.inc:219
CLIB_64BIT_FLOATS               = $0000 ; const, public, , z80_crt0, , /Users/painfuldiodes/z88dk/lib/config/../..//lib/crt/classic/crt_rules.inc:223
CLIB_BANKING_STACK_SIZE         = $0064 ; const, public, , z80_crt0, , /Users/painfuldiodes/z88dk/lib/config/../..//lib/crt/classic/crt_rules.inc:123
CLIB_DEFAULT_SCREEN_MODE        = $FFFFFFFFFFFFFFFF ; const, public, , z80_crt0, , /Users/painfuldiodes/z88dk/lib/config/../..//lib/crt/classic/crt_rules.inc:231
CLIB_EXIT_SCREEN_MODE           = $FFFFFFFFFFFFFFFF ; const, public, , z80_crt0, , /Users/painfuldiodes/z88dk/lib/config/../..//lib/crt/classic/crt_rules.inc:236
CLIB_FIRMWARE_KEYBOARD_CLICK    = $FFFFFFFFFFFFFFFF ; const, local, , z80_crt0, , /Users/painfuldiodes/z88dk/lib/config/../..//lib/crt/classic/crt_rules.inc:298
CLIB_FONT_HEIGHT                = $0008 ; const, local, , z80_crt0, , /Users/painfuldiodes/z88dk/lib/config/../..//lib/crt/classic/crt_rules.inc:291
CLIB_FOPEN_MAX                  = $000A ; const, local, , z80_crt0, , /Users/painfuldiodes/z88dk/lib/config/../..//lib/crt/classic/crt_rules.inc:242
CLIB_GFX_FATPIX                 = $0000 ; const, public, , z80_crt0, , /Users/painfuldiodes/z88dk/lib/config/../..//lib/crt/classic/crt_rules.inc:312
CLIB_KBHIT_NOSTORE              = $0000 ; const, public, , z80_crt0, , /Users/painfuldiodes/z88dk/lib/config/../..//lib/crt/classic/crt_runtime_selection.inc:593
CLIB_OPEN_MAX                   = $000A ; const, local, , z80_crt0, , /Users/painfuldiodes/z88dk/lib/config/../..//lib/crt/classic/crt_rules.inc:253
CLIB_OPT_PRINTF                 = $0401 ; const, local, , z80_crt0, , /Users/painfuldiodes/z88dk/lib/config/../..//lib/crt/classic/crt_runtime_selection.inc:169
CLIB_RND_BLOCKSIZE              = $03E8 ; const, local, , z80_crt0, , /Users/painfuldiodes/z88dk/lib/config/../..//lib/crt/classic/crt_rules.inc:284
CONSOLE_XOFFSET                 = $0000 ; const, public, , z80_crt0, , /Users/painfuldiodes/z88dk/lib/config/../..//lib/crt/classic/crt_runtime_selection.inc:584
CONSOLE_YOFFSET                 = $0000 ; const, public, , z80_crt0, , /Users/painfuldiodes/z88dk/lib/config/../..//lib/crt/classic/crt_runtime_selection.inc:588
CRT_ENABLE_STDIO                = $0001 ; const, local, , z80_crt0, , /Users/painfuldiodes/z88dk/lib/config/../..//lib/crt/classic/crt_rules.inc:103
CRT_INITIALIZE_BSS              = $0001 ; const, local, , z80_crt0, , /Users/painfuldiodes/z88dk/lib/config/../..//lib/crt/classic/crt_rules.inc:7
CRT_ON_EXIT                     = $0010 ; const, local, , z80_crt0, , /tmp/tmpzcczqh38Img/zcc_opt.def:12
CRT_ORG_CODE                    = $8000 ; const, local, , z80_crt0, , /tmp/tmpzcczqh38Img/zcc_opt.def:4
CRT_printf_format               = $0401 ; const, local, , z80_crt0, , /tmp/tmpzcczqh38Img/zcc_opt.def:20
DEFINED_CRT_ON_EXIT             = $0001 ; const, local, , z80_crt0, , /tmp/tmpzcczqh38Img/zcc_opt.def:11
DEFINED_CRT_ORG_CODE            = $0001 ; const, local, , z80_crt0, , /tmp/tmpzcczqh38Img/zcc_opt.def:3
DEFINED_CRT_printf_format       = $0001 ; const, local, , z80_crt0, , /tmp/tmpzcczqh38Img/zcc_opt.def:19
DEFINED_fputc_cons              = $0001 ; const, local, , z80_crt0, , /Users/painfuldiodes/z88dk/lib/config/../..//lib/crt/classic/crt_runtime_selection.inc:527
DEF__clib_banking_stack_size    = $0064 ; const, local, , z80_crt0, , /Users/painfuldiodes/z88dk/lib/config/../..//lib/crt/classic/crt_defaults.inc:22
DEF__clib_gfx_fatpix            = $0000 ; const, local, , z80_crt0, , /Users/painfuldiodes/z88dk/lib/config/../..//lib/crt/classic/crt_defaults.inc:24
DEF__clib_malloc_heap_size      = $FFFFFFFFFFFFFFFF ; const, local, , z80_crt0, , /Users/painfuldiodes/z88dk/lib/config/../..//lib/crt/classic/crt_defaults.inc:16
DEF__crt_enable_eidi            = $0000 ; const, local, , z80_crt0, , /Users/painfuldiodes/z88dk/lib/config/../..//lib/crt/classic/crt_defaults.inc:9
DEF__crt_enable_restart         = $0000 ; const, local, , z80_crt0, , /Users/painfuldiodes/z88dk/lib/config/../..//lib/crt/classic/crt_defaults.inc:7
DEF__crt_enable_rst             = $0000 ; const, local, , z80_crt0, , /Users/painfuldiodes/z88dk/lib/config/../..//lib/crt/classic/crt_defaults.inc:12
DEF__crt_interrupt_mode         = $FFFFFFFFFFFFFFFF ; const, local, , z80_crt0, , /Users/painfuldiodes/z88dk/lib/config/../..//lib/crt/classic/crt_defaults.inc:10
DEF__crt_interrupt_mode_exit    = $FFFFFFFFFFFFFFFF ; const, local, , z80_crt0, , /Users/painfuldiodes/z88dk/lib/config/../..//lib/crt/classic/crt_defaults.inc:11
DEF__crt_stack_size             = $FFFFFFFFFFFFFFFF ; const, local, , z80_crt0, , /Users/painfuldiodes/z88dk/lib/config/../..//lib/crt/classic/crt_defaults.inc:15
NEED_printf                     = $0001 ; const, local, , z80_crt0, , /tmp/tmpzcczqh38Img/zcc_opt.def:30
TAR__clib_exit_stack_size       = $0020 ; const, local, , z80_crt0, , /Users/painfuldiodes/z88dk/lib/config/../..//lib/target/z80/classic/z80_crt0.asm:41
TAR__crt_enable_nmi             = $0000 ; const, local, , z80_crt0, , /Users/painfuldiodes/z88dk/lib/config/../..//lib/crt/classic/crt_rules.inc:38
TAR__crt_enable_rst             = $0000 ; const, local, , z80_crt0, , /Users/painfuldiodes/z88dk/lib/config/../..//lib/crt/classic/crt_rules.inc:25
TAR__crt_on_exit                = $10001 ; const, local, , z80_crt0, , /Users/painfuldiodes/z88dk/lib/config/../..//lib/target/z80/classic/z80_crt0.asm:43
TAR__register_sp                = $FFFFFFFFFFFFFFFF ; const, local, , z80_crt0, , /Users/painfuldiodes/z88dk/lib/config/../..//lib/target/z80/classic/z80_crt0.asm:39
__BSS_END_head                  = $8F69 ; const, public, def, , ,
__BSS_END_size                  = $0000 ; const, public, def, , ,
__BSS_END_tail                  = $8F69 ; const, public, def, , ,
__BSS_head                      = $8D58 ; const, public, def, , ,
__BSS_size                      = $0000 ; const, public, def, , ,
__BSS_tail                      = $8D58 ; const, public, def, , ,
__CLASSIC                       = $0001 ; const, local, , rand, , /home/build/z88dk/build/z88dk/libsrc/_DEVELOPMENT/stdlib/c/sccz80/rand.asm:0
__CLASSIC                       = $0001 ; const, local, , srand_fastcall, , /home/build/z88dk/build/z88dk/libsrc/_DEVELOPMENT/stdlib/c/sccz80/srand_fastcall.asm:0
__CLIB_CONIO_NATIVE_COLOUR      = $0000 ; const, public, , z80_crt0, , /Users/painfuldiodes/z88dk/lib/config/../..//lib/crt/classic/crt_rules.inc:172
__CLIB_DISABLE_FGETS_CURSOR     = $0000 ; const, public, , z80_crt0, , /Users/painfuldiodes/z88dk/lib/config/../..//lib/crt/classic/crt_rules.inc:181
__CLIB_FGETC_CONS_DELAY         = $0032 ; const, public, , z80_crt0, , /Users/painfuldiodes/z88dk/lib/config/../..//lib/crt/classic/crt_rules.inc:190
__CLIB_FIRMWARE_KEYBOARD_CLICK  = $FFFFFFFFFFFFFFFF ; const, public, , z80_crt0, , /Users/painfuldiodes/z88dk/lib/config/../..//lib/crt/classic/crt_rules.inc:301
__CLIB_FONT_HEIGHT              = $0008 ; const, public, , z80_crt0, , /Users/painfuldiodes/z88dk/lib/config/../..//lib/crt/classic/crt_rules.inc:294
__CLIB_KBHIT_DELAY              = $0000 ; const, public, , z80_crt0, , /Users/painfuldiodes/z88dk/lib/config/../..//lib/crt/classic/crt_rules.inc:199
__CLIB_OPEN_MAX                 = $000A ; const, public, , z80_crt0, , /Users/painfuldiodes/z88dk/lib/config/../..//lib/crt/classic/crt_rules.inc:257
__CLIB_OPT_IMATH                = $0000 ; const, local, , l_divs_16_16x16, , ../config_private.inc:27
__CLIB_OPT_IMATH                = $0000 ; const, local, , l_divu_16_16x16, , ../config_private.inc:27
__CLIB_OPT_IMATH                = $0000 ; const, local, , l_divu_32_32x32, , ../config_private.inc:27
__CODE_END_head                 = $8CC0 ; const, public, def, , ,
__CODE_END_size                 = $0000 ; const, public, def, , ,
__CODE_END_tail                 = $8CC0 ; const, public, def, , ,
__CODE_head                     = $8034 ; const, public, def, , ,
__CODE_size                     = $0000 ; const, public, def, , ,
__CODE_tail                     = $8034 ; const, public, def, , ,
__CPU_CLOCK                     = $3D0900 ; const, public, , z80_crt0, , /Users/painfuldiodes/z88dk/lib/config/../..//lib/target/z80/classic/z80_crt0.asm:45
__CPU_Z80__                     = $0001 ; const, local, , __printf_doprint, , stdio/__printf_doprint.asm:0
__CPU_Z80__                     = $0001 ; const, local, , __printf_print_aligned, , stdio/__printf_print_aligned.asm:0
__CRT_KEY_CAPS_LOCK             = $0006 ; const, public, , z80_crt0, , /Users/painfuldiodes/z88dk/lib/config/../..//lib/crt/classic/crt_rules.inc:160
__CRT_KEY_DEL                   = $0008 ; const, public, , z80_crt0, , /Users/painfuldiodes/z88dk/lib/config/../..//lib/crt/classic/crt_rules.inc:153
__DATA_END_head                 = $8F69 ; const, public, def, , ,
__DATA_END_size                 = $0000 ; const, public, def, , ,
__DATA_END_tail                 = $8F69 ; const, public, def, , ,
__DATA_head                     = $8F64 ; const, public, def, , ,
__DATA_size                     = $0001 ; const, public, def, , ,
__DATA_tail                     = $8F65 ; const, public, def, , ,
__Exit                          = $800E ; addr, public, , z80_crt0, , /Users/painfuldiodes/z88dk/lib/config/../..//lib/target/z80/classic/z80_crt0.asm:75
__FOPEN_MAX                     = $000A ; const, public, , z80_crt0, , /Users/painfuldiodes/z88dk/lib/config/../..//lib/crt/classic/crt_rules.inc:245
__MMAP                          = $0000 ; const, local, , z80_crt0, , /Users/painfuldiodes/z88dk/lib/config/../..//lib/crt/classic/crt_rules.inc:322
__RND_BLOCKSIZE                 = $03E8 ; const, public, , z80_crt0, , /Users/painfuldiodes/z88dk/lib/config/../..//lib/crt/classic/crt_rules.inc:287
__RODATA_END_head               = $8D58 ; const, public, def, , ,
__RODATA_END_size               = $0000 ; const, public, def, , ,
__RODATA_END_tail               = $8D58 ; const, public, def, , ,
__RODATA_head                   = $8CC0 ; const, public, def, , ,
__RODATA_size                   = $0000 ; const, public, def, , ,
__RODATA_tail                   = $8CC0 ; const, public, def, , ,
__ROMABLE_END_head              = $8D58 ; const, public, def, , ,
__ROMABLE_END_size              = $0000 ; const, public, def, , ,
__ROMABLE_END_tail              = $8D58 ; const, public, def, , ,
___fchkstd                      = $895D ; addr, public, , stdio_fchkstd_c, code_compiler, stdio/fchkstd.c::fchkstd::0::0:22
___writebyte                    = $8BA8 ; addr, public, , writebyte, code_clib, writebyte.asm:14
__bss_PSGlib_head               = $8F64 ; const, public, def, , ,
__bss_PSGlib_size               = $0000 ; const, public, def, , ,
__bss_PSGlib_tail               = $8F64 ; const, public, def, , ,
__bss_alloc_balloc_head         = $8F64 ; const, public, def, , ,
__bss_alloc_balloc_size         = $0000 ; const, public, def, , ,
__bss_alloc_balloc_tail         = $8F64 ; const, public, def, , ,
__bss_arch_head                 = $8F61 ; const, public, def, , ,
__bss_arch_size                 = $0000 ; const, public, def, , ,
__bss_arch_tail                 = $8F61 ; const, public, def, , ,
__bss_clib_head                 = $8F61 ; const, public, def, , ,
__bss_clib_size                 = $0003 ; const, public, def, , ,
__bss_clib_tail                 = $8F64 ; const, public, def, , ,
__bss_compiler_head             = $8DC0 ; const, public, def, , ,
__bss_compiler_size             = $01A1 ; const, public, def, , ,
__bss_compiler_tail             = $8F61 ; const, public, def, , ,
__bss_compress_aplib_head       = $8D58 ; const, public, def, , ,
__bss_compress_aplib_size       = $0000 ; const, public, def, , ,
__bss_compress_aplib_tail       = $8D58 ; const, public, def, , ,
__bss_crt_head                  = $8D5A ; const, public, def, , ,
__bss_crt_size                  = $0066 ; const, public, def, , ,
__bss_crt_tail                  = $8DC0 ; const, public, def, , ,
__bss_driver_head               = $8F61 ; const, public, def, , ,
__bss_driver_size               = $0000 ; const, public, def, , ,
__bss_driver_tail               = $8F61 ; const, public, def, , ,
__bss_error_head                = $8D58 ; const, public, def, , ,
__bss_error_size                = $0002 ; const, public, def, , ,
__bss_error_tail                = $8D5A ; const, public, def, , ,
__bss_far_head                  = $8DC0 ; const, public, def, , ,
__bss_far_size                  = $0000 ; const, public, def, , ,
__bss_far_tail                  = $8DC0 ; const, public, def, , ,
__bss_fardata_head              = $8DC0 ; const, public, def, , ,
__bss_fardata_size              = $0000 ; const, public, def, , ,
__bss_fardata_tail              = $8DC0 ; const, public, def, , ,
__bss_fp_am9511_head            = $8D58 ; const, public, def, , ,
__bss_fp_am9511_size            = $0000 ; const, public, def, , ,
__bss_fp_am9511_tail            = $8D58 ; const, public, def, , ,
__bss_fp_dai32_head             = $8D58 ; const, public, def, , ,
__bss_fp_dai32_size             = $0000 ; const, public, def, , ,
__bss_fp_dai32_tail             = $8D58 ; const, public, def, , ,
__bss_fp_head                   = $8D58 ; const, public, def, , ,
__bss_fp_math16_head            = $8D58 ; const, public, def, , ,
__bss_fp_math16_size            = $0000 ; const, public, def, , ,
__bss_fp_math16_tail            = $8D58 ; const, public, def, , ,
__bss_fp_math32_head            = $8D58 ; const, public, def, , ,
__bss_fp_math32_size            = $0000 ; const, public, def, , ,
__bss_fp_math32_tail            = $8D58 ; const, public, def, , ,
__bss_fp_mbf32_head             = $8D58 ; const, public, def, , ,
__bss_fp_mbf32_size             = $0000 ; const, public, def, , ,
__bss_fp_mbf32_tail             = $8D58 ; const, public, def, , ,
__bss_fp_mbf64_head             = $8D58 ; const, public, def, , ,
__bss_fp_mbf64_size             = $0000 ; const, public, def, , ,
__bss_fp_mbf64_tail             = $8D58 ; const, public, def, , ,
__bss_fp_size                   = $0000 ; const, public, def, , ,
__bss_fp_tail                   = $8D58 ; const, public, def, , ,
__bss_graphics_head             = $8F64 ; const, public, def, , ,
__bss_graphics_size             = $0000 ; const, public, def, , ,
__bss_graphics_tail             = $8F64 ; const, public, def, , ,
__bss_psg_head                  = $8F64 ; const, public, def, , ,
__bss_psg_size                  = $0000 ; const, public, def, , ,
__bss_psg_tail                  = $8F64 ; const, public, def, , ,
__bss_sound_ay_head             = $8F64 ; const, public, def, , ,
__bss_sound_ay_size             = $0000 ; const, public, def, , ,
__bss_sound_ay_tail             = $8F64 ; const, public, def, , ,
__bss_splib2_head               = $8F64 ; const, public, def, , ,
__bss_splib2_size               = $0000 ; const, public, def, , ,
__bss_splib2_tail               = $8F64 ; const, public, def, , ,
__bss_string_head               = $8F64 ; const, public, def, , ,
__bss_string_size               = $0000 ; const, public, def, , ,
__bss_string_tail               = $8F64 ; const, public, def, , ,
__bss_user_head                 = $8F64 ; const, public, def, , ,
__bss_user_size                 = $0000 ; const, public, def, , ,
__bss_user_tail                 = $8F64 ; const, public, def, , ,
__bss_video_vdp_head            = $8F64 ; const, public, def, , ,
__bss_video_vdp_size            = $0000 ; const, public, def, , ,
__bss_video_vdp_tail            = $8F64 ; const, public, def, , ,
__clib_exit_stack_size          = $0020 ; const, public, , z80_crt0, , /Users/painfuldiodes/z88dk/lib/config/../..//lib/crt/classic/crt_rules.inc:110
__clib_malloc_heap_size         = $FFFFFFFFFFFFFFFF ; const, local, , z80_crt0, , /Users/painfuldiodes/z88dk/lib/config/../..//lib/crt/classic/crt_rules.inc:144
__code_PSGlib_head              = $8CC0 ; const, public, def, , ,
__code_PSGlib_size              = $0000 ; const, public, def, , ,
__code_PSGlib_tail              = $8CC0 ; const, public, def, , ,
__code_adt_b_array_head         = $8CC0 ; const, public, def, , ,
__code_adt_b_array_size         = $0000 ; const, public, def, , ,
__code_adt_b_array_tail         = $8CC0 ; const, public, def, , ,
__code_adt_b_vector_head        = $8CC0 ; const, public, def, , ,
__code_adt_b_vector_size        = $0000 ; const, public, def, , ,
__code_adt_b_vector_tail        = $8CC0 ; const, public, def, , ,
__code_adt_ba_priority_queue_head = $8CC0 ; const, public, def, , ,
__code_adt_ba_priority_queue_size = $0000 ; const, public, def, , ,
__code_adt_ba_priority_queue_tail = $8CC0 ; const, public, def, , ,
__code_adt_ba_stack_head        = $8CC0 ; const, public, def, , ,
__code_adt_ba_stack_size        = $0000 ; const, public, def, , ,
__code_adt_ba_stack_tail        = $8CC0 ; const, public, def, , ,
__code_adt_bv_priority_queue_head = $8CC0 ; const, public, def, , ,
__code_adt_bv_priority_queue_size = $0000 ; const, public, def, , ,
__code_adt_bv_priority_queue_tail = $8CC0 ; const, public, def, , ,
__code_adt_bv_stack_head        = $8CC0 ; const, public, def, , ,
__code_adt_bv_stack_size        = $0000 ; const, public, def, , ,
__code_adt_bv_stack_tail        = $8CC0 ; const, public, def, , ,
__code_adt_p_forward_list_alt_head = $8CC0 ; const, public, def, , ,
__code_adt_p_forward_list_alt_size = $0000 ; const, public, def, , ,
__code_adt_p_forward_list_alt_tail = $8CC0 ; const, public, def, , ,
__code_adt_p_forward_list_head  = $8CC0 ; const, public, def, , ,
__code_adt_p_forward_list_size  = $0000 ; const, public, def, , ,
__code_adt_p_forward_list_tail  = $8CC0 ; const, public, def, , ,
__code_adt_p_list_head          = $8CC0 ; const, public, def, , ,
__code_adt_p_list_size          = $0000 ; const, public, def, , ,
__code_adt_p_list_tail          = $8CC0 ; const, public, def, , ,
__code_adt_p_queue_head         = $8CC0 ; const, public, def, , ,
__code_adt_p_queue_size         = $0000 ; const, public, def, , ,
__code_adt_p_queue_tail         = $8CC0 ; const, public, def, , ,
__code_adt_p_stack_head         = $8CC0 ; const, public, def, , ,
__code_adt_p_stack_size         = $0000 ; const, public, def, , ,
__code_adt_p_stack_tail         = $8CC0 ; const, public, def, , ,
__code_adt_w_array_head         = $8CC0 ; const, public, def, , ,
__code_adt_w_array_size         = $0000 ; const, public, def, , ,
__code_adt_w_array_tail         = $8CC0 ; const, public, def, , ,
__code_adt_w_vector_head        = $8CC0 ; const, public, def, , ,
__code_adt_w_vector_size        = $0000 ; const, public, def, , ,
__code_adt_w_vector_tail        = $8CC0 ; const, public, def, , ,
__code_adt_wa_priority_queue_head = $8CC0 ; const, public, def, , ,
__code_adt_wa_priority_queue_size = $0000 ; const, public, def, , ,
__code_adt_wa_priority_queue_tail = $8CC0 ; const, public, def, , ,
__code_adt_wa_stack_head        = $8CC0 ; const, public, def, , ,
__code_adt_wa_stack_size        = $0000 ; const, public, def, , ,
__code_adt_wa_stack_tail        = $8CC0 ; const, public, def, , ,
__code_adt_wv_priority_queue_head = $8CC0 ; const, public, def, , ,
__code_adt_wv_priority_queue_size = $0000 ; const, public, def, , ,
__code_adt_wv_priority_queue_tail = $8CC0 ; const, public, def, , ,
__code_adt_wv_stack_head        = $8CC0 ; const, public, def, , ,
__code_adt_wv_stack_size        = $0000 ; const, public, def, , ,
__code_adt_wv_stack_tail        = $8CC0 ; const, public, def, , ,
__code_alloc_balloc_head        = $8CC0 ; const, public, def, , ,
__code_alloc_balloc_size        = $0000 ; const, public, def, , ,
__code_alloc_balloc_tail        = $8CC0 ; const, public, def, , ,
__code_alloc_obstack_head       = $8CC0 ; const, public, def, , ,
__code_alloc_obstack_size       = $0000 ; const, public, def, , ,
__code_alloc_obstack_tail       = $8CC0 ; const, public, def, , ,
__code_arch_head                = $8CC0 ; const, public, def, , ,
__code_arch_size                = $0000 ; const, public, def, , ,
__code_arch_tail                = $8CC0 ; const, public, def, , ,
__code_clib_head                = $8974 ; const, public, def, , ,
__code_clib_size                = $0235 ; const, public, def, , ,
__code_clib_tail                = $8BA9 ; const, public, def, , ,
__code_compiler_head            = $81C4 ; const, public, def, , ,
__code_compiler_size            = $07B0 ; const, public, def, , ,
__code_compiler_tail            = $8974 ; const, public, def, , ,
__code_compress_aplib_head      = $8BA9 ; const, public, def, , ,
__code_compress_aplib_size      = $0000 ; const, public, def, , ,
__code_compress_aplib_tail      = $8BA9 ; const, public, def, , ,
__code_compress_zx0_head        = $8BA9 ; const, public, def, , ,
__code_compress_zx0_size        = $0000 ; const, public, def, , ,
__code_compress_zx0_tail        = $8BA9 ; const, public, def, , ,
__code_compress_zx1_head        = $8BA9 ; const, public, def, , ,
__code_compress_zx1_size        = $0000 ; const, public, def, , ,
__code_compress_zx1_tail        = $8BA9 ; const, public, def, , ,
__code_compress_zx2_head        = $8BA9 ; const, public, def, , ,
__code_compress_zx2_size        = $0000 ; const, public, def, , ,
__code_compress_zx2_tail        = $8BA9 ; const, public, def, , ,
__code_compress_zx7_head        = $8BA9 ; const, public, def, , ,
__code_compress_zx7_size        = $0000 ; const, public, def, , ,
__code_compress_zx7_tail        = $8BA9 ; const, public, def, , ,
__code_crt_exit_exit_head       = $805C ; const, public, def, , ,
__code_crt_exit_exit_size       = $0001 ; const, public, def, , ,
__code_crt_exit_exit_tail       = $805D ; const, public, def, , ,
__code_crt_exit_head            = $805C ; const, public, def, , ,
__code_crt_exit_size            = $0000 ; const, public, def, , ,
__code_crt_exit_tail            = $805C ; const, public, def, , ,
__code_crt_init_exit_head       = $805B ; const, public, def, , ,
__code_crt_init_exit_size       = $0001 ; const, public, def, , ,
__code_crt_init_exit_tail       = $805C ; const, public, def, , ,
__code_crt_init_head            = $8034 ; const, public, def, , ,
__code_crt_init_size            = $0027 ; const, public, def, , ,
__code_crt_init_tail            = $805B ; const, public, def, , ,
__code_ctype_head               = $8BA9 ; const, public, def, , ,
__code_ctype_size               = $0000 ; const, public, def, , ,
__code_ctype_tail               = $8BA9 ; const, public, def, , ,
__code_driver_head              = $805D ; const, public, def, , ,
__code_driver_size              = $0000 ; const, public, def, , ,
__code_driver_tail              = $805D ; const, public, def, , ,
__code_error_head               = $8C5D ; const, public, def, , ,
__code_error_size               = $0015 ; const, public, def, , ,
__code_error_tail               = $8C72 ; const, public, def, , ,
__code_esxdos_head              = $8BA9 ; const, public, def, , ,
__code_esxdos_size              = $0000 ; const, public, def, , ,
__code_esxdos_tail              = $8BA9 ; const, public, def, , ,
__code_far_head                 = $81C4 ; const, public, def, , ,
__code_far_size                 = $0000 ; const, public, def, , ,
__code_far_tail                 = $81C4 ; const, public, def, , ,
__code_font_fzx_head            = $8CC0 ; const, public, def, , ,
__code_font_fzx_size            = $0000 ; const, public, def, , ,
__code_font_fzx_tail            = $8CC0 ; const, public, def, , ,
__code_font_head                = $8CC0 ; const, public, def, , ,
__code_font_size                = $0000 ; const, public, def, , ,
__code_font_tail                = $8CC0 ; const, public, def, , ,
__code_fp_am9511_head           = $8BA9 ; const, public, def, , ,
__code_fp_am9511_size           = $0000 ; const, public, def, , ,
__code_fp_am9511_tail           = $8BA9 ; const, public, def, , ,
__code_fp_dai32_head            = $8BA9 ; const, public, def, , ,
__code_fp_dai32_size            = $0000 ; const, public, def, , ,
__code_fp_dai32_tail            = $8BA9 ; const, public, def, , ,
__code_fp_head                  = $8BA9 ; const, public, def, , ,
__code_fp_math16_head           = $8BA9 ; const, public, def, , ,
__code_fp_math16_size           = $0000 ; const, public, def, , ,
__code_fp_math16_tail           = $8BA9 ; const, public, def, , ,
__code_fp_math32_head           = $8BA9 ; const, public, def, , ,
__code_fp_math32_size           = $0000 ; const, public, def, , ,
__code_fp_math32_tail           = $8BA9 ; const, public, def, , ,
__code_fp_math48_head           = $8BA9 ; const, public, def, , ,
__code_fp_math48_size           = $0000 ; const, public, def, , ,
__code_fp_math48_tail           = $8BA9 ; const, public, def, , ,
__code_fp_mbf32_head            = $8BA9 ; const, public, def, , ,
__code_fp_mbf32_size            = $0000 ; const, public, def, , ,
__code_fp_mbf32_tail            = $8BA9 ; const, public, def, , ,
__code_fp_mbf64_head            = $8BA9 ; const, public, def, , ,
__code_fp_mbf64_size            = $0000 ; const, public, def, , ,
__code_fp_mbf64_tail            = $8BA9 ; const, public, def, , ,
__code_fp_size                  = $0000 ; const, public, def, , ,
__code_fp_tail                  = $8BA9 ; const, public, def, , ,
__code_graphics_head            = $8CC0 ; const, public, def, , ,
__code_graphics_size            = $0000 ; const, public, def, , ,
__code_graphics_tail            = $8CC0 ; const, public, def, , ,
__code_home_head                = $81C4 ; const, public, def, , ,
__code_home_size                = $0000 ; const, public, def, , ,
__code_home_tail                = $81C4 ; const, public, def, , ,
__code_l_clang_head             = $81C4 ; const, public, def, , ,
__code_l_clang_size             = $0000 ; const, public, def, , ,
__code_l_clang_tail             = $81C4 ; const, public, def, , ,
__code_l_head                   = $805D ; const, public, def, , ,
__code_l_sccz80_far_head        = $81C4 ; const, public, def, , ,
__code_l_sccz80_far_size        = $0000 ; const, public, def, , ,
__code_l_sccz80_far_tail        = $81C4 ; const, public, def, , ,
__code_l_sccz80_head            = $8085 ; const, public, def, , ,
__code_l_sccz80_size            = $013F ; const, public, def, , ,
__code_l_sccz80_tail            = $81C4 ; const, public, def, , ,
__code_l_sdcc_head              = $8085 ; const, public, def, , ,
__code_l_sdcc_size              = $0000 ; const, public, def, , ,
__code_l_sdcc_tail              = $8085 ; const, public, def, , ,
__code_l_size                   = $0028 ; const, public, def, , ,
__code_l_tail                   = $8085 ; const, public, def, , ,
__code_math_head                = $8BA9 ; const, public, def, , ,
__code_math_size                = $00B4 ; const, public, def, , ,
__code_math_tail                = $8C5D ; const, public, def, , ,
__code_psg_head                 = $8CC0 ; const, public, def, , ,
__code_psg_size                 = $0000 ; const, public, def, , ,
__code_psg_tail                 = $8CC0 ; const, public, def, , ,
__code_sound_ay_head            = $8CC0 ; const, public, def, , ,
__code_sound_ay_size            = $0000 ; const, public, def, , ,
__code_sound_ay_tail            = $8CC0 ; const, public, def, , ,
__code_sound_bit_head           = $8CC0 ; const, public, def, , ,
__code_sound_bit_size           = $0000 ; const, public, def, , ,
__code_sound_bit_tail           = $8CC0 ; const, public, def, , ,
__code_splib2_head              = $8CC0 ; const, public, def, , ,
__code_splib2_size              = $0000 ; const, public, def, , ,
__code_splib2_tail              = $8CC0 ; const, public, def, , ,
__code_sprite_sp1_head          = $8CC0 ; const, public, def, , ,
__code_sprite_sp1_size          = $0000 ; const, public, def, , ,
__code_sprite_sp1_tail          = $8CC0 ; const, public, def, , ,
__code_stdlib_head              = $8C72 ; const, public, def, , ,
__code_stdlib_size              = $004E ; const, public, def, , ,
__code_stdlib_tail              = $8CC0 ; const, public, def, , ,
__code_string_head              = $8CC0 ; const, public, def, , ,
__code_string_size              = $0000 ; const, public, def, , ,
__code_string_tail              = $8CC0 ; const, public, def, , ,
__code_temp_sp1_head            = $8CC0 ; const, public, def, , ,
__code_temp_sp1_size            = $0000 ; const, public, def, , ,
__code_temp_sp1_tail            = $8CC0 ; const, public, def, , ,
__code_time_head                = $8CC0 ; const, public, def, , ,
__code_time_size                = $0000 ; const, public, def, , ,
__code_time_tail                = $8CC0 ; const, public, def, , ,
__code_user_head                = $8CC0 ; const, public, def, , ,
__code_user_size                = $0000 ; const, public, def, , ,
__code_user_tail                = $8CC0 ; const, public, def, , ,
__code_video_vdp_head           = $8CC0 ; const, public, def, , ,
__code_video_vdp_size           = $0000 ; const, public, def, , ,
__code_video_vdp_tail           = $8CC0 ; const, public, def, , ,
__code_z80_head                 = $81C4 ; const, public, def, , ,
__code_z80_size                 = $0000 ; const, public, def, , ,
__code_z80_tail                 = $81C4 ; const, public, def, , ,
__crt_enable_eidi               = $0000 ; const, local, , z80_crt0, , /Users/painfuldiodes/z88dk/lib/config/../..//lib/crt/classic/crt_rules.inc:74
__crt_enable_restart            = $0000 ; const, local, , z80_crt0, , /Users/painfuldiodes/z88dk/lib/config/../..//lib/crt/classic/crt_rules.inc:49
__crt_interrupt_mode            = $FFFFFFFFFFFFFFFF ; const, local, , z80_crt0, , /Users/painfuldiodes/z88dk/lib/config/../..//lib/crt/classic/crt_rules.inc:84
__crt_interrupt_mode_exit       = $FFFFFFFFFFFFFFFF ; const, local, , z80_crt0, , /Users/painfuldiodes/z88dk/lib/config/../..//lib/crt/classic/crt_rules.inc:94
__crt_model                     = $0001 ; const, local, , z80_crt0, , /Users/painfuldiodes/z88dk/lib/config/../..//lib/target/z80/classic/z80_crt0.asm:94
__crt_on_exit                   = $0010 ; const, local, , z80_crt0, , /Users/painfuldiodes/z88dk/lib/config/../..//lib/crt/classic/crt_rules.inc:57
__crt_stack_size                = $FFFFFFFFFFFFFFFF ; const, local, , z80_crt0, , /Users/painfuldiodes/z88dk/lib/config/../..//lib/crt/classic/crt_rules.inc:134
__data_PSGlib_head              = $8F69 ; const, public, def, , ,
__data_PSGlib_size              = $0000 ; const, public, def, , ,
__data_PSGlib_tail              = $8F69 ; const, public, def, , ,
__data_alloc_balloc_head        = $8F69 ; const, public, def, , ,
__data_alloc_balloc_size        = $0000 ; const, public, def, , ,
__data_alloc_balloc_tail        = $8F69 ; const, public, def, , ,
__data_arch_head                = $8F69 ; const, public, def, , ,
__data_arch_size                = $0000 ; const, public, def, , ,
__data_arch_tail                = $8F69 ; const, public, def, , ,
__data_clib_head                = $8F65 ; const, public, def, , ,
__data_clib_size                = $0000 ; const, public, def, , ,
__data_clib_tail                = $8F65 ; const, public, def, , ,
__data_compiler_head            = $8F69 ; const, public, def, , ,
__data_compiler_size            = $0000 ; const, public, def, , ,
__data_compiler_tail            = $8F69 ; const, public, def, , ,
__data_crt_head                 = $8F69 ; const, public, def, , ,
__data_crt_size                 = $0000 ; const, public, def, , ,
__data_crt_tail                 = $8F69 ; const, public, def, , ,
__data_driver_head              = $8F65 ; const, public, def, , ,
__data_driver_size              = $0000 ; const, public, def, , ,
__data_driver_tail              = $8F65 ; const, public, def, , ,
__data_far_head                 = $8F69 ; const, public, def, , ,
__data_far_size                 = $0000 ; const, public, def, , ,
__data_far_tail                 = $8F69 ; const, public, def, , ,
__data_fp_mbf32_head            = $8F69 ; const, public, def, , ,
__data_fp_mbf32_size            = $0000 ; const, public, def, , ,
__data_fp_mbf32_tail            = $8F69 ; const, public, def, , ,
__data_graphics_head            = $8F69 ; const, public, def, , ,
__data_graphics_size            = $0000 ; const, public, def, , ,
__data_graphics_tail            = $8F69 ; const, public, def, , ,
__data_psg_head                 = $8F69 ; const, public, def, , ,
__data_psg_size                 = $0000 ; const, public, def, , ,
__data_psg_tail                 = $8F69 ; const, public, def, , ,
__data_sound_ay_head            = $8F69 ; const, public, def, , ,
__data_sound_ay_size            = $0000 ; const, public, def, , ,
__data_sound_ay_tail            = $8F69 ; const, public, def, , ,
__data_splib2_head              = $8F69 ; const, public, def, , ,
__data_splib2_size              = $0000 ; const, public, def, , ,
__data_splib2_tail              = $8F69 ; const, public, def, , ,
__data_stdlib_head              = $8F65 ; const, public, def, , ,
__data_stdlib_size              = $0004 ; const, public, def, , ,
__data_stdlib_tail              = $8F69 ; const, public, def, , ,
__data_user_head                = $8F69 ; const, public, def, , ,
__data_user_size                = $0000 ; const, public, def, , ,
__data_user_tail                = $8F69 ; const, public, def, , ,
__data_video_vdp_head           = $8F69 ; const, public, def, , ,
__data_video_vdp_size           = $0000 ; const, public, def, , ,
__data_video_vdp_tail           = $8F69 ; const, public, def, , ,
__exit_atexit_count             = $8F61 ; addr, public, , exit_vars, bss_clib, stdlib/exit_vars.asm:8
__exit_atexit_funcs             = $8F62 ; addr, public, , exit_vars, bss_clib, stdlib/exit_vars.asm:9
__head                          = $8000 ; const, public, def, , ,
__printf_doprint                = $8A7B ; addr, public, , __printf_doprint, code_clib, stdio/__printf_doprint.asm:13
__printf_format_search_loop     = $8B3E ; addr, public, , asm_printf, code_clib, stdio/asm_printf.asm:247
__printf_format_table64         = $801C ; addr, public, , z80_crt0, , /Users/painfuldiodes/z88dk/lib/config/../..//lib/crt/classic/crt_runtime_selection.inc:286
__printf_format_table           = $8015 ; addr, public, , z80_crt0, , /Users/painfuldiodes/z88dk/lib/config/../..//lib/crt/classic/crt_runtime_selection.inc:211
__printf_get_buffer_address     = $8A22 ; addr, public, , __printf_get_buffer_address, code_clib, stdio/__printf_get_buffer_address.asm:12
__printf_get_flags              = $8B08 ; addr, public, , z80_crt0, , /Users/painfuldiodes/z88dk/lib/config/../..//lib/crt/classic/crt_runtime_selection.inc:326
__printf_get_flags_noop         = $8B08 ; addr, public, , asm_printf, code_clib, stdio/asm_printf.asm:189
__printf_handle_c               = $8974 ; addr, public, , __printf_handle_c, code_clib, stdio/__printf_handle_c.asm:10
__printf_handle_d               = $8980 ; addr, public, , __printf_handle_d, code_clib, stdio/__printf_handle_d.asm:6
__printf_loop                   = $8AEF ; addr, public, , asm_printf, code_clib, stdio/asm_printf.asm:130
__printf_number                 = $8985 ; addr, public, , __printf_number, code_clib, stdio/__printf_number.asm:28
__printf_pickup_far             = $81C3 ; addr, public, , __printf_0_early_override, , stdio/__printf_0_early_override.asm:20
__printf_print_aligned          = $8A2A ; addr, public, , __printf_print_aligned, code_clib, stdio/__printf_print_aligned.asm:18
__printf_print_the_buffer       = $8A10 ; addr, public, , __printf_print_the_buffer, code_clib, stdio/__printf_print_the_buffer.asm:12
__printf_print_to_buf           = $8AB2 ; addr, public, , __printf_print_to_buf, code_clib, stdio/__printf_print_to_buf.asm:11
__register_sp                   = $FFFFFFFFFFFFFFFF ; const, local, , z80_crt0, , /Users/painfuldiodes/z88dk/lib/config/../..//lib/crt/classic/crt_rules.inc:17
__rodata_appdor_head            = $8D58 ; const, public, def, , ,
__rodata_appdor_size            = $0000 ; const, public, def, , ,
__rodata_appdor_tail            = $8D58 ; const, public, def, , ,
__rodata_arch_head              = $8CC0 ; const, public, def, , ,
__rodata_arch_size              = $0000 ; const, public, def, , ,
__rodata_arch_tail              = $8CC0 ; const, public, def, , ,
__rodata_clib_head              = $8D58 ; const, public, def, , ,
__rodata_clib_size              = $0000 ; const, public, def, , ,
__rodata_clib_tail              = $8D58 ; const, public, def, , ,
__rodata_compiler_head          = $8CC0 ; const, public, def, , ,
__rodata_compiler_size          = $0098 ; const, public, def, , ,
__rodata_compiler_tail          = $8D58 ; const, public, def, , ,
__rodata_driver_head            = $81C4 ; const, public, def, , ,
__rodata_driver_size            = $0000 ; const, public, def, , ,
__rodata_driver_tail            = $81C4 ; const, public, def, , ,
__rodata_far_head               = $8D58 ; const, public, def, , ,
__rodata_far_size               = $0000 ; const, public, def, , ,
__rodata_far_tail               = $8D58 ; const, public, def, , ,
__rodata_font_4x8_head          = $8D58 ; const, public, def, , ,
__rodata_font_4x8_size          = $0000 ; const, public, def, , ,
__rodata_font_4x8_tail          = $8D58 ; const, public, def, , ,
__rodata_font_6x8_head          = $8D58 ; const, public, def, , ,
__rodata_font_6x8_size          = $0000 ; const, public, def, , ,
__rodata_font_6x8_tail          = $8D58 ; const, public, def, , ,
__rodata_font_8x10_head         = $8D58 ; const, public, def, , ,
__rodata_font_8x10_size         = $0000 ; const, public, def, , ,
__rodata_font_8x10_tail         = $8D58 ; const, public, def, , ,
__rodata_font_8x8_head          = $8D58 ; const, public, def, , ,
__rodata_font_8x8_size          = $0000 ; const, public, def, , ,
__rodata_font_8x8_tail          = $8D58 ; const, public, def, , ,
__rodata_font_ansi_head         = $8D58 ; const, public, def, , ,
__rodata_font_ansi_size         = $0000 ; const, public, def, , ,
__rodata_font_ansi_tail         = $8D58 ; const, public, def, , ,
__rodata_font_fzx_head          = $8D58 ; const, public, def, , ,
__rodata_font_fzx_size          = $0000 ; const, public, def, , ,
__rodata_font_fzx_tail          = $8D58 ; const, public, def, , ,
__rodata_font_head              = $8D58 ; const, public, def, , ,
__rodata_font_size              = $0000 ; const, public, def, , ,
__rodata_font_tail              = $8D58 ; const, public, def, , ,
__rodata_fp_am9511_head         = $8CC0 ; const, public, def, , ,
__rodata_fp_am9511_size         = $0000 ; const, public, def, , ,
__rodata_fp_am9511_tail         = $8CC0 ; const, public, def, , ,
__rodata_fp_dai32_head          = $8CC0 ; const, public, def, , ,
__rodata_fp_dai32_size          = $0000 ; const, public, def, , ,
__rodata_fp_dai32_tail          = $8CC0 ; const, public, def, , ,
__rodata_fp_head                = $8CC0 ; const, public, def, , ,
__rodata_fp_math16_head         = $8CC0 ; const, public, def, , ,
__rodata_fp_math16_size         = $0000 ; const, public, def, , ,
__rodata_fp_math16_tail         = $8CC0 ; const, public, def, , ,
__rodata_fp_math32_head         = $8CC0 ; const, public, def, , ,
__rodata_fp_math32_size         = $0000 ; const, public, def, , ,
__rodata_fp_math32_tail         = $8CC0 ; const, public, def, , ,
__rodata_fp_math48_head         = $8CC0 ; const, public, def, , ,
__rodata_fp_math48_size         = $0000 ; const, public, def, , ,
__rodata_fp_math48_tail         = $8CC0 ; const, public, def, , ,
__rodata_fp_mbf32_head          = $8CC0 ; const, public, def, , ,
__rodata_fp_mbf32_size          = $0000 ; const, public, def, , ,
__rodata_fp_mbf32_tail          = $8CC0 ; const, public, def, , ,
__rodata_fp_mbf64_head          = $8CC0 ; const, public, def, , ,
__rodata_fp_mbf64_size          = $0000 ; const, public, def, , ,
__rodata_fp_mbf64_tail          = $8CC0 ; const, public, def, , ,
__rodata_fp_size                = $0000 ; const, public, def, , ,
__rodata_fp_tail                = $8CC0 ; const, public, def, , ,
__rodata_graphics_head          = $8D58 ; const, public, def, , ,
__rodata_graphics_size          = $0000 ; const, public, def, , ,
__rodata_graphics_tail          = $8D58 ; const, public, def, , ,
__rodata_psg_head               = $8D58 ; const, public, def, , ,
__rodata_psg_size               = $0000 ; const, public, def, , ,
__rodata_psg_tail               = $8D58 ; const, public, def, , ,
__rodata_sound_ay_head          = $8D58 ; const, public, def, , ,
__rodata_sound_ay_size          = $0000 ; const, public, def, , ,
__rodata_sound_ay_tail          = $8D58 ; const, public, def, , ,
__rodata_sound_bit_head         = $8D58 ; const, public, def, , ,
__rodata_sound_bit_size         = $0000 ; const, public, def, , ,
__rodata_sound_bit_tail         = $8D58 ; const, public, def, , ,
__rodata_splib2_head            = $8D58 ; const, public, def, , ,
__rodata_splib2_size            = $0000 ; const, public, def, , ,
__rodata_splib2_tail            = $8D58 ; const, public, def, , ,
__rodata_user_head              = $8D58 ; const, public, def, , ,
__rodata_user_size              = $0000 ; const, public, def, , ,
__rodata_user_tail              = $8D58 ; const, public, def, , ,
__rodata_video_vdp_head         = $8D58 ; const, public, def, , ,
__rodata_video_vdp_size         = $0000 ; const, public, def, , ,
__rodata_video_vdp_tail         = $8D58 ; const, public, def, , ,
__sgoioblk                      = $8D5A ; addr, public, , z80_crt0, bss_crt, /Users/painfuldiodes/z88dk/lib/config/../..//lib/crt/classic/crt_section.inc:98
__sgoioblk_end                  = $8DBE ; addr, public, , z80_crt0, bss_crt, /Users/painfuldiodes/z88dk/lib/config/../..//lib/crt/classic/crt_section.inc:100
__size                          = $0F69 ; const, public, def, , ,
__smc_clib_head                 = $8F65 ; const, public, def, , ,
__smc_clib_size                 = $0000 ; const, public, def, , ,
__smc_clib_tail                 = $8F65 ; const, public, def, , ,
__smc_compress_head             = $8F65 ; const, public, def, , ,
__smc_compress_size             = $0000 ; const, public, def, , ,
__smc_compress_tail             = $8F65 ; const, public, def, , ,
__smc_fp_head                   = $8F65 ; const, public, def, , ,
__smc_fp_size                   = $0000 ; const, public, def, , ,
__smc_fp_tail                   = $8F65 ; const, public, def, , ,
__smc_sound_ay_head             = $8F65 ; const, public, def, , ,
__smc_sound_ay_size             = $0000 ; const, public, def, , ,
__smc_sound_ay_tail             = $8F65 ; const, public, def, , ,
__smc_user_head                 = $8F65 ; const, public, def, , ,
__smc_user_size                 = $0000 ; const, public, def, , ,
__smc_user_tail                 = $8F65 ; const, public, def, , ,
__smc_video_vdp_head            = $8F65 ; const, public, def, , ,
__smc_video_vdp_size            = $0000 ; const, public, def, , ,
__smc_video_vdp_tail            = $8F65 ; const, public, def, , ,
__stdlib_seed                   = $8F65 ; addr, public, , __stdlib_seed, data_stdlib, /home/build/z88dk/build/z88dk/libsrc/_DEVELOPMENT/stdlib/z80/__stdlib_seed.asm:7
__tail                          = $8F69 ; const, public, def, , ,
_alive                          = $8F54 ; addr, public, , main_c, bss_compiler, main.c::delay::0::42:270
_clearScreen                    = $81C4 ; addr, public, , main_c, code_compiler, terminal.h::clearScreen::0::0:1
_cursorMove                     = $81F1 ; addr, public, , main_c, code_compiler, terminal.h::cursorMove::0::3:13
_delay                          = $88B7 ; addr, public, , main_c, code_compiler, main.c::delay::0::42:270
_drawSnake                      = $8704 ; addr, public, , main_c, code_compiler, main.c::drawSnake::0::33:234
_dropFruit                      = $8805 ; addr, public, , main_c, code_compiler, main.c::dropFruit::0::35:245
_errno                          = $8D58 ; addr, public, , _errno, bss_error, ../_DEVELOPMENT/error/z80/_errno.asm:7
_fchkstd                        = $895D ; addr, public, , stdio_fchkstd_c, code_compiler, stdio/fchkstd.c::fchkstd::0::0:22
_fgetc_cons                     = $8026 ; addr, public, , beanboard_asm, , /Users/painfuldiodes/Documents/GitHub/PainfulDiodes/BeanZeeBytes/c_examples/console_snake/../lib/marvin.asm:20
_fputc_callee                   = $88E7 ; addr, public, , stdio_fputc_callee_c, code_compiler, stdio/fputc_callee.c::wrapper_fputc_callee::0::0:20
_fputc_cons                     = $801D ; addr, public, , z80_crt0, , /Users/painfuldiodes/z88dk/lib/config/../..//lib/crt/classic/crt_runtime_selection.inc:539
_fputc_cons_native              = $801D ; addr, public, , beanboard_asm, , /Users/painfuldiodes/Documents/GitHub/PainfulDiodes/BeanZeeBytes/c_examples/console_snake/../lib/marvin.asm:7
_fruit_x                        = $8F5D ; addr, public, , main_c, bss_compiler, main.c::delay::0::42:270
_fruit_y                        = $8F5F ; addr, public, , main_c, bss_compiler, main.c::delay::0::42:270
_gameLoop                       = $84D9 ; addr, public, , main_c, code_compiler, main.c::gameLoop::0::23:141
_gameOver                       = $827D ; addr, public, , main_c, code_compiler, main.c::gameOver::0::12:67
_hideCursor                     = $820C ; addr, public, , main_c, code_compiler, terminal.h::hideCursor::0::4:17
_isWithinSnake                  = $884C ; addr, public, , main_c, code_compiler, main.c::isWithinSnake::0::38:256
_length                         = $8F57 ; addr, public, , main_c, bss_compiler, main.c::delay::0::42:270
_main                           = $8222 ; addr, public, , main_c, code_compiler, main.c::main::0::7:41
_marvin_readchar                = $802D ; addr, public, , beanboard_asm, , /Users/painfuldiodes/Documents/GitHub/PainfulDiodes/BeanZeeBytes/c_examples/console_snake/../lib/marvin.asm:35
_motion                         = $8F5B ; addr, public, , main_c, bss_compiler, main.c::delay::0::42:270
_move                           = $85B3 ; addr, public, , main_c, code_compiler, main.c::move::0::27:174
_printScore                     = $889B ; addr, public, , main_c, code_compiler, main.c::printScore::0::41:265
_rand                           = $8C72 ; addr, public, , rand, code_stdlib, /home/build/z88dk/build/z88dk/libsrc/_DEVELOPMENT/stdlib/c/sccz80/rand.asm:24
_score                          = $8F59 ; addr, public, , main_c, bss_compiler, main.c::delay::0::42:270
_seed                           = $8F55 ; addr, public, , main_c, bss_compiler, main.c::delay::0::42:270
_setCell                        = $86E5 ; addr, public, , main_c, code_compiler, main.c::setCell::0::32:229
_setCursor                      = $81CF ; addr, public, , main_c, code_compiler, terminal.h::setCursor::0::1:5
_setCursorHome                  = $81E6 ; addr, public, , main_c, code_compiler, terminal.h::setCursorHome::0::2:9
_setupGame                      = $8478 ; addr, public, , main_c, code_compiler, main.c::setupGame::0::21:122
_showCursor                     = $8217 ; addr, public, , main_c, code_compiler, terminal.h::showCursor::0::5:21
_splash                         = $82C9 ; addr, public, , main_c, code_compiler, main.c::splash::0::13:79
_splashBox                      = $8373 ; addr, public, , main_c, code_compiler, main.c::splashBox::0::15:96
_splashDot                      = $8452 ; addr, public, , main_c, code_compiler, main.c::splashDot::0::20:116
_srand_fastcall                 = $8C8C ; addr, public, , srand_fastcall, code_stdlib, /home/build/z88dk/build/z88dk/libsrc/_DEVELOPMENT/stdlib/c/sccz80/srand_fastcall.asm:16
_wrapper_fputc_callee           = $88E7 ; addr, local, , stdio_fputc_callee_c, code_compiler, stdio/fputc_callee.c::wrapper_fputc_callee::0::0:20
_wrapper_fputc_callee_8080      = $895D ; addr, local, , stdio_fputc_callee_c, code_compiler, stdio/fputc_callee.c::wrapper_fputc_callee_8080::0::2:128
_wrapper_fputc_callee_z80       = $88F6 ; addr, local, , stdio_fputc_callee_c, code_compiler, stdio/fputc_callee.c::wrapper_fputc_callee_z80::0::1:54
_writebyte                      = $8BA8 ; addr, public, , writebyte, code_clib, writebyte.asm:13
_x_cell_pos                     = $8DC0 ; addr, public, , main_c, bss_compiler, main.c::delay::0::42:270
_y_cell_pos                     = $8E8A ; addr, public, , main_c, bss_compiler, main.c::delay::0::42:270
adjust_width                    = $8A42 ; addr, local, , __printf_print_aligned, code_clib, stdio/__printf_print_aligned.asm:36
asm_fputc_callee                = $88F6 ; addr, public, , stdio_fputc_callee_c, code_compiler, stdio/fputc_callee.c::wrapper_fputc_callee_z80::0::1:54
asm_printf                      = $8AC4 ; addr, public, , asm_printf, code_clib, stdio/asm_printf.asm:25
asm_rand                        = $8C72 ; addr, public, , asm_rand, code_stdlib, /home/build/z88dk/build/z88dk/libsrc/_DEVELOPMENT/stdlib/z80/asm_rand.asm:19
asm_random_uniform_xor_32       = $8C98 ; addr, public, , asm_random_uniform_xor_32, code_stdlib, /home/build/z88dk/build/z88dk/libsrc/_DEVELOPMENT/stdlib/z80/random/asm_random_uniform_xor_32.asm:23
asm_srand                       = $8C8C ; addr, public, , asm_srand, code_stdlib, /home/build/z88dk/build/z88dk/libsrc/_DEVELOPMENT/stdlib/z80/asm_srand.asm:19
base_graphics                   = $8DBE ; addr, public, , z80_crt0, bss_crt, /Users/painfuldiodes/z88dk/lib/config/../..//lib/crt/classic/crt_section.inc:105
buffer_done                     = $8A61 ; addr, local, , __printf_print_aligned, code_clib, stdio/__printf_print_aligned.asm:71
change_ap_decrement             = $8B62 ; addr, local, , get_16bit_ap_parameter, code_clib, stdio/get_16bit_ap_parameter.asm:34
check_long_qualifier            = $8B2F ; addr, local, , asm_printf, code_clib, stdio/asm_printf.asm:227
common                          = $8089 ; addr, local, , l_long_div_u, code_l_sccz80, ../_DEVELOPMENT/l/sccz80/5-z80/i32/l_long_div_u.asm:28
cont                            = $8B09 ; addr, local, , asm_printf, code_clib, stdio/asm_printf.asm:192
crt0_exit                       = $805C ; addr, local, , z80_crt0, code_crt_exit, /Users/painfuldiodes/z88dk/lib/config/../..//lib/crt/classic/crt_section.inc:88
crt0_init                       = $8034 ; addr, local, , z80_crt0, code_crt_init, /Users/painfuldiodes/z88dk/lib/config/../..//lib/crt/classic/crt_section.inc:25
divide_by_zero                  = $8BCA ; addr, local, , l_small_divs_16_16x16, code_math, ../_DEVELOPMENT/math/integer/small/l_small_divs_16_16x16.asm:76
divide_zero                     = $8C0C ; addr, local, , l_small_divu_16_16x16, code_math, ../_DEVELOPMENT/math/integer/small/l_small_divu_16_16x16.asm:141
divide_zero                     = $8C59 ; addr, local, , l_small_divu_32_32x32, code_math, ../_DEVELOPMENT/math/integer/small/l_small_divu_32_32x32.asm:120
divisor_sixteen_bit             = $8BDE ; addr, local, , l_small_divu_16_16x16, code_math, ../_DEVELOPMENT/math/integer/small/l_small_divu_16_16x16.asm:50
divloop                         = $89E4 ; addr, local, , __printf_number, code_clib, stdio/__printf_number.asm:143
doprint_return                  = $8AA5 ; addr, local, , __printf_doprint, code_clib, stdio/__printf_doprint.asm:53
end                             = $812A ; addr, local, , l_case, code_l_sccz80, ../_DEVELOPMENT/l/sccz80/9-common/l_case.asm:42
errno_mc                        = $8C62 ; addr, public, , errno_mc, code_error, ../_DEVELOPMENT/error/z80/errno_mc.asm:21
error_divide_by_zero_mc         = $8C60 ; addr, public, , error_divide_by_zero_mc, code_error, ../_DEVELOPMENT/error/z80/error_divide_by_zero_mc.asm:12
error_edom_mc                   = $8C60 ; addr, public, , error_edom_mc, code_error, ../_DEVELOPMENT/error/z80/error_edom_mc.asm:57
error_mc                        = $8C6D ; addr, public, , error_mc, code_error, ../_DEVELOPMENT/error/z80/error_mc.asm:11
fchkstd                         = $895D ; addr, public, , stdio_fchkstd_c, code_compiler, stdio/fchkstd.c::fchkstd::0::0:22
fgetc_cons                      = $8026 ; addr, public, , beanboard_asm, , /Users/painfuldiodes/Documents/GitHub/PainfulDiodes/BeanZeeBytes/c_examples/console_snake/../lib/marvin.asm:19
fp_desc                         = $0000 ; const, local, , stdio_fputc_callee_c, , /home/build/z88dk/build/z88dk/lib/config//../..//include/stdio.h:117
fp_extra                        = $0004 ; const, local, , stdio_fputc_callee_c, , /home/build/z88dk/build/z88dk/lib/config//../..//include/stdio.h:117
fp_flags                        = $0002 ; const, local, , stdio_fputc_callee_c, , /home/build/z88dk/build/z88dk/lib/config//../..//include/stdio.h:117
fputc_callee                    = $88E7 ; addr, public, , stdio_fputc_callee_c, code_compiler, stdio/fputc_callee.c::wrapper_fputc_callee::0::0:20
fputc_cons                      = $801D ; addr, public, , z80_crt0, , /Users/painfuldiodes/z88dk/lib/config/../..//lib/crt/classic/crt_runtime_selection.inc:530
fputc_cons_native               = $801D ; addr, public, , beanboard_asm, , /Users/painfuldiodes/Documents/GitHub/PainfulDiodes/BeanZeeBytes/c_examples/console_snake/../lib/marvin.asm:6
get_16bit_ap_parameter          = $8B55 ; addr, public, , get_16bit_ap_parameter, code_clib, stdio/get_16bit_ap_parameter.asm:12
get_32bit_ap_parameter          = $8B66 ; addr, public, , get_32bit_ap_parameter, code_clib, stdio/get_32bit_ap_parameter.asm:12
get_next_char                   = $8B37 ; addr, local, , asm_printf, code_clib, stdio/asm_printf.asm:235
getchar                         = $0023 ; const, local, , beanboard_asm, , /Users/painfuldiodes/Documents/GitHub/PainfulDiodes/BeanZeeBytes/c_examples/console_snake/../lib/beanboard.map:123
handle_percent                  = $8B12 ; addr, local, , asm_printf, code_clib, stdio/asm_printf.asm:199
handlelong                      = $0001 ; const, local, , __printf_number, code_clib, stdio/__printf_number.asm:21
i_100_i_99                      = $8891 ; addr, local, , main_c, code_compiler, main.c::isWithinSnake::0::38:256
i_101                           = $88C1 ; addr, local, , main_c, code_compiler, main.c::delay::0::42:270
i_102                           = $88E4 ; addr, local, , main_c, code_compiler, main.c::delay::0::42:270
i_103                           = $88D0 ; addr, local, , main_c, code_compiler, main.c::delay::0::42:270
i_10                            = $831B ; addr, local, , main_c, code_compiler, main.c::splash::0::13:79
i_11                            = $8355 ; addr, local, , main_c, code_compiler, main.c::splash::0::13:79
i_12                            = $831E ; addr, local, , main_c, code_compiler, main.c::splash::0::13:79
i_13                            = $831B ; addr, local, , main_c, code_compiler, main.c::delay::0::42:270
i_14                            = $837A ; addr, local, , main_c, code_compiler, main.c::splashBox::0::15:96
i_15                            = $83A4 ; addr, local, , main_c, code_compiler, main.c::splashBox::0::15:96
i_16                            = $837D ; addr, local, , main_c, code_compiler, main.c::splashBox::0::15:96
i_17                            = $837A ; addr, local, , main_c, code_compiler, main.c::delay::0::42:270
i_18                            = $83AC ; addr, local, , main_c, code_compiler, main.c::splashBox::0::15:96
i_19                            = $83DC ; addr, local, , main_c, code_compiler, main.c::splashBox::0::15:96
i_1                             = $8CC0 ; addr, local, , main_c, rodata_compiler, main.c::delay::0::42:270
i_20                            = $83AF ; addr, local, , main_c, code_compiler, main.c::splashBox::0::15:96
i_21                            = $83AC ; addr, local, , main_c, code_compiler, main.c::delay::0::42:270
i_22                            = $83E4 ; addr, local, , main_c, code_compiler, main.c::splashBox::0::15:96
i_23                            = $8413 ; addr, local, , main_c, code_compiler, main.c::splashBox::0::15:96
i_24                            = $83E8 ; addr, local, , main_c, code_compiler, main.c::splashBox::0::15:96
i_25                            = $83E4 ; addr, local, , main_c, code_compiler, main.c::delay::0::42:270
i_26                            = $841C ; addr, local, , main_c, code_compiler, main.c::splashBox::0::15:96
i_27                            = $844D ; addr, local, , main_c, code_compiler, main.c::splashBox::0::15:96
i_28                            = $8420 ; addr, local, , main_c, code_compiler, main.c::splashBox::0::15:96
i_29                            = $841C ; addr, local, , main_c, code_compiler, main.c::delay::0::42:270
i_2                             = $822C ; addr, local, , main_c, code_compiler, main.c::main::0::7:41
i_30                            = $8496 ; addr, local, , main_c, code_compiler, main.c::setupGame::0::21:122
i_31                            = $84CB ; addr, local, , main_c, code_compiler, main.c::setupGame::0::21:122
i_32                            = $8499 ; addr, local, , main_c, code_compiler, main.c::setupGame::0::21:122
i_33                            = $859A ; addr, local, , main_c, code_compiler, main.c::gameLoop::0::23:141
i_35                            = $859A ; addr, local, , main_c, code_compiler, main.c::delay::0::42:270
i_36                            = $84E5 ; addr, local, , main_c, code_compiler, main.c::gameLoop::0::23:141
i_37                            = $84FD ; addr, local, , main_c, code_compiler, main.c::gameLoop::0::23:141
i_38                            = $8511 ; addr, local, , main_c, code_compiler, main.c::gameLoop::0::23:141
i_39                            = $859A ; addr, local, , main_c, code_compiler, main.c::delay::0::42:270
i_3                             = $827B ; addr, local, , main_c, code_compiler, main.c::main::0::7:41
i_40                            = $859A ; addr, local, , main_c, code_compiler, main.c::delay::0::42:270
i_41                            = $8525 ; addr, local, , main_c, code_compiler, main.c::gameLoop::0::23:141
i_42                            = $8539 ; addr, local, , main_c, code_compiler, main.c::gameLoop::0::23:141
i_43                            = $859A ; addr, local, , main_c, code_compiler, main.c::delay::0::42:270
i_44                            = $859A ; addr, local, , main_c, code_compiler, main.c::delay::0::42:270
i_45                            = $854D ; addr, local, , main_c, code_compiler, main.c::gameLoop::0::23:141
i_46                            = $8561 ; addr, local, , main_c, code_compiler, main.c::gameLoop::0::23:141
i_47                            = $859A ; addr, local, , main_c, code_compiler, main.c::delay::0::42:270
i_48                            = $859A ; addr, local, , main_c, code_compiler, main.c::delay::0::42:270
i_49                            = $8575 ; addr, local, , main_c, code_compiler, main.c::gameLoop::0::23:141
i_4                             = $822F ; addr, local, , main_c, code_compiler, main.c::main::0::7:41
i_50                            = $8589 ; addr, local, , main_c, code_compiler, main.c::gameLoop::0::23:141
i_51                            = $859A ; addr, local, , main_c, code_compiler, main.c::delay::0::42:270
i_52                            = $859A ; addr, local, , main_c, code_compiler, main.c::delay::0::42:270
i_53                            = $859A ; addr, local, , main_c, code_compiler, main.c::delay::0::42:270
i_54                            = $85B1 ; addr, local, , main_c, code_compiler, main.c::gameLoop::0::23:141
i_55                            = $85BC ; addr, local, , main_c, code_compiler, main.c::move::0::27:174
i_57                            = $85F8 ; addr, local, , main_c, code_compiler, main.c::move::0::27:174
i_58                            = $85C7 ; addr, local, , main_c, code_compiler, main.c::move::0::27:174
i_59                            = $85DF ; addr, local, , main_c, code_compiler, main.c::move::0::27:174
i_5                             = $823F ; addr, local, , main_c, code_compiler, main.c::main::0::7:41
i_60                            = $85E7 ; addr, local, , main_c, code_compiler, main.c::move::0::27:174
i_61                            = $85EF ; addr, local, , main_c, code_compiler, main.c::move::0::27:174
i_62                            = $85F5 ; addr, local, , main_c, code_compiler, main.c::move::0::27:174
i_63                            = $85F8 ; addr, local, , main_c, code_compiler, main.c::delay::0::42:270
i_64                            = $8646 ; addr, local, , main_c, code_compiler, main.c::move::0::27:174
i_65                            = $8636 ; addr, local, , main_c, code_compiler, main.c::move::0::27:174
i_67                            = $864D ; addr, local, , main_c, code_compiler, main.c::move::0::27:174
i_68                            = $8697 ; addr, local, , main_c, code_compiler, main.c::move::0::27:174
i_69                            = $8650 ; addr, local, , main_c, code_compiler, main.c::move::0::27:174
i_6                             = $8242 ; addr, local, , main_c, code_compiler, main.c::main::0::7:41
i_70                            = $86DF ; addr, local, , main_c, code_compiler, main.c::move::0::27:174
i_71                            = $86DF ; addr, local, , main_c, code_compiler, main.c::delay::0::42:270
i_72_i_71                       = $86C6 ; addr, local, , main_c, code_compiler, main.c::move::0::27:174
i_73                            = $870D ; addr, local, , main_c, code_compiler, main.c::drawSnake::0::33:234
i_74                            = $87E0 ; addr, local, , main_c, code_compiler, main.c::drawSnake::0::33:234
i_75                            = $8710 ; addr, local, , main_c, code_compiler, main.c::drawSnake::0::33:234
i_76                            = $8759 ; addr, local, , main_c, code_compiler, main.c::drawSnake::0::33:234
i_79                            = $8748 ; addr, local, , main_c, code_compiler, main.c::drawSnake::0::33:234
i_7                             = $822C ; addr, local, , main_c, code_compiler, main.c::delay::0::42:270
i_80                            = $874B ; addr, local, , main_c, code_compiler, main.c::drawSnake::0::33:234
i_81                            = $87D2 ; addr, local, , main_c, code_compiler, main.c::drawSnake::0::33:234
i_82                            = $879C ; addr, local, , main_c, code_compiler, main.c::drawSnake::0::33:234
i_85                            = $878B ; addr, local, , main_c, code_compiler, main.c::drawSnake::0::33:234
i_86                            = $878E ; addr, local, , main_c, code_compiler, main.c::drawSnake::0::33:234
i_87                            = $87D2 ; addr, local, , main_c, code_compiler, main.c::delay::0::42:270
i_8                             = $8268 ; addr, local, , main_c, code_compiler, main.c::main::0::7:41
i_90                            = $87C4 ; addr, local, , main_c, code_compiler, main.c::drawSnake::0::33:234
i_91                            = $87C7 ; addr, local, , main_c, code_compiler, main.c::drawSnake::0::33:234
i_92                            = $8805 ; addr, local, , main_c, code_compiler, main.c::dropFruit::0::35:245
i_93                            = $884B ; addr, local, , main_c, code_compiler, main.c::dropFruit::0::35:245
i_94                            = $8805 ; addr, local, , main_c, code_compiler, main.c::delay::0::42:270
i_95                            = $8853 ; addr, local, , main_c, code_compiler, main.c::isWithinSnake::0::38:256
i_96                            = $8896 ; addr, local, , main_c, code_compiler, main.c::isWithinSnake::0::38:256
i_97                            = $8856 ; addr, local, , main_c, code_compiler, main.c::isWithinSnake::0::38:256
i_98                            = $8853 ; addr, local, , main_c, code_compiler, main.c::delay::0::42:270
i_99                            = $8853 ; addr, local, , main_c, code_compiler, main.c::delay::0::42:270
i_9                             = $8242 ; addr, local, , main_c, code_compiler, main.c::delay::0::42:270
l0_divs_16_16x16                = $8BAE ; addr, public, , l_divs_16_16x16, code_math, ../_DEVELOPMENT/math/integer/l_divs_16_16x16.asm:30
l0_divu_16_16x16                = $8BDA ; addr, public, , l_divu_16_16x16, code_math, ../_DEVELOPMENT/math/integer/l_divu_16_16x16.asm:30
l0_divu_32_32x32                = $8C17 ; addr, public, , l_divu_32_32x32, code_math, ../_DEVELOPMENT/math/integer/l_divu_32_32x32.asm:23
l0_small_divs_16_16x16          = $8BAE ; addr, public, , l_small_divs_16_16x16, code_math, ../_DEVELOPMENT/math/integer/small/l_small_divs_16_16x16.asm:41
l0_small_divu_16_16x16          = $8BDA ; addr, public, , l_small_divu_16_16x16, code_math, ../_DEVELOPMENT/math/integer/small/l_small_divu_16_16x16.asm:42
l0_small_divu_16_16x8           = $8BFA ; addr, public, , l_small_divu_16_16x16, code_math, ../_DEVELOPMENT/math/integer/small/l_small_divu_16_16x16.asm:112
l0_small_divu_32_32x32          = $8C17 ; addr, public, , l_small_divu_32_32x32, code_math, ../_DEVELOPMENT/math/integer/small/l_small_divu_32_32x32.asm:44
l1_small_divu_32_32x32          = $8C25 ; addr, public, , l_small_divu_32_32x32, code_math, ../_DEVELOPMENT/math/integer/small/l_small_divu_32_32x32.asm:60
l_case                          = $8114 ; addr, public, , l_case, code_l_sccz80, ../_DEVELOPMENT/l/sccz80/9-common/l_case.asm:10
l_compare_result                = $8146 ; addr, public, , l_compare_result, code_l_sccz80, ../_DEVELOPMENT/l/sccz80/9-common/l_compare_result.asm:6
l_dcal                          = $8014 ; addr, public, , z80_crt0, , /Users/painfuldiodes/z88dk/lib/config/../..//lib/target/z80/classic/z80_crt0.asm:85
l_div                           = $8BA9 ; addr, public, , l_div, code_l_sccz80, ../_DEVELOPMENT/l/sccz80/5-z80/l_div.asm:17
l_divs_16_16x16                 = $8BAA ; addr, public, , l_divs_16_16x16, code_math, ../_DEVELOPMENT/math/integer/l_divs_16_16x16.asm:29
l_divu_16_16x16                 = $8BD6 ; addr, public, , l_divu_16_16x16, code_math, ../_DEVELOPMENT/math/integer/l_divu_16_16x16.asm:29
l_divu_32_32x32                 = $8C11 ; addr, public, , l_divu_32_32x32, code_math, ../_DEVELOPMENT/math/integer/l_divu_32_32x32.asm:22
l_eq                            = $809E ; addr, public, , l_eq, code_l_sccz80, ../_DEVELOPMENT/l/sccz80/5-z80/l_eq.asm:13
l_g2intspsp                     = $80A8 ; addr, public, , l_g2intspsp, code_l_sccz80, ../_DEVELOPMENT/l/sccz80/8-8080/l_g2intspsp.asm:10
l_gchar1                        = $812D ; addr, public, , l_gchar, code_l_sccz80, ../_DEVELOPMENT/l/sccz80/9-common/l_gchar.asm:17
l_gchar2                        = $812C ; addr, public, , l_gchar, code_l_sccz80, ../_DEVELOPMENT/l/sccz80/9-common/l_gchar.asm:15
l_gchar3                        = $812B ; addr, public, , l_gchar, code_l_sccz80, ../_DEVELOPMENT/l/sccz80/9-common/l_gchar.asm:13
l_gchar                         = $812E ; addr, public, , l_gchar, code_l_sccz80, ../_DEVELOPMENT/l/sccz80/9-common/l_gchar.asm:19
l_gchar_sxt                     = $812F ; addr, public, , l_gchar, code_l_sccz80, ../_DEVELOPMENT/l/sccz80/9-common/l_gchar.asm:25
l_ge                            = $8134 ; addr, public, , l_ge, code_l_sccz80, ../_DEVELOPMENT/l/sccz80/9-common/l_ge.asm:13
l_gint1                         = $814E ; addr, public, , l_gint, code_l_sccz80, ../_DEVELOPMENT/l/sccz80/9-common/l_gint.asm:14
l_gint2                         = $814D ; addr, public, , l_gint, code_l_sccz80, ../_DEVELOPMENT/l/sccz80/9-common/l_gint.asm:12
l_gint3                         = $814C ; addr, public, , l_gint, code_l_sccz80, ../_DEVELOPMENT/l/sccz80/9-common/l_gint.asm:10
l_gint4sp                       = $8154 ; addr, public, , l_gint4sp, code_l_sccz80, ../_DEVELOPMENT/l/sccz80/9-common/l_gint4sp.asm:10
l_gint6sp                       = $815D ; addr, public, , l_gint6sp, code_l_sccz80, ../_DEVELOPMENT/l/sccz80/9-common/l_gint6sp.asm:10
l_gint8sp                       = $8166 ; addr, public, , l_gint8sp, code_l_sccz80, ../_DEVELOPMENT/l/sccz80/9-common/l_gint8sp.asm:10
l_gint                          = $814F ; addr, public, , l_gint, code_l_sccz80, ../_DEVELOPMENT/l/sccz80/9-common/l_gint.asm:16
l_gintspsp                      = $80BB ; addr, public, , l_gintspsp, code_l_sccz80, ../_DEVELOPMENT/l/sccz80/8-8080/l_gintspsp.asm:10
l_glong2sp                      = $80D6 ; addr, public, , l_glong2sp, code_l_sccz80, ../_DEVELOPMENT/l/sccz80/8-8080/l_glong2sp.asm:19
l_glong2sp_hlp                  = $80D2 ; addr, public, , l_glong2sp, code_l_sccz80, ../_DEVELOPMENT/l/sccz80/8-8080/l_glong2sp.asm:12
l_glong                         = $80C8 ; addr, public, , l_glong, code_l_sccz80, ../_DEVELOPMENT/l/sccz80/8-8080/l_glong.asm:19
l_glonghlp                      = $80C4 ; addr, public, , l_glong, code_l_sccz80, ../_DEVELOPMENT/l/sccz80/8-8080/l_glong.asm:13
l_gt                            = $816F ; addr, public, , l_gt, code_l_sccz80, ../_DEVELOPMENT/l/sccz80/9-common/l_gt.asm:13
l_hlneg                         = $8075 ; addr, public, , l_neg, code_l_sccz80, ../_DEVELOPMENT/l/sccz80/9-common/l_neg.asm:16
l_inc_dehl                      = $805D ; addr, public, , l_inc_dehl, code_l, ../_DEVELOPMENT/l/sccz80/9-common/i32/l_inc_dehl.asm:7
l_inclong                       = $805D ; addr, public, , l_inclong, code_l_sccz80, ../_DEVELOPMENT/l/sccz80/9-common/i32/l_inclong.asm:15
l_int2long_s                    = $8096 ; addr, public, , int2long_s, code_l_sccz80, ../_DEVELOPMENT/l/sccz80/5-z80/int2long_s.asm:10
l_jphl                          = $817F ; addr, public, , l_jphl, code_l_sccz80, ../_DEVELOPMENT/l/sccz80/9-common/l_jphl.asm:7
l_le                            = $8180 ; addr, public, , l_le, code_l_sccz80, ../_DEVELOPMENT/l/sccz80/9-common/l_le.asm:13
l_lneg                          = $8192 ; addr, public, , l_lneg, code_l_sccz80, ../_DEVELOPMENT/l/sccz80/9-common/l_lneg.asm:12
l_long_div_u                    = $8088 ; addr, public, , l_long_div_u, code_l_sccz80, ../_DEVELOPMENT/l/sccz80/5-z80/i32/l_long_div_u.asm:26
l_long_mod_u                    = $8085 ; addr, public, , l_long_div_u, code_l_sccz80, ../_DEVELOPMENT/l/sccz80/5-z80/i32/l_long_div_u.asm:23
l_long_neg                      = $8063 ; addr, public, , l_long_neg, code_l_sccz80, ../_DEVELOPMENT/l/sccz80/9-common/i32/l_long_neg.asm:12
l_long_ucmp                     = $80E7 ; addr, public, , l_long_ucmp, code_l_sccz80, ../_DEVELOPMENT/l/sccz80/5-z80/i32/l_long_ucmp.asm:24
l_long_ult                      = $80E1 ; addr, public, , l_long_ult, code_l_sccz80, ../_DEVELOPMENT/l/sccz80/9-common/i32/l_long_ult.asm:12
l_lt                            = $819B ; addr, public, , l_lt, code_l_sccz80, ../_DEVELOPMENT/l/sccz80/9-common/l_lt.asm:13
l_neg                           = $8075 ; addr, public, , l_neg, code_l_sccz80, ../_DEVELOPMENT/l/sccz80/9-common/l_neg.asm:15
l_neg_de                        = $807D ; addr, public, , l_neg_de, code_l, ../_DEVELOPMENT/l/util/9-common/integer/l_neg_de.asm:15
l_neg_dehl                      = $8063 ; addr, public, , l_neg_dehl, code_l, ../_DEVELOPMENT/l/sccz80/9-common/i32/l_neg_dehl.asm:7
l_neg_hl                        = $8075 ; addr, public, , l_neg_hl, code_l, ../_DEVELOPMENT/l/util/9-common/integer/l_neg_hl.asm:15
l_pint                          = $81AE ; addr, public, , l_pint, code_l_sccz80, ../_DEVELOPMENT/l/sccz80/9-common/l_pint.asm:14
l_pint_pop                      = $81AB ; addr, public, , l_pint_pop, code_l_sccz80, ../_DEVELOPMENT/l/sccz80/9-common/l_pint_pop.asm:12
l_pint_pop_pint                 = $81AE ; addr, public, , l_pint_pop, code_l_sccz80, ../_DEVELOPMENT/l/sccz80/9-common/l_pint_pop.asm:18
l_plong                         = $81B4 ; addr, public, , l_plong, code_l_sccz80, ../_DEVELOPMENT/l/sccz80/9-common/l_plong.asm:10
l_ret                           = $81C3 ; addr, public, , l_ret, code_l_sccz80, ../_DEVELOPMENT/l/sccz80/9-common/l_ret.asm:14
l_small_divs_16_16x16           = $8BAA ; addr, public, , l_small_divs_16_16x16, code_math, ../_DEVELOPMENT/math/integer/small/l_small_divs_16_16x16.asm:14
l_small_divu_16_16x16           = $8BD6 ; addr, public, , l_small_divu_16_16x16, code_math, ../_DEVELOPMENT/math/integer/small/l_small_divu_16_16x16.asm:17
l_small_divu_16_16x8            = $8BF6 ; addr, public, , l_small_divu_16_16x16, code_math, ../_DEVELOPMENT/math/integer/small/l_small_divu_16_16x16.asm:87
l_small_divu_32_32x32           = $8C11 ; addr, public, , l_small_divu_32_32x32, code_math, ../_DEVELOPMENT/math/integer/small/l_small_divu_32_32x32.asm:17
l_sxt                           = $812F ; addr, public, , l_sxt, code_l_sccz80, ../_DEVELOPMENT/l/sccz80/9-common/l_sxt.asm:14
loop                            = $8116 ; addr, local, , l_case, code_l_sccz80, ../_DEVELOPMENT/l/sccz80/9-common/l_case.asm:15
loop_0                          = $8C28 ; addr, local, , l_small_divu_32_32x32, code_math, ../_DEVELOPMENT/math/integer/small/l_small_divu_32_32x32.asm:69
loop_16_0                       = $8BE4 ; addr, local, , l_small_divu_16_16x16, code_math, ../_DEVELOPMENT/math/integer/small/l_small_divu_16_16x16.asm:60
loop_16_1                       = $8BEC ; addr, local, , l_small_divu_16_16x16, code_math, ../_DEVELOPMENT/math/integer/small/l_small_divu_16_16x16.asm:69
loop_1                          = $8C44 ; addr, local, , l_small_divu_32_32x32, code_math, ../_DEVELOPMENT/math/integer/small/l_small_divu_32_32x32.asm:94
loop_8_0                        = $8BFE ; addr, local, , l_small_divu_16_16x16, code_math, ../_DEVELOPMENT/math/integer/small/l_small_divu_16_16x16.asm:118
loop_8_1                        = $8C07 ; addr, local, , l_small_divu_16_16x16, code_math, ../_DEVELOPMENT/math/integer/small/l_small_divu_16_16x16.asm:132
loop_8_2                        = $8C05 ; addr, local, , l_small_divu_16_16x16, code_math, ../_DEVELOPMENT/math/integer/small/l_small_divu_16_16x16.asm:127
marvin_readchar                 = $802D ; addr, public, , beanboard_asm, , /Users/painfuldiodes/Documents/GitHub/PainfulDiodes/BeanZeeBytes/c_examples/console_snake/../lib/marvin.asm:34
miniprintn                      = $89A0 ; addr, local, , __printf_number, code_clib, stdio/__printf_number.asm:54
miniprintn_start_process        = $89E2 ; addr, local, , __printf_number, code_clib, stdio/__printf_number.asm:139
negative                        = $810C ; addr, local, , l_long_ucmp, code_l_sccz80, ../_DEVELOPMENT/l/sccz80/5-z80/i32/l_long_ucmp.asm:86
no_cons                         = $894F ; addr, local, , stdio_fputc_callee_c, code_compiler, stdio/fputc_callee.c::wrapper_fputc_callee_z80::0::1:54
no_format_found                 = $8B51 ; addr, local, , asm_printf, code_clib, stdio/asm_printf.asm:265
no_format_match                 = $8B4C ; addr, local, , asm_printf, code_clib, stdio/asm_printf.asm:260
no_inc                          = $8A8F ; addr, local, , __printf_doprint, code_clib, stdio/__printf_doprint.asm:34
no_long_qualifier               = $8B39 ; addr, local, , asm_printf, code_clib, stdio/asm_printf.asm:242
no_net                          = $8940 ; addr, local, , stdio_fputc_callee_c, code_compiler, stdio/fputc_callee.c::wrapper_fputc_callee_z80::0::1:54
no_string                       = $892B ; addr, local, , stdio_fputc_callee_c, code_compiler, stdio/fputc_callee.c::wrapper_fputc_callee_z80::0::1:54
noneg                           = $89B2 ; addr, local, , __printf_number, code_clib, stdio/__printf_number.asm:76
pickuplong_sccz80               = $8B76 ; addr, local, , get_32bit_ap_parameter, code_clib, stdio/get_32bit_ap_parameter.asm:33
positive                        = $8103 ; addr, local, , l_long_ucmp, code_l_sccz80, ../_DEVELOPMENT/l/sccz80/5-z80/i32/l_long_ucmp.asm:75
print_buffer                    = $8A4E ; addr, local, , __printf_print_aligned, code_clib, stdio/__printf_print_aligned.asm:55
print_buffer_end                = $8A61 ; addr, local, , __printf_print_aligned, code_clib, stdio/__printf_print_aligned.asm:74
print_char_to_buf               = $8912 ; addr, local, , stdio_fputc_callee_c, code_compiler, stdio/fputc_callee.c::wrapper_fputc_callee_z80::0::1:54
print_format_character          = $8B0D ; addr, local, , asm_printf, code_clib, stdio/asm_printf.asm:195
print_padding                   = $8A6F ; addr, local, , __printf_print_aligned, code_clib, stdio/__printf_print_aligned.asm:87
print_padding_loop              = $8A63 ; addr, local, , __printf_print_aligned, code_clib, stdio/__printf_print_aligned.asm:76
printf                          = $8B82 ; addr, public, , printf, code_clib, stdio/printf.asm:23
printf_number16                 = $8994 ; addr, local, , __printf_number, code_clib, stdio/__printf_number.asm:44
printlong                       = $898F ; addr, local, , __printf_number, code_clib, stdio/__printf_number.asm:37
printloop1                      = $8A0B ; addr, local, , __printf_number, code_clib, stdio/__printf_number.asm:208
printloop                       = $89FC ; addr, local, , __printf_number, code_clib, stdio/__printf_number.asm:195
printsign                       = $89AD ; addr, local, , __printf_number, code_clib, stdio/__printf_number.asm:71
putchar                         = $0045 ; const, local, , beanboard_asm, , /Users/painfuldiodes/Documents/GitHub/PainfulDiodes/BeanZeeBytes/c_examples/console_snake/../lib/beanboard.map:135
rand                            = $8C72 ; addr, public, , rand, code_stdlib, /home/build/z88dk/build/z88dk/libsrc/_DEVELOPMENT/stdlib/c/sccz80/rand.asm:12
readchar                        = $002B ; const, local, , beanboard_asm, , /Users/painfuldiodes/Documents/GitHub/PainfulDiodes/BeanZeeBytes/c_examples/console_snake/../lib/beanboard.map:138
seed_ok                         = $8C91 ; addr, local, , asm_srand, code_stdlib, /home/build/z88dk/build/z88dk/libsrc/_DEVELOPMENT/stdlib/z80/asm_srand.asm:31
srand_fastcall                  = $8C8C ; addr, public, , srand_fastcall, code_stdlib, /home/build/z88dk/build/z88dk/libsrc/_DEVELOPMENT/stdlib/c/sccz80/srand_fastcall.asm:11
start                           = $8000 ; addr, local, , z80_crt0, , /Users/painfuldiodes/z88dk/lib/config/../..//lib/target/z80/classic/z80_crt0.asm:57
width_done                      = $8A45 ; addr, local, , __printf_print_aligned, code_clib, stdio/__printf_print_aligned.asm:49
writebyte                       = $8BA8 ; addr, public, , writebyte, code_clib, writebyte.asm:12
