LCD_BLINK_ON                    = $0001 ; const, local, , beanboard, , ../lib/beanboard.map:17
LCD_CLEAR_DISPLAY               = $0001 ; const, local, , beanboard, , ../lib/beanboard.map:18
LCD_CURSOR_ON                   = $0002 ; const, local, , beanboard, , ../lib/beanboard.map:20
LCD_DATA_LEN_8                  = $0010 ; const, local, , beanboard, , ../lib/beanboard.map:22
LCD_DISPLAY_ON                  = $0004 ; const, local, , beanboard, , ../lib/beanboard.map:23
LCD_DISPLAY_ON_OFF_CONTROL      = $0008 ; const, local, , beanboard, , ../lib/beanboard.map:24
LCD_DISP_LINES_2                = $0008 ; const, local, , beanboard, , ../lib/beanboard.map:25
LCD_FONT_8                      = $0000 ; const, local, , beanboard, , ../lib/beanboard.map:27
LCD_FUNCTION_SET                = $0020 ; const, local, , beanboard, , ../lib/beanboard.map:28
LCD_LINE_3_ADDR                 = $0054 ; const, local, , beanboard, , ../lib/beanboard.map:32
LCD_SET_DDRAM_ADDR              = $0080 ; const, local, , beanboard, , ../lib/beanboard.map:35
ORGDEF                          = $8000 ; const, local, , beanboard, , beanboard.asm:0
WARMSTART                       = $0010 ; const, local, , beanboard, , ../lib/beanboard.map:59
__head                          = $8000 ; const, public, def, , ,
__size                          = $005C ; const, public, def, , ,
__tail                          = $805C ; const, public, def, , ,
end                             = $8027 ; addr, local, , beanboard, , main.asm:25
getchar                         = $0023 ; const, local, , beanboard, , ../lib/beanboard.map:123
lcd_init                        = $021B ; const, local, , beanboard, , ../lib/beanboard.map:129
lcd_putchar                     = $0248 ; const, local, , beanboard, , ../lib/beanboard.map:130
lcd_putcmd                      = $0232 ; const, local, , beanboard, , ../lib/beanboard.map:131
loop                            = $801A ; addr, local, , beanboard, , main.asm:13
puts                            = $0065 ; const, local, , beanboard, , ../lib/beanboard.map:137
start                           = $8000 ; addr, local, , beanboard, , main.asm:1
start_message                   = $802D ; addr, local, , beanboard, , main.asm:29
