RAMSTART                        = $8000 ; const, local, , helloworld, , ../lib/beanzee.map:10
START                           = $0065 ; const, local, , helloworld, , ../lib/beanzee.map:12
__head                          = $8000 ; const, public, def, , ,
__size                          = $0028 ; const, public, def, , ,
__tail                          = $8028 ; const, public, def, , ,
end                             = $8009 ; addr, local, , helloworld, , helloworld.asm:17
getchar                         = $0006 ; const, local, , helloworld, , ../lib/beanzee.map:47
message                         = $800C ; addr, local, , helloworld, , helloworld.asm:21
print                           = $8003 ; addr, local, , helloworld, , helloworld.asm:10
puts                            = $001A ; const, local, , helloworld, , ../lib/beanzee.map:52
start                           = $8000 ; addr, local, , helloworld, , helloworld.asm:7
wait                            = $8006 ; addr, local, , helloworld, , helloworld.asm:13
