CLIB_32BIT_FLOATS               = $0000 ; const, public, , z80_crt0, , /Users/painfuldiodes/z88dk/lib/config/../..//lib/crt/classic/crt_rules.inc:219
CLIB_64BIT_FLOATS               = $0000 ; const, public, , z80_crt0, , /Users/painfuldiodes/z88dk/lib/config/../..//lib/crt/classic/crt_rules.inc:223
CLIB_BANKING_STACK_SIZE         = $0064 ; const, public, , z80_crt0, , /Users/painfuldiodes/z88dk/lib/config/../..//lib/crt/classic/crt_rules.inc:123
CLIB_DEFAULT_SCREEN_MODE        = $FFFFFFFFFFFFFFFF ; const, public, , z80_crt0, , /Users/painfuldiodes/z88dk/lib/config/../..//lib/crt/classic/crt_rules.inc:231
CLIB_EXIT_SCREEN_MODE           = $FFFFFFFFFFFFFFFF ; const, public, , z80_crt0, , /Users/painfuldiodes/z88dk/lib/config/../..//lib/crt/classic/crt_rules.inc:236
CLIB_FIRMWARE_KEYBOARD_CLICK    = $FFFFFFFFFFFFFFFF ; const, local, , z80_crt0, , /Users/painfuldiodes/z88dk/lib/config/../..//lib/crt/classic/crt_rules.inc:298
CLIB_FONT_HEIGHT                = $0008 ; const, local, , z80_crt0, , /Users/painfuldiodes/z88dk/lib/config/../..//lib/crt/classic/crt_rules.inc:291
CLIB_FOPEN_MAX                  = $000A ; const, local, , z80_crt0, , /Users/painfuldiodes/z88dk/lib/config/../..//lib/crt/classic/crt_rules.inc:242
CLIB_GFX_FATPIX                 = $0000 ; const, public, , z80_crt0, , /Users/painfuldiodes/z88dk/lib/config/../..//lib/crt/classic/crt_rules.inc:312
CLIB_KBHIT_NOSTORE              = $0000 ; const, public, , z80_crt0, , /Users/painfuldiodes/z88dk/lib/config/../..//lib/crt/classic/crt_runtime_selection.inc:593
CLIB_OPEN_MAX                   = $000A ; const, local, , z80_crt0, , /Users/painfuldiodes/z88dk/lib/config/../..//lib/crt/classic/crt_rules.inc:253
CLIB_OPT_PRINTF                 = $0401 ; const, local, , z80_crt0, , /Users/painfuldiodes/z88dk/lib/config/../..//lib/crt/classic/crt_runtime_selection.inc:169
CLIB_RND_BLOCKSIZE              = $03E8 ; const, local, , z80_crt0, , /Users/painfuldiodes/z88dk/lib/config/../..//lib/crt/classic/crt_rules.inc:284
CONSOLE_XOFFSET                 = $0000 ; const, public, , z80_crt0, , /Users/painfuldiodes/z88dk/lib/config/../..//lib/crt/classic/crt_runtime_selection.inc:584
CONSOLE_YOFFSET                 = $0000 ; const, public, , z80_crt0, , /Users/painfuldiodes/z88dk/lib/config/../..//lib/crt/classic/crt_runtime_selection.inc:588
CRT_ENABLE_STDIO                = $0001 ; const, local, , z80_crt0, , /Users/painfuldiodes/z88dk/lib/config/../..//lib/crt/classic/crt_rules.inc:103
CRT_INITIALIZE_BSS              = $0001 ; const, local, , z80_crt0, , /Users/painfuldiodes/z88dk/lib/config/../..//lib/crt/classic/crt_rules.inc:7
CRT_ON_EXIT                     = $0010 ; const, local, , z80_crt0, , /tmp/tmpzcc25s0PPPB/zcc_opt.def:12
CRT_ORG_CODE                    = $8000 ; const, local, , z80_crt0, , /tmp/tmpzcc25s0PPPB/zcc_opt.def:4
CRT_printf_format               = $0401 ; const, local, , z80_crt0, , /tmp/tmpzcc25s0PPPB/zcc_opt.def:20
DEFINED_CRT_ON_EXIT             = $0001 ; const, local, , z80_crt0, , /tmp/tmpzcc25s0PPPB/zcc_opt.def:11
DEFINED_CRT_ORG_CODE            = $0001 ; const, local, , z80_crt0, , /tmp/tmpzcc25s0PPPB/zcc_opt.def:3
DEFINED_CRT_printf_format       = $0001 ; const, local, , z80_crt0, , /tmp/tmpzcc25s0PPPB/zcc_opt.def:19
DEFINED_fputc_cons              = $0001 ; const, local, , z80_crt0, , /Users/painfuldiodes/z88dk/lib/config/../..//lib/crt/classic/crt_runtime_selection.inc:527
DEF__clib_banking_stack_size    = $0064 ; const, local, , z80_crt0, , /Users/painfuldiodes/z88dk/lib/config/../..//lib/crt/classic/crt_defaults.inc:22
DEF__clib_gfx_fatpix            = $0000 ; const, local, , z80_crt0, , /Users/painfuldiodes/z88dk/lib/config/../..//lib/crt/classic/crt_defaults.inc:24
DEF__clib_malloc_heap_size      = $FFFFFFFFFFFFFFFF ; const, local, , z80_crt0, , /Users/painfuldiodes/z88dk/lib/config/../..//lib/crt/classic/crt_defaults.inc:16
DEF__crt_enable_eidi            = $0000 ; const, local, , z80_crt0, , /Users/painfuldiodes/z88dk/lib/config/../..//lib/crt/classic/crt_defaults.inc:9
DEF__crt_enable_restart         = $0000 ; const, local, , z80_crt0, , /Users/painfuldiodes/z88dk/lib/config/../..//lib/crt/classic/crt_defaults.inc:7
DEF__crt_enable_rst             = $0000 ; const, local, , z80_crt0, , /Users/painfuldiodes/z88dk/lib/config/../..//lib/crt/classic/crt_defaults.inc:12
DEF__crt_interrupt_mode         = $FFFFFFFFFFFFFFFF ; const, local, , z80_crt0, , /Users/painfuldiodes/z88dk/lib/config/../..//lib/crt/classic/crt_defaults.inc:10
DEF__crt_interrupt_mode_exit    = $FFFFFFFFFFFFFFFF ; const, local, , z80_crt0, , /Users/painfuldiodes/z88dk/lib/config/../..//lib/crt/classic/crt_defaults.inc:11
DEF__crt_stack_size             = $FFFFFFFFFFFFFFFF ; const, local, , z80_crt0, , /Users/painfuldiodes/z88dk/lib/config/../..//lib/crt/classic/crt_defaults.inc:15
GPIO_IN                         = $0007 ; const, local, , beanboard_asm, , ../../lib/extra.map:2
GPIO_OUT                        = $0006 ; const, local, , beanboard_asm, , ../../lib/extra.map:1
KEYSCAN_IN                      = $0003 ; const, local, , beanboard_asm, , ../../lib/beanboard.map:14
KEYSCAN_OUT                     = $0002 ; const, local, , beanboard_asm, , ../../lib/beanboard.map:15
NEED_printf                     = $0001 ; const, local, , z80_crt0, , /tmp/tmpzcc25s0PPPB/zcc_opt.def:30
TAR__clib_exit_stack_size       = $0020 ; const, local, , z80_crt0, , /Users/painfuldiodes/z88dk/lib/config/../..//lib/target/z80/classic/z80_crt0.asm:41
TAR__crt_enable_nmi             = $0000 ; const, local, , z80_crt0, , /Users/painfuldiodes/z88dk/lib/config/../..//lib/crt/classic/crt_rules.inc:38
TAR__crt_enable_rst             = $0000 ; const, local, , z80_crt0, , /Users/painfuldiodes/z88dk/lib/config/../..//lib/crt/classic/crt_rules.inc:25
TAR__crt_on_exit                = $10001 ; const, local, , z80_crt0, , /Users/painfuldiodes/z88dk/lib/config/../..//lib/target/z80/classic/z80_crt0.asm:43
TAR__register_sp                = $FFFFFFFFFFFFFFFF ; const, local, , z80_crt0, , /Users/painfuldiodes/z88dk/lib/config/../..//lib/target/z80/classic/z80_crt0.asm:39
__BSS_END_head                  = $865A ; const, public, def, , ,
__BSS_END_size                  = $0000 ; const, public, def, , ,
__BSS_END_tail                  = $865A ; const, public, def, , ,
__BSS_head                      = $85EE ; const, public, def, , ,
__BSS_size                      = $0000 ; const, public, def, , ,
__BSS_tail                      = $85EE ; const, public, def, , ,
__CLIB_CONIO_NATIVE_COLOUR      = $0000 ; const, public, , z80_crt0, , /Users/painfuldiodes/z88dk/lib/config/../..//lib/crt/classic/crt_rules.inc:172
__CLIB_DISABLE_FGETS_CURSOR     = $0000 ; const, public, , z80_crt0, , /Users/painfuldiodes/z88dk/lib/config/../..//lib/crt/classic/crt_rules.inc:181
__CLIB_FGETC_CONS_DELAY         = $0032 ; const, public, , z80_crt0, , /Users/painfuldiodes/z88dk/lib/config/../..//lib/crt/classic/crt_rules.inc:190
__CLIB_FIRMWARE_KEYBOARD_CLICK  = $FFFFFFFFFFFFFFFF ; const, public, , z80_crt0, , /Users/painfuldiodes/z88dk/lib/config/../..//lib/crt/classic/crt_rules.inc:301
__CLIB_FONT_HEIGHT              = $0008 ; const, public, , z80_crt0, , /Users/painfuldiodes/z88dk/lib/config/../..//lib/crt/classic/crt_rules.inc:294
__CLIB_KBHIT_DELAY              = $0000 ; const, public, , z80_crt0, , /Users/painfuldiodes/z88dk/lib/config/../..//lib/crt/classic/crt_rules.inc:199
__CLIB_OPEN_MAX                 = $000A ; const, public, , z80_crt0, , /Users/painfuldiodes/z88dk/lib/config/../..//lib/crt/classic/crt_rules.inc:257
__CLIB_OPT_IMATH                = $0000 ; const, local, , l_divu_32_32x32, , ../config_private.inc:27
__CODE_END_head                 = $859D ; const, public, def, , ,
__CODE_END_size                 = $0000 ; const, public, def, , ,
__CODE_END_tail                 = $859D ; const, public, def, , ,
__CODE_head                     = $806E ; const, public, def, , ,
__CODE_size                     = $0000 ; const, public, def, , ,
__CODE_tail                     = $806E ; const, public, def, , ,
__CPU_CLOCK                     = $3D0900 ; const, public, , z80_crt0, , /Users/painfuldiodes/z88dk/lib/config/../..//lib/target/z80/classic/z80_crt0.asm:45
__CPU_Z80__                     = $0001 ; const, local, , __printf_doprint, , stdio/__printf_doprint.asm:0
__CPU_Z80__                     = $0001 ; const, local, , __printf_print_aligned, , stdio/__printf_print_aligned.asm:0
__CRT_KEY_CAPS_LOCK             = $0006 ; const, public, , z80_crt0, , /Users/painfuldiodes/z88dk/lib/config/../..//lib/crt/classic/crt_rules.inc:160
__CRT_KEY_DEL                   = $0008 ; const, public, , z80_crt0, , /Users/painfuldiodes/z88dk/lib/config/../..//lib/crt/classic/crt_rules.inc:153
__DATA_END_head                 = $865A ; const, public, def, , ,
__DATA_END_size                 = $0000 ; const, public, def, , ,
__DATA_END_tail                 = $865A ; const, public, def, , ,
__DATA_head                     = $8659 ; const, public, def, , ,
__DATA_size                     = $0001 ; const, public, def, , ,
__DATA_tail                     = $865A ; const, public, def, , ,
__Exit                          = $800E ; addr, public, , z80_crt0, , /Users/painfuldiodes/z88dk/lib/config/../..//lib/target/z80/classic/z80_crt0.asm:75
__FOPEN_MAX                     = $000A ; const, public, , z80_crt0, , /Users/painfuldiodes/z88dk/lib/config/../..//lib/crt/classic/crt_rules.inc:245
__MMAP                          = $0000 ; const, local, , z80_crt0, , /Users/painfuldiodes/z88dk/lib/config/../..//lib/crt/classic/crt_rules.inc:322
__RND_BLOCKSIZE                 = $03E8 ; const, public, , z80_crt0, , /Users/painfuldiodes/z88dk/lib/config/../..//lib/crt/classic/crt_rules.inc:287
__RODATA_END_head               = $85EE ; const, public, def, , ,
__RODATA_END_size               = $0000 ; const, public, def, , ,
__RODATA_END_tail               = $85EE ; const, public, def, , ,
__RODATA_head                   = $859D ; const, public, def, , ,
__RODATA_size                   = $0000 ; const, public, def, , ,
__RODATA_tail                   = $859D ; const, public, def, , ,
__ROMABLE_END_head              = $85EE ; const, public, def, , ,
__ROMABLE_END_size              = $0000 ; const, public, def, , ,
__ROMABLE_END_tail              = $85EE ; const, public, def, , ,
___fchkstd                      = $8278 ; addr, public, , stdio_fchkstd_c, code_compiler, stdio/fchkstd.c::fchkstd::0::0:22
___fgetc                        = $81DD ; addr, public, , stdio_fgetc_c, code_compiler, stdio/fgetc.c::fgetc::0::0:20
___writebyte                    = $853A ; addr, public, , writebyte, code_clib, writebyte.asm:14
__bss_PSGlib_head               = $8659 ; const, public, def, , ,
__bss_PSGlib_size               = $0000 ; const, public, def, , ,
__bss_PSGlib_tail               = $8659 ; const, public, def, , ,
__bss_alloc_balloc_head         = $8659 ; const, public, def, , ,
__bss_alloc_balloc_size         = $0000 ; const, public, def, , ,
__bss_alloc_balloc_tail         = $8659 ; const, public, def, , ,
__bss_arch_head                 = $8656 ; const, public, def, , ,
__bss_arch_size                 = $0000 ; const, public, def, , ,
__bss_arch_tail                 = $8656 ; const, public, def, , ,
__bss_clib_head                 = $8656 ; const, public, def, , ,
__bss_clib_size                 = $0003 ; const, public, def, , ,
__bss_clib_tail                 = $8659 ; const, public, def, , ,
__bss_compiler_head             = $8656 ; const, public, def, , ,
__bss_compiler_size             = $0000 ; const, public, def, , ,
__bss_compiler_tail             = $8656 ; const, public, def, , ,
__bss_compress_aplib_head       = $85EE ; const, public, def, , ,
__bss_compress_aplib_size       = $0000 ; const, public, def, , ,
__bss_compress_aplib_tail       = $85EE ; const, public, def, , ,
__bss_crt_head                  = $85F0 ; const, public, def, , ,
__bss_crt_size                  = $0066 ; const, public, def, , ,
__bss_crt_tail                  = $8656 ; const, public, def, , ,
__bss_driver_head               = $8656 ; const, public, def, , ,
__bss_driver_size               = $0000 ; const, public, def, , ,
__bss_driver_tail               = $8656 ; const, public, def, , ,
__bss_error_head                = $85EE ; const, public, def, , ,
__bss_error_size                = $0002 ; const, public, def, , ,
__bss_error_tail                = $85F0 ; const, public, def, , ,
__bss_far_head                  = $8656 ; const, public, def, , ,
__bss_far_size                  = $0000 ; const, public, def, , ,
__bss_far_tail                  = $8656 ; const, public, def, , ,
__bss_fardata_head              = $8656 ; const, public, def, , ,
__bss_fardata_size              = $0000 ; const, public, def, , ,
__bss_fardata_tail              = $8656 ; const, public, def, , ,
__bss_fp_am9511_head            = $85EE ; const, public, def, , ,
__bss_fp_am9511_size            = $0000 ; const, public, def, , ,
__bss_fp_am9511_tail            = $85EE ; const, public, def, , ,
__bss_fp_dai32_head             = $85EE ; const, public, def, , ,
__bss_fp_dai32_size             = $0000 ; const, public, def, , ,
__bss_fp_dai32_tail             = $85EE ; const, public, def, , ,
__bss_fp_head                   = $85EE ; const, public, def, , ,
__bss_fp_math16_head            = $85EE ; const, public, def, , ,
__bss_fp_math16_size            = $0000 ; const, public, def, , ,
__bss_fp_math16_tail            = $85EE ; const, public, def, , ,
__bss_fp_math32_head            = $85EE ; const, public, def, , ,
__bss_fp_math32_size            = $0000 ; const, public, def, , ,
__bss_fp_math32_tail            = $85EE ; const, public, def, , ,
__bss_fp_mbf32_head             = $85EE ; const, public, def, , ,
__bss_fp_mbf32_size             = $0000 ; const, public, def, , ,
__bss_fp_mbf32_tail             = $85EE ; const, public, def, , ,
__bss_fp_mbf64_head             = $85EE ; const, public, def, , ,
__bss_fp_mbf64_size             = $0000 ; const, public, def, , ,
__bss_fp_mbf64_tail             = $85EE ; const, public, def, , ,
__bss_fp_size                   = $0000 ; const, public, def, , ,
__bss_fp_tail                   = $85EE ; const, public, def, , ,
__bss_graphics_head             = $8659 ; const, public, def, , ,
__bss_graphics_size             = $0000 ; const, public, def, , ,
__bss_graphics_tail             = $8659 ; const, public, def, , ,
__bss_psg_head                  = $8659 ; const, public, def, , ,
__bss_psg_size                  = $0000 ; const, public, def, , ,
__bss_psg_tail                  = $8659 ; const, public, def, , ,
__bss_sound_ay_head             = $8659 ; const, public, def, , ,
__bss_sound_ay_size             = $0000 ; const, public, def, , ,
__bss_sound_ay_tail             = $8659 ; const, public, def, , ,
__bss_splib2_head               = $8659 ; const, public, def, , ,
__bss_splib2_size               = $0000 ; const, public, def, , ,
__bss_splib2_tail               = $8659 ; const, public, def, , ,
__bss_string_head               = $8659 ; const, public, def, , ,
__bss_string_size               = $0000 ; const, public, def, , ,
__bss_string_tail               = $8659 ; const, public, def, , ,
__bss_user_head                 = $8659 ; const, public, def, , ,
__bss_user_size                 = $0000 ; const, public, def, , ,
__bss_user_tail                 = $8659 ; const, public, def, , ,
__bss_video_vdp_head            = $8659 ; const, public, def, , ,
__bss_video_vdp_size            = $0000 ; const, public, def, , ,
__bss_video_vdp_tail            = $8659 ; const, public, def, , ,
__clib_exit_stack_size          = $0020 ; const, public, , z80_crt0, , /Users/painfuldiodes/z88dk/lib/config/../..//lib/crt/classic/crt_rules.inc:110
__clib_malloc_heap_size         = $FFFFFFFFFFFFFFFF ; const, local, , z80_crt0, , /Users/painfuldiodes/z88dk/lib/config/../..//lib/crt/classic/crt_rules.inc:144
__code_PSGlib_head              = $859D ; const, public, def, , ,
__code_PSGlib_size              = $0000 ; const, public, def, , ,
__code_PSGlib_tail              = $859D ; const, public, def, , ,
__code_adt_b_array_head         = $859D ; const, public, def, , ,
__code_adt_b_array_size         = $0000 ; const, public, def, , ,
__code_adt_b_array_tail         = $859D ; const, public, def, , ,
__code_adt_b_vector_head        = $859D ; const, public, def, , ,
__code_adt_b_vector_size        = $0000 ; const, public, def, , ,
__code_adt_b_vector_tail        = $859D ; const, public, def, , ,
__code_adt_ba_priority_queue_head = $859D ; const, public, def, , ,
__code_adt_ba_priority_queue_size = $0000 ; const, public, def, , ,
__code_adt_ba_priority_queue_tail = $859D ; const, public, def, , ,
__code_adt_ba_stack_head        = $859D ; const, public, def, , ,
__code_adt_ba_stack_size        = $0000 ; const, public, def, , ,
__code_adt_ba_stack_tail        = $859D ; const, public, def, , ,
__code_adt_bv_priority_queue_head = $859D ; const, public, def, , ,
__code_adt_bv_priority_queue_size = $0000 ; const, public, def, , ,
__code_adt_bv_priority_queue_tail = $859D ; const, public, def, , ,
__code_adt_bv_stack_head        = $859D ; const, public, def, , ,
__code_adt_bv_stack_size        = $0000 ; const, public, def, , ,
__code_adt_bv_stack_tail        = $859D ; const, public, def, , ,
__code_adt_p_forward_list_alt_head = $859D ; const, public, def, , ,
__code_adt_p_forward_list_alt_size = $0000 ; const, public, def, , ,
__code_adt_p_forward_list_alt_tail = $859D ; const, public, def, , ,
__code_adt_p_forward_list_head  = $859D ; const, public, def, , ,
__code_adt_p_forward_list_size  = $0000 ; const, public, def, , ,
__code_adt_p_forward_list_tail  = $859D ; const, public, def, , ,
__code_adt_p_list_head          = $859D ; const, public, def, , ,
__code_adt_p_list_size          = $0000 ; const, public, def, , ,
__code_adt_p_list_tail          = $859D ; const, public, def, , ,
__code_adt_p_queue_head         = $859D ; const, public, def, , ,
__code_adt_p_queue_size         = $0000 ; const, public, def, , ,
__code_adt_p_queue_tail         = $859D ; const, public, def, , ,
__code_adt_p_stack_head         = $859D ; const, public, def, , ,
__code_adt_p_stack_size         = $0000 ; const, public, def, , ,
__code_adt_p_stack_tail         = $859D ; const, public, def, , ,
__code_adt_w_array_head         = $859D ; const, public, def, , ,
__code_adt_w_array_size         = $0000 ; const, public, def, , ,
__code_adt_w_array_tail         = $859D ; const, public, def, , ,
__code_adt_w_vector_head        = $859D ; const, public, def, , ,
__code_adt_w_vector_size        = $0000 ; const, public, def, , ,
__code_adt_w_vector_tail        = $859D ; const, public, def, , ,
__code_adt_wa_priority_queue_head = $859D ; const, public, def, , ,
__code_adt_wa_priority_queue_size = $0000 ; const, public, def, , ,
__code_adt_wa_priority_queue_tail = $859D ; const, public, def, , ,
__code_adt_wa_stack_head        = $859D ; const, public, def, , ,
__code_adt_wa_stack_size        = $0000 ; const, public, def, , ,
__code_adt_wa_stack_tail        = $859D ; const, public, def, , ,
__code_adt_wv_priority_queue_head = $859D ; const, public, def, , ,
__code_adt_wv_priority_queue_size = $0000 ; const, public, def, , ,
__code_adt_wv_priority_queue_tail = $859D ; const, public, def, , ,
__code_adt_wv_stack_head        = $859D ; const, public, def, , ,
__code_adt_wv_stack_size        = $0000 ; const, public, def, , ,
__code_adt_wv_stack_tail        = $859D ; const, public, def, , ,
__code_alloc_balloc_head        = $859D ; const, public, def, , ,
__code_alloc_balloc_size        = $0000 ; const, public, def, , ,
__code_alloc_balloc_tail        = $859D ; const, public, def, , ,
__code_alloc_obstack_head       = $859D ; const, public, def, , ,
__code_alloc_obstack_size       = $0000 ; const, public, def, , ,
__code_alloc_obstack_tail       = $859D ; const, public, def, , ,
__code_arch_head                = $859D ; const, public, def, , ,
__code_arch_size                = $0000 ; const, public, def, , ,
__code_arch_tail                = $859D ; const, public, def, , ,
__code_clib_head                = $8305 ; const, public, def, , ,
__code_clib_size                = $0236 ; const, public, def, , ,
__code_clib_tail                = $853B ; const, public, def, , ,
__code_compiler_head            = $80FA ; const, public, def, , ,
__code_compiler_size            = $020B ; const, public, def, , ,
__code_compiler_tail            = $8305 ; const, public, def, , ,
__code_compress_aplib_head      = $853B ; const, public, def, , ,
__code_compress_aplib_size      = $0000 ; const, public, def, , ,
__code_compress_aplib_tail      = $853B ; const, public, def, , ,
__code_compress_zx0_head        = $853B ; const, public, def, , ,
__code_compress_zx0_size        = $0000 ; const, public, def, , ,
__code_compress_zx0_tail        = $853B ; const, public, def, , ,
__code_compress_zx1_head        = $853B ; const, public, def, , ,
__code_compress_zx1_size        = $0000 ; const, public, def, , ,
__code_compress_zx1_tail        = $853B ; const, public, def, , ,
__code_compress_zx2_head        = $853B ; const, public, def, , ,
__code_compress_zx2_size        = $0000 ; const, public, def, , ,
__code_compress_zx2_tail        = $853B ; const, public, def, , ,
__code_compress_zx7_head        = $853B ; const, public, def, , ,
__code_compress_zx7_size        = $0000 ; const, public, def, , ,
__code_compress_zx7_tail        = $853B ; const, public, def, , ,
__code_crt_exit_exit_head       = $8096 ; const, public, def, , ,
__code_crt_exit_exit_size       = $0001 ; const, public, def, , ,
__code_crt_exit_exit_tail       = $8097 ; const, public, def, , ,
__code_crt_exit_head            = $8096 ; const, public, def, , ,
__code_crt_exit_size            = $0000 ; const, public, def, , ,
__code_crt_exit_tail            = $8096 ; const, public, def, , ,
__code_crt_init_exit_head       = $8095 ; const, public, def, , ,
__code_crt_init_exit_size       = $0001 ; const, public, def, , ,
__code_crt_init_exit_tail       = $8096 ; const, public, def, , ,
__code_crt_init_head            = $806E ; const, public, def, , ,
__code_crt_init_size            = $0027 ; const, public, def, , ,
__code_crt_init_tail            = $8095 ; const, public, def, , ,
__code_ctype_head               = $853B ; const, public, def, , ,
__code_ctype_size               = $0000 ; const, public, def, , ,
__code_ctype_tail               = $853B ; const, public, def, , ,
__code_driver_head              = $8097 ; const, public, def, , ,
__code_driver_size              = $0000 ; const, public, def, , ,
__code_driver_tail              = $8097 ; const, public, def, , ,
__code_error_head               = $8588 ; const, public, def, , ,
__code_error_size               = $0015 ; const, public, def, , ,
__code_error_tail               = $859D ; const, public, def, , ,
__code_esxdos_head              = $853B ; const, public, def, , ,
__code_esxdos_size              = $0000 ; const, public, def, , ,
__code_esxdos_tail              = $853B ; const, public, def, , ,
__code_far_head                 = $80FA ; const, public, def, , ,
__code_far_size                 = $0000 ; const, public, def, , ,
__code_far_tail                 = $80FA ; const, public, def, , ,
__code_font_fzx_head            = $859D ; const, public, def, , ,
__code_font_fzx_size            = $0000 ; const, public, def, , ,
__code_font_fzx_tail            = $859D ; const, public, def, , ,
__code_font_head                = $859D ; const, public, def, , ,
__code_font_size                = $0000 ; const, public, def, , ,
__code_font_tail                = $859D ; const, public, def, , ,
__code_fp_am9511_head           = $853B ; const, public, def, , ,
__code_fp_am9511_size           = $0000 ; const, public, def, , ,
__code_fp_am9511_tail           = $853B ; const, public, def, , ,
__code_fp_dai32_head            = $853B ; const, public, def, , ,
__code_fp_dai32_size            = $0000 ; const, public, def, , ,
__code_fp_dai32_tail            = $853B ; const, public, def, , ,
__code_fp_head                  = $853B ; const, public, def, , ,
__code_fp_math16_head           = $853B ; const, public, def, , ,
__code_fp_math16_size           = $0000 ; const, public, def, , ,
__code_fp_math16_tail           = $853B ; const, public, def, , ,
__code_fp_math32_head           = $853B ; const, public, def, , ,
__code_fp_math32_size           = $0000 ; const, public, def, , ,
__code_fp_math32_tail           = $853B ; const, public, def, , ,
__code_fp_math48_head           = $853B ; const, public, def, , ,
__code_fp_math48_size           = $0000 ; const, public, def, , ,
__code_fp_math48_tail           = $853B ; const, public, def, , ,
__code_fp_mbf32_head            = $853B ; const, public, def, , ,
__code_fp_mbf32_size            = $0000 ; const, public, def, , ,
__code_fp_mbf32_tail            = $853B ; const, public, def, , ,
__code_fp_mbf64_head            = $853B ; const, public, def, , ,
__code_fp_mbf64_size            = $0000 ; const, public, def, , ,
__code_fp_mbf64_tail            = $853B ; const, public, def, , ,
__code_fp_size                  = $0000 ; const, public, def, , ,
__code_fp_tail                  = $853B ; const, public, def, , ,
__code_graphics_head            = $859D ; const, public, def, , ,
__code_graphics_size            = $0000 ; const, public, def, , ,
__code_graphics_tail            = $859D ; const, public, def, , ,
__code_home_head                = $80FA ; const, public, def, , ,
__code_home_size                = $0000 ; const, public, def, , ,
__code_home_tail                = $80FA ; const, public, def, , ,
__code_l_clang_head             = $80FA ; const, public, def, , ,
__code_l_clang_size             = $0000 ; const, public, def, , ,
__code_l_clang_tail             = $80FA ; const, public, def, , ,
__code_l_head                   = $8097 ; const, public, def, , ,
__code_l_sccz80_far_head        = $80FA ; const, public, def, , ,
__code_l_sccz80_far_size        = $0000 ; const, public, def, , ,
__code_l_sccz80_far_tail        = $80FA ; const, public, def, , ,
__code_l_sccz80_head            = $80A9 ; const, public, def, , ,
__code_l_sccz80_size            = $0051 ; const, public, def, , ,
__code_l_sccz80_tail            = $80FA ; const, public, def, , ,
__code_l_sdcc_head              = $80A9 ; const, public, def, , ,
__code_l_sdcc_size              = $0000 ; const, public, def, , ,
__code_l_sdcc_tail              = $80A9 ; const, public, def, , ,
__code_l_size                   = $0012 ; const, public, def, , ,
__code_l_tail                   = $80A9 ; const, public, def, , ,
__code_math_head                = $853B ; const, public, def, , ,
__code_math_size                = $004D ; const, public, def, , ,
__code_math_tail                = $8588 ; const, public, def, , ,
__code_psg_head                 = $859D ; const, public, def, , ,
__code_psg_size                 = $0000 ; const, public, def, , ,
__code_psg_tail                 = $859D ; const, public, def, , ,
__code_sound_ay_head            = $859D ; const, public, def, , ,
__code_sound_ay_size            = $0000 ; const, public, def, , ,
__code_sound_ay_tail            = $859D ; const, public, def, , ,
__code_sound_bit_head           = $859D ; const, public, def, , ,
__code_sound_bit_size           = $0000 ; const, public, def, , ,
__code_sound_bit_tail           = $859D ; const, public, def, , ,
__code_splib2_head              = $859D ; const, public, def, , ,
__code_splib2_size              = $0000 ; const, public, def, , ,
__code_splib2_tail              = $859D ; const, public, def, , ,
__code_sprite_sp1_head          = $859D ; const, public, def, , ,
__code_sprite_sp1_size          = $0000 ; const, public, def, , ,
__code_sprite_sp1_tail          = $859D ; const, public, def, , ,
__code_stdlib_head              = $859D ; const, public, def, , ,
__code_stdlib_size              = $0000 ; const, public, def, , ,
__code_stdlib_tail              = $859D ; const, public, def, , ,
__code_string_head              = $859D ; const, public, def, , ,
__code_string_size              = $0000 ; const, public, def, , ,
__code_string_tail              = $859D ; const, public, def, , ,
__code_temp_sp1_head            = $859D ; const, public, def, , ,
__code_temp_sp1_size            = $0000 ; const, public, def, , ,
__code_temp_sp1_tail            = $859D ; const, public, def, , ,
__code_time_head                = $859D ; const, public, def, , ,
__code_time_size                = $0000 ; const, public, def, , ,
__code_time_tail                = $859D ; const, public, def, , ,
__code_user_head                = $859D ; const, public, def, , ,
__code_user_size                = $0000 ; const, public, def, , ,
__code_user_tail                = $859D ; const, public, def, , ,
__code_video_vdp_head           = $859D ; const, public, def, , ,
__code_video_vdp_size           = $0000 ; const, public, def, , ,
__code_video_vdp_tail           = $859D ; const, public, def, , ,
__code_z80_head                 = $80FA ; const, public, def, , ,
__code_z80_size                 = $0000 ; const, public, def, , ,
__code_z80_tail                 = $80FA ; const, public, def, , ,
__crt_enable_eidi               = $0000 ; const, local, , z80_crt0, , /Users/painfuldiodes/z88dk/lib/config/../..//lib/crt/classic/crt_rules.inc:74
__crt_enable_restart            = $0000 ; const, local, , z80_crt0, , /Users/painfuldiodes/z88dk/lib/config/../..//lib/crt/classic/crt_rules.inc:49
__crt_interrupt_mode            = $FFFFFFFFFFFFFFFF ; const, local, , z80_crt0, , /Users/painfuldiodes/z88dk/lib/config/../..//lib/crt/classic/crt_rules.inc:84
__crt_interrupt_mode_exit       = $FFFFFFFFFFFFFFFF ; const, local, , z80_crt0, , /Users/painfuldiodes/z88dk/lib/config/../..//lib/crt/classic/crt_rules.inc:94
__crt_model                     = $0001 ; const, local, , z80_crt0, , /Users/painfuldiodes/z88dk/lib/config/../..//lib/target/z80/classic/z80_crt0.asm:94
__crt_on_exit                   = $0010 ; const, local, , z80_crt0, , /Users/painfuldiodes/z88dk/lib/config/../..//lib/crt/classic/crt_rules.inc:57
__crt_stack_size                = $FFFFFFFFFFFFFFFF ; const, local, , z80_crt0, , /Users/painfuldiodes/z88dk/lib/config/../..//lib/crt/classic/crt_rules.inc:134
__data_PSGlib_head              = $865A ; const, public, def, , ,
__data_PSGlib_size              = $0000 ; const, public, def, , ,
__data_PSGlib_tail              = $865A ; const, public, def, , ,
__data_alloc_balloc_head        = $865A ; const, public, def, , ,
__data_alloc_balloc_size        = $0000 ; const, public, def, , ,
__data_alloc_balloc_tail        = $865A ; const, public, def, , ,
__data_arch_head                = $865A ; const, public, def, , ,
__data_arch_size                = $0000 ; const, public, def, , ,
__data_arch_tail                = $865A ; const, public, def, , ,
__data_clib_head                = $865A ; const, public, def, , ,
__data_clib_size                = $0000 ; const, public, def, , ,
__data_clib_tail                = $865A ; const, public, def, , ,
__data_compiler_head            = $865A ; const, public, def, , ,
__data_compiler_size            = $0000 ; const, public, def, , ,
__data_compiler_tail            = $865A ; const, public, def, , ,
__data_crt_head                 = $865A ; const, public, def, , ,
__data_crt_size                 = $0000 ; const, public, def, , ,
__data_crt_tail                 = $865A ; const, public, def, , ,
__data_driver_head              = $865A ; const, public, def, , ,
__data_driver_size              = $0000 ; const, public, def, , ,
__data_driver_tail              = $865A ; const, public, def, , ,
__data_far_head                 = $865A ; const, public, def, , ,
__data_far_size                 = $0000 ; const, public, def, , ,
__data_far_tail                 = $865A ; const, public, def, , ,
__data_fp_mbf32_head            = $865A ; const, public, def, , ,
__data_fp_mbf32_size            = $0000 ; const, public, def, , ,
__data_fp_mbf32_tail            = $865A ; const, public, def, , ,
__data_graphics_head            = $865A ; const, public, def, , ,
__data_graphics_size            = $0000 ; const, public, def, , ,
__data_graphics_tail            = $865A ; const, public, def, , ,
__data_psg_head                 = $865A ; const, public, def, , ,
__data_psg_size                 = $0000 ; const, public, def, , ,
__data_psg_tail                 = $865A ; const, public, def, , ,
__data_sound_ay_head            = $865A ; const, public, def, , ,
__data_sound_ay_size            = $0000 ; const, public, def, , ,
__data_sound_ay_tail            = $865A ; const, public, def, , ,
__data_splib2_head              = $865A ; const, public, def, , ,
__data_splib2_size              = $0000 ; const, public, def, , ,
__data_splib2_tail              = $865A ; const, public, def, , ,
__data_stdlib_head              = $865A ; const, public, def, , ,
__data_stdlib_size              = $0000 ; const, public, def, , ,
__data_stdlib_tail              = $865A ; const, public, def, , ,
__data_user_head                = $865A ; const, public, def, , ,
__data_user_size                = $0000 ; const, public, def, , ,
__data_user_tail                = $865A ; const, public, def, , ,
__data_video_vdp_head           = $865A ; const, public, def, , ,
__data_video_vdp_size           = $0000 ; const, public, def, , ,
__data_video_vdp_tail           = $865A ; const, public, def, , ,
__exit_atexit_count             = $8656 ; addr, public, , exit_vars, bss_clib, stdlib/exit_vars.asm:8
__exit_atexit_funcs             = $8657 ; addr, public, , exit_vars, bss_clib, stdlib/exit_vars.asm:9
__head                          = $8000 ; const, public, def, , ,
__printf_doprint                = $840C ; addr, public, , __printf_doprint, code_clib, stdio/__printf_doprint.asm:13
__printf_format_search_loop     = $84CF ; addr, public, , asm_printf, code_clib, stdio/asm_printf.asm:247
__printf_format_table64         = $801C ; addr, public, , z80_crt0, , /Users/painfuldiodes/z88dk/lib/config/../..//lib/crt/classic/crt_runtime_selection.inc:286
__printf_format_table           = $8015 ; addr, public, , z80_crt0, , /Users/painfuldiodes/z88dk/lib/config/../..//lib/crt/classic/crt_runtime_selection.inc:211
__printf_get_buffer_address     = $83B3 ; addr, public, , __printf_get_buffer_address, code_clib, stdio/__printf_get_buffer_address.asm:12
__printf_get_flags              = $8499 ; addr, public, , z80_crt0, , /Users/painfuldiodes/z88dk/lib/config/../..//lib/crt/classic/crt_runtime_selection.inc:326
__printf_get_flags_noop         = $8499 ; addr, public, , asm_printf, code_clib, stdio/asm_printf.asm:189
__printf_handle_c               = $8305 ; addr, public, , __printf_handle_c, code_clib, stdio/__printf_handle_c.asm:10
__printf_handle_d               = $8311 ; addr, public, , __printf_handle_d, code_clib, stdio/__printf_handle_d.asm:6
__printf_loop                   = $8480 ; addr, public, , asm_printf, code_clib, stdio/asm_printf.asm:130
__printf_number                 = $8316 ; addr, public, , __printf_number, code_clib, stdio/__printf_number.asm:28
__printf_pickup_far             = $80F9 ; addr, public, , __printf_0_early_override, , stdio/__printf_0_early_override.asm:20
__printf_print_aligned          = $83BB ; addr, public, , __printf_print_aligned, code_clib, stdio/__printf_print_aligned.asm:18
__printf_print_the_buffer       = $83A1 ; addr, public, , __printf_print_the_buffer, code_clib, stdio/__printf_print_the_buffer.asm:12
__printf_print_to_buf           = $8443 ; addr, public, , __printf_print_to_buf, code_clib, stdio/__printf_print_to_buf.asm:11
__register_sp                   = $FFFFFFFFFFFFFFFF ; const, local, , z80_crt0, , /Users/painfuldiodes/z88dk/lib/config/../..//lib/crt/classic/crt_rules.inc:17
__rodata_appdor_head            = $85EE ; const, public, def, , ,
__rodata_appdor_size            = $0000 ; const, public, def, , ,
__rodata_appdor_tail            = $85EE ; const, public, def, , ,
__rodata_arch_head              = $859D ; const, public, def, , ,
__rodata_arch_size              = $0000 ; const, public, def, , ,
__rodata_arch_tail              = $859D ; const, public, def, , ,
__rodata_clib_head              = $85EE ; const, public, def, , ,
__rodata_clib_size              = $0000 ; const, public, def, , ,
__rodata_clib_tail              = $85EE ; const, public, def, , ,
__rodata_compiler_head          = $859D ; const, public, def, , ,
__rodata_compiler_size          = $0051 ; const, public, def, , ,
__rodata_compiler_tail          = $85EE ; const, public, def, , ,
__rodata_driver_head            = $80FA ; const, public, def, , ,
__rodata_driver_size            = $0000 ; const, public, def, , ,
__rodata_driver_tail            = $80FA ; const, public, def, , ,
__rodata_far_head               = $85EE ; const, public, def, , ,
__rodata_far_size               = $0000 ; const, public, def, , ,
__rodata_far_tail               = $85EE ; const, public, def, , ,
__rodata_font_4x8_head          = $85EE ; const, public, def, , ,
__rodata_font_4x8_size          = $0000 ; const, public, def, , ,
__rodata_font_4x8_tail          = $85EE ; const, public, def, , ,
__rodata_font_6x8_head          = $85EE ; const, public, def, , ,
__rodata_font_6x8_size          = $0000 ; const, public, def, , ,
__rodata_font_6x8_tail          = $85EE ; const, public, def, , ,
__rodata_font_8x10_head         = $85EE ; const, public, def, , ,
__rodata_font_8x10_size         = $0000 ; const, public, def, , ,
__rodata_font_8x10_tail         = $85EE ; const, public, def, , ,
__rodata_font_8x8_head          = $85EE ; const, public, def, , ,
__rodata_font_8x8_size          = $0000 ; const, public, def, , ,
__rodata_font_8x8_tail          = $85EE ; const, public, def, , ,
__rodata_font_ansi_head         = $85EE ; const, public, def, , ,
__rodata_font_ansi_size         = $0000 ; const, public, def, , ,
__rodata_font_ansi_tail         = $85EE ; const, public, def, , ,
__rodata_font_fzx_head          = $85EE ; const, public, def, , ,
__rodata_font_fzx_size          = $0000 ; const, public, def, , ,
__rodata_font_fzx_tail          = $85EE ; const, public, def, , ,
__rodata_font_head              = $85EE ; const, public, def, , ,
__rodata_font_size              = $0000 ; const, public, def, , ,
__rodata_font_tail              = $85EE ; const, public, def, , ,
__rodata_fp_am9511_head         = $859D ; const, public, def, , ,
__rodata_fp_am9511_size         = $0000 ; const, public, def, , ,
__rodata_fp_am9511_tail         = $859D ; const, public, def, , ,
__rodata_fp_dai32_head          = $859D ; const, public, def, , ,
__rodata_fp_dai32_size          = $0000 ; const, public, def, , ,
__rodata_fp_dai32_tail          = $859D ; const, public, def, , ,
__rodata_fp_head                = $859D ; const, public, def, , ,
__rodata_fp_math16_head         = $859D ; const, public, def, , ,
__rodata_fp_math16_size         = $0000 ; const, public, def, , ,
__rodata_fp_math16_tail         = $859D ; const, public, def, , ,
__rodata_fp_math32_head         = $859D ; const, public, def, , ,
__rodata_fp_math32_size         = $0000 ; const, public, def, , ,
__rodata_fp_math32_tail         = $859D ; const, public, def, , ,
__rodata_fp_math48_head         = $859D ; const, public, def, , ,
__rodata_fp_math48_size         = $0000 ; const, public, def, , ,
__rodata_fp_math48_tail         = $859D ; const, public, def, , ,
__rodata_fp_mbf32_head          = $859D ; const, public, def, , ,
__rodata_fp_mbf32_size          = $0000 ; const, public, def, , ,
__rodata_fp_mbf32_tail          = $859D ; const, public, def, , ,
__rodata_fp_mbf64_head          = $859D ; const, public, def, , ,
__rodata_fp_mbf64_size          = $0000 ; const, public, def, , ,
__rodata_fp_mbf64_tail          = $859D ; const, public, def, , ,
__rodata_fp_size                = $0000 ; const, public, def, , ,
__rodata_fp_tail                = $859D ; const, public, def, , ,
__rodata_graphics_head          = $85EE ; const, public, def, , ,
__rodata_graphics_size          = $0000 ; const, public, def, , ,
__rodata_graphics_tail          = $85EE ; const, public, def, , ,
__rodata_psg_head               = $85EE ; const, public, def, , ,
__rodata_psg_size               = $0000 ; const, public, def, , ,
__rodata_psg_tail               = $85EE ; const, public, def, , ,
__rodata_sound_ay_head          = $85EE ; const, public, def, , ,
__rodata_sound_ay_size          = $0000 ; const, public, def, , ,
__rodata_sound_ay_tail          = $85EE ; const, public, def, , ,
__rodata_sound_bit_head         = $85EE ; const, public, def, , ,
__rodata_sound_bit_size         = $0000 ; const, public, def, , ,
__rodata_sound_bit_tail         = $85EE ; const, public, def, , ,
__rodata_splib2_head            = $85EE ; const, public, def, , ,
__rodata_splib2_size            = $0000 ; const, public, def, , ,
__rodata_splib2_tail            = $85EE ; const, public, def, , ,
__rodata_user_head              = $85EE ; const, public, def, , ,
__rodata_user_size              = $0000 ; const, public, def, , ,
__rodata_user_tail              = $85EE ; const, public, def, , ,
__rodata_video_vdp_head         = $85EE ; const, public, def, , ,
__rodata_video_vdp_size         = $0000 ; const, public, def, , ,
__rodata_video_vdp_tail         = $85EE ; const, public, def, , ,
__sgoioblk                      = $85F0 ; addr, public, , z80_crt0, bss_crt, /Users/painfuldiodes/z88dk/lib/config/../..//lib/crt/classic/crt_section.inc:98
__sgoioblk_end                  = $8654 ; addr, public, , z80_crt0, bss_crt, /Users/painfuldiodes/z88dk/lib/config/../..//lib/crt/classic/crt_section.inc:100
__size                          = $065A ; const, public, def, , ,
__smc_clib_head                 = $865A ; const, public, def, , ,
__smc_clib_size                 = $0000 ; const, public, def, , ,
__smc_clib_tail                 = $865A ; const, public, def, , ,
__smc_compress_head             = $865A ; const, public, def, , ,
__smc_compress_size             = $0000 ; const, public, def, , ,
__smc_compress_tail             = $865A ; const, public, def, , ,
__smc_fp_head                   = $865A ; const, public, def, , ,
__smc_fp_size                   = $0000 ; const, public, def, , ,
__smc_fp_tail                   = $865A ; const, public, def, , ,
__smc_sound_ay_head             = $865A ; const, public, def, , ,
__smc_sound_ay_size             = $0000 ; const, public, def, , ,
__smc_sound_ay_tail             = $865A ; const, public, def, , ,
__smc_user_head                 = $865A ; const, public, def, , ,
__smc_user_size                 = $0000 ; const, public, def, , ,
__smc_user_tail                 = $865A ; const, public, def, , ,
__smc_video_vdp_head            = $865A ; const, public, def, , ,
__smc_video_vdp_size            = $0000 ; const, public, def, , ,
__smc_video_vdp_tail            = $865A ; const, public, def, , ,
__tail                          = $865A ; const, public, def, , ,
_clearScreen                    = $817F ; addr, public, , main_c, code_compiler, main.c::clearScreen::0::2:38
_cursorMove                     = $81AC ; addr, public, , main_c, code_compiler, main.c::cursorMove::0::5:51
_errno                          = $85EE ; addr, public, , _errno, bss_error, ../_DEVELOPMENT/error/z80/_errno.asm:7
_fchkstd                        = $8278 ; addr, public, , stdio_fchkstd_c, code_compiler, stdio/fchkstd.c::fchkstd::0::0:22
_fgetc                          = $81DD ; addr, public, , stdio_fgetc_c, code_compiler, stdio/fgetc.c::fgetc::0::0:20
_fgetc_cons                     = $8026 ; addr, public, , beanboard_asm, , /Users/painfuldiodes/Documents/GitHub/PainfulDiodes/BeanZeeBytes/c_examples/console_paint/../lib/marvin.asm:20
_fputc_callee                   = $828F ; addr, public, , stdio_fputc_callee_c, code_compiler, stdio/fputc_callee.c::wrapper_fputc_callee::0::0:20
_fputc_cons                     = $801D ; addr, public, , z80_crt0, , /Users/painfuldiodes/z88dk/lib/config/../..//lib/crt/classic/crt_runtime_selection.inc:539
_fputc_cons_native              = $801D ; addr, public, , beanboard_asm, , /Users/painfuldiodes/Documents/GitHub/PainfulDiodes/BeanZeeBytes/c_examples/console_paint/../lib/marvin.asm:7
_hideCursor                     = $81C7 ; addr, public, , main_c, code_compiler, main.c::hideCursor::0::6:55
_main                           = $80FA ; addr, public, , main_c, code_compiler, main.c::main::0::1:18
_marvin_gpio_in                 = $8052 ; addr, public, , beanboard_asm, , ../lib/beanboard.asm:55
_marvin_gpio_out                = $8058 ; addr, public, , beanboard_asm, , ../lib/beanboard.asm:65
_marvin_keyscan_in              = $8060 ; addr, public, , beanboard_asm, , ../lib/beanboard.asm:78
_marvin_keyscan_out             = $8066 ; addr, public, , beanboard_asm, , ../lib/beanboard.asm:88
_marvin_lcd_init                = $8046 ; addr, public, , beanboard_asm, , ../lib/beanboard.asm:35
_marvin_lcd_putchar             = $8034 ; addr, public, , beanboard_asm, , ../lib/beanboard.asm:9
_marvin_lcd_putcmd              = $803D ; addr, public, , beanboard_asm, , ../lib/beanboard.asm:22
_marvin_lcd_puts                = $804A ; addr, public, , beanboard_asm, , ../lib/beanboard.asm:43
_marvin_readchar                = $802D ; addr, public, , beanboard_asm, , /Users/painfuldiodes/Documents/GitHub/PainfulDiodes/BeanZeeBytes/c_examples/console_paint/../lib/marvin.asm:35
_readbyte                       = $8539 ; addr, public, , readbyte, code_clib, readbyte.asm:12
_setCursor                      = $818A ; addr, public, , main_c, code_compiler, main.c::setCursor::0::3:43
_setCursorHome                  = $81A1 ; addr, public, , main_c, code_compiler, main.c::setCursorHome::0::4:47
_showCursor                     = $81D2 ; addr, public, , main_c, code_compiler, main.c::showCursor::0::7:59
_wrapper_fputc_callee           = $828F ; addr, local, , stdio_fputc_callee_c, code_compiler, stdio/fputc_callee.c::wrapper_fputc_callee::0::0:20
_wrapper_fputc_callee_8080      = $8305 ; addr, local, , stdio_fputc_callee_c, code_compiler, stdio/fputc_callee.c::wrapper_fputc_callee_8080::0::2:128
_wrapper_fputc_callee_z80       = $829E ; addr, local, , stdio_fputc_callee_c, code_compiler, stdio/fputc_callee.c::wrapper_fputc_callee_z80::0::1:54
_writebyte                      = $853A ; addr, public, , writebyte, code_clib, writebyte.asm:13
adjust_width                    = $83D3 ; addr, local, , __printf_print_aligned, code_clib, stdio/__printf_print_aligned.asm:36
asm_fputc_callee                = $829E ; addr, public, , stdio_fputc_callee_c, code_compiler, stdio/fputc_callee.c::wrapper_fputc_callee_z80::0::1:54
asm_printf                      = $8455 ; addr, public, , asm_printf, code_clib, stdio/asm_printf.asm:25
base_graphics                   = $8654 ; addr, public, , z80_crt0, bss_crt, /Users/painfuldiodes/z88dk/lib/config/../..//lib/crt/classic/crt_section.inc:105
buffer_done                     = $83F2 ; addr, local, , __printf_print_aligned, code_clib, stdio/__printf_print_aligned.asm:71
change_ap_decrement             = $84F3 ; addr, local, , get_16bit_ap_parameter, code_clib, stdio/get_16bit_ap_parameter.asm:34
check_long_qualifier            = $84C0 ; addr, local, , asm_printf, code_clib, stdio/asm_printf.asm:227
common                          = $80AD ; addr, local, , l_long_div_u, code_l_sccz80, ../_DEVELOPMENT/l/sccz80/5-z80/i32/l_long_div_u.asm:28
cont                            = $849A ; addr, local, , asm_printf, code_clib, stdio/asm_printf.asm:192
crt0_exit                       = $8096 ; addr, local, , z80_crt0, code_crt_exit, /Users/painfuldiodes/z88dk/lib/config/../..//lib/crt/classic/crt_section.inc:88
crt0_init                       = $806E ; addr, local, , z80_crt0, code_crt_init, /Users/painfuldiodes/z88dk/lib/config/../..//lib/crt/classic/crt_section.inc:25
divide_zero                     = $8584 ; addr, local, , l_small_divu_32_32x32, code_math, ../_DEVELOPMENT/math/integer/small/l_small_divu_32_32x32.asm:120
divloop                         = $8375 ; addr, local, , __printf_number, code_clib, stdio/__printf_number.asm:143
doprint_return                  = $8436 ; addr, local, , __printf_doprint, code_clib, stdio/__printf_doprint.asm:53
errno_mc                        = $858D ; addr, public, , errno_mc, code_error, ../_DEVELOPMENT/error/z80/errno_mc.asm:21
error_divide_by_zero_mc         = $858B ; addr, public, , error_divide_by_zero_mc, code_error, ../_DEVELOPMENT/error/z80/error_divide_by_zero_mc.asm:12
error_edom_mc                   = $858B ; addr, public, , error_edom_mc, code_error, ../_DEVELOPMENT/error/z80/error_edom_mc.asm:57
error_mc                        = $8598 ; addr, public, , error_mc, code_error, ../_DEVELOPMENT/error/z80/error_mc.asm:11
fchkstd                         = $8278 ; addr, public, , stdio_fchkstd_c, code_compiler, stdio/fchkstd.c::fchkstd::0::0:22
fgetc                           = $81DD ; addr, public, , stdio_fgetc_c, code_compiler, stdio/fgetc.c::fgetc::0::0:20
fgetc_cons                      = $8026 ; addr, public, , beanboard_asm, , /Users/painfuldiodes/Documents/GitHub/PainfulDiodes/BeanZeeBytes/c_examples/console_paint/../lib/marvin.asm:19
fgetc_end                       = $8275 ; addr, local, , stdio_fgetc_c, code_compiler, stdio/fgetc.c::fgetc::0::0:20
fp_desc                         = $0000 ; const, local, , stdio_fgetc_c, , /home/build/z88dk/build/z88dk/lib/config//../..//include/stdio.h:117
fp_desc                         = $0000 ; const, local, , stdio_fputc_callee_c, , /home/build/z88dk/build/z88dk/lib/config//../..//include/stdio.h:117
fp_extra                        = $0004 ; const, local, , stdio_fgetc_c, , /home/build/z88dk/build/z88dk/lib/config//../..//include/stdio.h:117
fp_extra                        = $0004 ; const, local, , stdio_fputc_callee_c, , /home/build/z88dk/build/z88dk/lib/config//../..//include/stdio.h:117
fp_flags                        = $0002 ; const, local, , stdio_fgetc_c, , /home/build/z88dk/build/z88dk/lib/config//../..//include/stdio.h:117
fp_flags                        = $0002 ; const, local, , stdio_fputc_callee_c, , /home/build/z88dk/build/z88dk/lib/config//../..//include/stdio.h:117
fp_ungetc                       = $0003 ; const, local, , stdio_fgetc_c, , /home/build/z88dk/build/z88dk/lib/config//../..//include/stdio.h:117
fputc_callee                    = $828F ; addr, public, , stdio_fputc_callee_c, code_compiler, stdio/fputc_callee.c::wrapper_fputc_callee::0::0:20
fputc_cons                      = $801D ; addr, public, , z80_crt0, , /Users/painfuldiodes/z88dk/lib/config/../..//lib/crt/classic/crt_runtime_selection.inc:530
fputc_cons_native               = $801D ; addr, public, , beanboard_asm, , /Users/painfuldiodes/Documents/GitHub/PainfulDiodes/BeanZeeBytes/c_examples/console_paint/../lib/marvin.asm:6
get_16bit_ap_parameter          = $84E6 ; addr, public, , get_16bit_ap_parameter, code_clib, stdio/get_16bit_ap_parameter.asm:12
get_32bit_ap_parameter          = $84F7 ; addr, public, , get_32bit_ap_parameter, code_clib, stdio/get_32bit_ap_parameter.asm:12
get_next_char                   = $84C8 ; addr, local, , asm_printf, code_clib, stdio/asm_printf.asm:235
getchar                         = $0023 ; const, local, , beanboard_asm, , ../../lib/beanboard.map:123
handle_percent                  = $84A3 ; addr, local, , asm_printf, code_clib, stdio/asm_printf.asm:199
handlelong                      = $0001 ; const, local, , __printf_number, code_clib, stdio/__printf_number.asm:21
i_1                             = $859D ; addr, local, , main_c, rodata_compiler, main.c::showCursor::0::7:59
is_eof                          = $826A ; addr, local, , stdio_fgetc_c, code_compiler, stdio/fgetc.c::fgetc::0::0:20
l0_divu_32_32x32                = $8542 ; addr, public, , l_divu_32_32x32, code_math, ../_DEVELOPMENT/math/integer/l_divu_32_32x32.asm:23
l0_small_divu_32_32x32          = $8542 ; addr, public, , l_small_divu_32_32x32, code_math, ../_DEVELOPMENT/math/integer/small/l_small_divu_32_32x32.asm:44
l1_small_divu_32_32x32          = $8550 ; addr, public, , l_small_divu_32_32x32, code_math, ../_DEVELOPMENT/math/integer/small/l_small_divu_32_32x32.asm:60
l_compare_result                = $80E6 ; addr, public, , l_compare_result, code_l_sccz80, ../_DEVELOPMENT/l/sccz80/9-common/l_compare_result.asm:6
l_dcal                          = $8014 ; addr, public, , z80_crt0, , /Users/painfuldiodes/z88dk/lib/config/../..//lib/target/z80/classic/z80_crt0.asm:85
l_divu_32_32x32                 = $853C ; addr, public, , l_divu_32_32x32, code_math, ../_DEVELOPMENT/math/integer/l_divu_32_32x32.asm:22
l_gchar1                        = $80CD ; addr, public, , l_gchar, code_l_sccz80, ../_DEVELOPMENT/l/sccz80/9-common/l_gchar.asm:17
l_gchar2                        = $80CC ; addr, public, , l_gchar, code_l_sccz80, ../_DEVELOPMENT/l/sccz80/9-common/l_gchar.asm:15
l_gchar3                        = $80CB ; addr, public, , l_gchar, code_l_sccz80, ../_DEVELOPMENT/l/sccz80/9-common/l_gchar.asm:13
l_gchar                         = $80CE ; addr, public, , l_gchar, code_l_sccz80, ../_DEVELOPMENT/l/sccz80/9-common/l_gchar.asm:19
l_gchar_sxt                     = $80CF ; addr, public, , l_gchar, code_l_sccz80, ../_DEVELOPMENT/l/sccz80/9-common/l_gchar.asm:25
l_ge                            = $80D4 ; addr, public, , l_ge, code_l_sccz80, ../_DEVELOPMENT/l/sccz80/9-common/l_ge.asm:13
l_gint8sp                       = $80EC ; addr, public, , l_gint8sp, code_l_sccz80, ../_DEVELOPMENT/l/sccz80/9-common/l_gint8sp.asm:10
l_gintspsp                      = $80C2 ; addr, public, , l_gintspsp, code_l_sccz80, ../_DEVELOPMENT/l/sccz80/8-8080/l_gintspsp.asm:10
l_int2long_s                    = $80BA ; addr, public, , int2long_s, code_l_sccz80, ../_DEVELOPMENT/l/sccz80/5-z80/int2long_s.asm:10
l_jphl                          = $80F5 ; addr, public, , l_jphl, code_l_sccz80, ../_DEVELOPMENT/l/sccz80/9-common/l_jphl.asm:7
l_long_div_u                    = $80AC ; addr, public, , l_long_div_u, code_l_sccz80, ../_DEVELOPMENT/l/sccz80/5-z80/i32/l_long_div_u.asm:26
l_long_mod_u                    = $80A9 ; addr, public, , l_long_div_u, code_l_sccz80, ../_DEVELOPMENT/l/sccz80/5-z80/i32/l_long_div_u.asm:23
l_long_neg                      = $8097 ; addr, public, , l_long_neg, code_l_sccz80, ../_DEVELOPMENT/l/sccz80/9-common/i32/l_long_neg.asm:12
l_neg_dehl                      = $8097 ; addr, public, , l_neg_dehl, code_l, ../_DEVELOPMENT/l/sccz80/9-common/i32/l_neg_dehl.asm:7
l_ret                           = $80F9 ; addr, public, , l_ret, code_l_sccz80, ../_DEVELOPMENT/l/sccz80/9-common/l_ret.asm:14
l_small_divu_32_32x32           = $853C ; addr, public, , l_small_divu_32_32x32, code_math, ../_DEVELOPMENT/math/integer/small/l_small_divu_32_32x32.asm:17
lcd_init                        = $021B ; const, local, , beanboard_asm, , ../../lib/beanboard.map:129
lcd_putchar                     = $0248 ; const, local, , beanboard_asm, , ../../lib/beanboard.map:130
lcd_putcmd                      = $0232 ; const, local, , beanboard_asm, , ../../lib/beanboard.map:131
lcd_puts                        = $02C3 ; const, local, , beanboard_asm, , ../../lib/beanboard.map:132
loop_0                          = $8553 ; addr, local, , l_small_divu_32_32x32, code_math, ../_DEVELOPMENT/math/integer/small/l_small_divu_32_32x32.asm:69
loop_1                          = $856F ; addr, local, , l_small_divu_32_32x32, code_math, ../_DEVELOPMENT/math/integer/small/l_small_divu_32_32x32.asm:94
marvin_gpio_in                  = $8052 ; addr, public, , beanboard_asm, , ../lib/beanboard.asm:54
marvin_gpio_out                 = $8058 ; addr, public, , beanboard_asm, , ../lib/beanboard.asm:64
marvin_keyscan_in               = $8060 ; addr, public, , beanboard_asm, , ../lib/beanboard.asm:77
marvin_keyscan_out              = $8066 ; addr, public, , beanboard_asm, , ../lib/beanboard.asm:87
marvin_lcd_init                 = $8046 ; addr, public, , beanboard_asm, , ../lib/beanboard.asm:34
marvin_lcd_putchar              = $8034 ; addr, public, , beanboard_asm, , ../lib/beanboard.asm:8
marvin_lcd_putcmd               = $803D ; addr, public, , beanboard_asm, , ../lib/beanboard.asm:21
marvin_lcd_puts                 = $804A ; addr, public, , beanboard_asm, , ../lib/beanboard.asm:42
marvin_readchar                 = $802D ; addr, public, , beanboard_asm, , /Users/painfuldiodes/Documents/GitHub/PainfulDiodes/BeanZeeBytes/c_examples/console_paint/../lib/marvin.asm:34
miniprintn                      = $8331 ; addr, local, , __printf_number, code_clib, stdio/__printf_number.asm:54
miniprintn_start_process        = $8373 ; addr, local, , __printf_number, code_clib, stdio/__printf_number.asm:139
no_cons                         = $82F7 ; addr, local, , stdio_fputc_callee_c, code_compiler, stdio/fputc_callee.c::wrapper_fputc_callee_z80::0::1:54
no_format_found                 = $84E2 ; addr, local, , asm_printf, code_clib, stdio/asm_printf.asm:265
no_format_match                 = $84DD ; addr, local, , asm_printf, code_clib, stdio/asm_printf.asm:260
no_inc                          = $8420 ; addr, local, , __printf_doprint, code_clib, stdio/__printf_doprint.asm:34
no_long_qualifier               = $84CA ; addr, local, , asm_printf, code_clib, stdio/asm_printf.asm:242
no_net                          = $82E8 ; addr, local, , stdio_fputc_callee_c, code_compiler, stdio/fputc_callee.c::wrapper_fputc_callee_z80::0::1:54
no_stdin                        = $8259 ; addr, local, , stdio_fgetc_c, code_compiler, stdio/fgetc.c::fgetc::0::0:20
no_string                       = $8230 ; addr, local, , stdio_fgetc_c, code_compiler, stdio/fgetc.c::fgetc::0::0:20
no_string                       = $82D3 ; addr, local, , stdio_fputc_callee_c, code_compiler, stdio/fputc_callee.c::wrapper_fputc_callee_z80::0::1:54
no_ungetc                       = $8201 ; addr, local, , stdio_fgetc_c, code_compiler, stdio/fgetc.c::fgetc::0::0:20
noneg                           = $8343 ; addr, local, , __printf_number, code_clib, stdio/__printf_number.asm:76
not_extra_fp                    = $8246 ; addr, local, , stdio_fgetc_c, code_compiler, stdio/fgetc.c::fgetc::0::0:20
pickuplong_sccz80               = $8507 ; addr, local, , get_32bit_ap_parameter, code_clib, stdio/get_32bit_ap_parameter.asm:33
print_buffer                    = $83DF ; addr, local, , __printf_print_aligned, code_clib, stdio/__printf_print_aligned.asm:55
print_buffer_end                = $83F2 ; addr, local, , __printf_print_aligned, code_clib, stdio/__printf_print_aligned.asm:74
print_char_to_buf               = $82BA ; addr, local, , stdio_fputc_callee_c, code_compiler, stdio/fputc_callee.c::wrapper_fputc_callee_z80::0::1:54
print_format_character          = $849E ; addr, local, , asm_printf, code_clib, stdio/asm_printf.asm:195
print_padding                   = $8400 ; addr, local, , __printf_print_aligned, code_clib, stdio/__printf_print_aligned.asm:87
print_padding_loop              = $83F4 ; addr, local, , __printf_print_aligned, code_clib, stdio/__printf_print_aligned.asm:76
printf                          = $8513 ; addr, public, , printf, code_clib, stdio/printf.asm:23
printf_number16                 = $8325 ; addr, local, , __printf_number, code_clib, stdio/__printf_number.asm:44
printlong                       = $8320 ; addr, local, , __printf_number, code_clib, stdio/__printf_number.asm:37
printloop1                      = $839C ; addr, local, , __printf_number, code_clib, stdio/__printf_number.asm:208
printloop                       = $838D ; addr, local, , __printf_number, code_clib, stdio/__printf_number.asm:195
printsign                       = $833E ; addr, local, , __printf_number, code_clib, stdio/__printf_number.asm:71
putchar                         = $0045 ; const, local, , beanboard_asm, , ../../lib/beanboard.map:135
readbyte                        = $8539 ; addr, public, , readbyte, code_clib, readbyte.asm:11
readchar                        = $002B ; const, local, , beanboard_asm, , ../../lib/beanboard.map:138
seteof                          = $826D ; addr, local, , stdio_fgetc_c, code_compiler, stdio/fgetc.c::fgetc::0::0:20
start                           = $8000 ; addr, local, , z80_crt0, , /Users/painfuldiodes/z88dk/lib/config/../..//lib/target/z80/classic/z80_crt0.asm:57
width_done                      = $83D6 ; addr, local, , __printf_print_aligned, code_clib, stdio/__printf_print_aligned.asm:49
writebyte                       = $853A ; addr, public, , writebyte, code_clib, writebyte.asm:12
